鐢熸垚鍚姩鏃堕棿涓?2026-06-10 13:48:40銆?
     1>椤圭洰鈥淒:\work\1-xk\code\lbl\AgentManagement.Avalonia.sln鈥濆湪鑺傜偣 1 涓?Restore 涓洰鏍?銆?
     1>ValidateSolutionConfiguration:
         姝ｅ湪鐢熸垚瑙ｅ喅鏂规閰嶇疆鈥淒ebug|Any CPU鈥濄€?
       ValidateProjects:
         鍦ㄨВ鍐虫柟妗堥厤缃€淒ebug|Any CPU鈥濅腑鏈€夊畾鐢熸垚椤圭洰鈥滄暟鏅鸿惀鈥濄€?
       _GetAllRestoreProjectPathItems:
         姝ｅ湪纭畾瑕佽繕鍘熺殑椤圭洰鈥?
     1>椤圭洰鈥淒:\work\1-xk\code\lbl\AgentManagement.Avalonia.sln鈥?1)姝ｅ湪鑺傜偣 1 涓婄敓鎴愨€淒:\work\1-xk\code\lbl\AgentManagement.Avalonia.csproj鈥?2:4) (_GenerateRestoreGraphProjectEntry 涓洰鏍?銆?
     2>C:\Program Files\dotnet\sdk\10.0.300\Sdks\Microsoft.NET.Sdk\targets\Microsoft.NET.EolTargetFrameworks.targets(32,5): warning NETSDK1138: 鐩爣妗嗘灦鈥渘et6.0鈥濅笉鍙楁敮鎸侊紝灏嗘潵涓嶄細鏀跺埌瀹夊叏鏇存柊銆傛湁鍏虫敮鎸佺瓥鐣ョ殑璇︾粏淇℃伅锛岃鍙傞槄 https://aka.ms/dotnet-core-support銆?[D:\work\1-xk\code\lbl\AgentManagement.Avalonia.csproj]
     2>宸插畬鎴愮敓鎴愰」鐩€淒:\work\1-xk\code\lbl\AgentManagement.Avalonia.csproj鈥?_GenerateRestoreGraphProjectEntry 涓洰鏍?鐨勬搷浣溿€?
     1>Restore:
         X.509 璇佷功閾鹃獙璇佸皢浣跨敤 .NET 閫夋嫨鐨勯粯璁や俊浠诲瓨鍌ㄨ繘琛屼唬鐮佺鍚嶃€?
         X.509 璇佷功閾鹃獙璇佸皢浣跨敤 .NET 閫夋嫨鐨勯粯璁や俊浠诲瓨鍌ㄨ繘琛屾椂闂存埑銆?
     1>D:\work\1-xk\code\lbl\AgentManagement.Avalonia.csproj : warning NU1603: AgentManagement.Avalonia 渚濊禆浜?Avalonia (>= 11.1.12)锛屼絾娌℃湁鎵惧埌 Avalonia 11.1.12銆傚凡鏀逛负瑙ｆ瀽 Avalonia 11.2.0銆?[D:\work\1-xk\code\lbl\AgentManagement.Avalonia.sln]
     1>D:\work\1-xk\code\lbl\AgentManagement.Avalonia.csproj : warning NU1603: AgentManagement.Avalonia 渚濊禆浜?Avalonia.Controls.DataGrid (>= 11.1.12)锛屼絾娌℃湁鎵惧埌 Avalonia.Controls.DataGrid 11.1.12銆傚凡鏀逛负瑙ｆ瀽 Avalonia.Controls.DataGrid 11.2.0銆?[D:\work\1-xk\code\lbl\AgentManagement.Avalonia.sln]
     1>D:\work\1-xk\code\lbl\AgentManagement.Avalonia.csproj : warning NU1603: AgentManagement.Avalonia 渚濊禆浜?Avalonia.Desktop (>= 11.1.12)锛屼絾娌℃湁鎵惧埌 Avalonia.Desktop 11.1.12銆傚凡鏀逛负瑙ｆ瀽 Avalonia.Desktop 11.2.0銆?[D:\work\1-xk\code\lbl\AgentManagement.Avalonia.sln]
     1>D:\work\1-xk\code\lbl\AgentManagement.Avalonia.csproj : warning NU1603: AgentManagement.Avalonia 渚濊禆浜?Avalonia.Diagnostics (>= 11.1.12)锛屼絾娌℃湁鎵惧埌 Avalonia.Diagnostics 11.1.12銆傚凡鏀逛负瑙ｆ瀽 Avalonia.Diagnostics 11.2.0銆?[D:\work\1-xk\code\lbl\AgentManagement.Avalonia.sln]
     1>D:\work\1-xk\code\lbl\AgentManagement.Avalonia.csproj : warning NU1603: AgentManagement.Avalonia 渚濊禆浜?Avalonia.Fonts.Inter (>= 11.1.12)锛屼絾娌℃湁鎵惧埌 Avalonia.Fonts.Inter 11.1.12銆傚凡鏀逛负瑙ｆ瀽 Avalonia.Fonts.Inter 11.2.0銆?[D:\work\1-xk\code\lbl\AgentManagement.Avalonia.sln]
     1>D:\work\1-xk\code\lbl\AgentManagement.Avalonia.csproj : warning NU1603: AgentManagement.Avalonia 渚濊禆浜?Avalonia.Themes.Fluent (>= 11.1.12)锛屼絾娌℃湁鎵惧埌 Avalonia.Themes.Fluent 11.1.12銆傚凡鏀逛负瑙ｆ瀽 Avalonia.Themes.Fluent 11.2.0銆?[D:\work\1-xk\code\lbl\AgentManagement.Avalonia.sln]
     1>D:\work\1-xk\code\lbl\AgentManagement.Avalonia.csproj : warning NU1603: AgentManagement.Avalonia 渚濊禆浜?MessageBox.Avalonia (>= 3.1.2.1)锛屼絾娌℃湁鎵惧埌 MessageBox.Avalonia 3.1.2.1銆傚凡鏀逛负瑙ｆ瀽 MessageBox.Avalonia 3.1.3銆?[D:\work\1-xk\code\lbl\AgentManagement.Avalonia.sln]
         璧勪骇鏂囦欢鏈敼鍙樸€傝烦杩囪祫浜ф枃浠跺啓鍏ャ€傝矾寰? D:\work\1-xk\code\lbl\obj\project.assets.json
         宸茶繕鍘?D:\work\1-xk\code\lbl\AgentManagement.Avalonia.csproj (鐢ㄦ椂 68 姣)銆?
         
         浣跨敤鐨?NuGet 閰嶇疆鏂囦欢:
             C:\Users\otinz\AppData\Roaming\NuGet\NuGet.Config
             C:\Program Files (x86)\NuGet\Config\Microsoft.VisualStudio.FallbackLocation.config
             C:\Program Files (x86)\NuGet\Config\Microsoft.VisualStudio.Offline.config
         
         浣跨敤鐨勬簮:
             https://api.nuget.org/v3/index.json
             C:\Program Files (x86)\Microsoft SDKs\NuGetPackages\
             C:\Program Files\dotnet\library-packs
         鎵€鏈夐」鐩潎鏄渶鏂扮殑锛屾棤娉曡繕鍘熴€?
     1>宸插畬鎴愮敓鎴愰」鐩€淒:\work\1-xk\code\lbl\AgentManagement.Avalonia.sln鈥?Restore 涓洰鏍?鐨勬搷浣溿€?
   1:2>鑺傜偣 1 涓婄殑椤圭洰鈥淒:\work\1-xk\code\lbl\AgentManagement.Avalonia.sln鈥?榛樿鐩爣)銆?
     1>ValidateSolutionConfiguration:
         姝ｅ湪鐢熸垚瑙ｅ喅鏂规閰嶇疆鈥淒ebug|Any CPU鈥濄€?
       ValidateProjects:
         鍦ㄨВ鍐虫柟妗堥厤缃€淒ebug|Any CPU鈥濅腑鏈€夊畾鐢熸垚椤圭洰鈥滄暟鏅鸿惀鈥濄€?
   1:2>椤圭洰鈥淒:\work\1-xk\code\lbl\AgentManagement.Avalonia.sln鈥?1:2)姝ｅ湪鑺傜偣 1 涓婄敓鎴愨€淒:\work\1-xk\code\lbl\AgentManagement.Avalonia.csproj鈥?2:6) (榛樿鐩爣)銆?
     2>C:\Program Files\dotnet\sdk\10.0.300\Sdks\Microsoft.NET.Sdk\targets\Microsoft.NET.EolTargetFrameworks.targets(32,5): warning NETSDK1138: 鐩爣妗嗘灦鈥渘et6.0鈥濅笉鍙楁敮鎸侊紝灏嗘潵涓嶄細鏀跺埌瀹夊叏鏇存柊銆傛湁鍏虫敮鎸佺瓥鐣ョ殑璇︾粏淇℃伅锛岃鍙傞槄 https://aka.ms/dotnet-core-support銆?[D:\work\1-xk\code\lbl\AgentManagement.Avalonia.csproj]
     2>D:\work\1-xk\code\lbl\AgentManagement.Avalonia.csproj : warning NU1603: AgentManagement.Avalonia 渚濊禆浜?Avalonia (>= 11.1.12)锛屼絾娌℃湁鎵惧埌 Avalonia 11.1.12銆傚凡鏀逛负瑙ｆ瀽 Avalonia 11.2.0銆?
     2>D:\work\1-xk\code\lbl\AgentManagement.Avalonia.csproj : warning NU1603: AgentManagement.Avalonia 渚濊禆浜?Avalonia.Controls.DataGrid (>= 11.1.12)锛屼絾娌℃湁鎵惧埌 Avalonia.Controls.DataGrid 11.1.12銆傚凡鏀逛负瑙ｆ瀽 Avalonia.Controls.DataGrid 11.2.0銆?
     2>D:\work\1-xk\code\lbl\AgentManagement.Avalonia.csproj : warning NU1603: AgentManagement.Avalonia 渚濊禆浜?Avalonia.Desktop (>= 11.1.12)锛屼絾娌℃湁鎵惧埌 Avalonia.Desktop 11.1.12銆傚凡鏀逛负瑙ｆ瀽 Avalonia.Desktop 11.2.0銆?
     2>D:\work\1-xk\code\lbl\AgentManagement.Avalonia.csproj : warning NU1603: AgentManagement.Avalonia 渚濊禆浜?Avalonia.Diagnostics (>= 11.1.12)锛屼絾娌℃湁鎵惧埌 Avalonia.Diagnostics 11.1.12銆傚凡鏀逛负瑙ｆ瀽 Avalonia.Diagnostics 11.2.0銆?
     2>D:\work\1-xk\code\lbl\AgentManagement.Avalonia.csproj : warning NU1603: AgentManagement.Avalonia 渚濊禆浜?Avalonia.Fonts.Inter (>= 11.1.12)锛屼絾娌℃湁鎵惧埌 Avalonia.Fonts.Inter 11.1.12銆傚凡鏀逛负瑙ｆ瀽 Avalonia.Fonts.Inter 11.2.0銆?
     2>D:\work\1-xk\code\lbl\AgentManagement.Avalonia.csproj : warning NU1603: AgentManagement.Avalonia 渚濊禆浜?Avalonia.Themes.Fluent (>= 11.1.12)锛屼絾娌℃湁鎵惧埌 Avalonia.Themes.Fluent 11.1.12銆傚凡鏀逛负瑙ｆ瀽 Avalonia.Themes.Fluent 11.2.0銆?
     2>D:\work\1-xk\code\lbl\AgentManagement.Avalonia.csproj : warning NU1603: AgentManagement.Avalonia 渚濊禆浜?MessageBox.Avalonia (>= 3.1.2.1)锛屼絾娌℃湁鎵惧埌 MessageBox.Avalonia 3.1.2.1銆傚凡鏀逛负瑙ｆ瀽 MessageBox.Avalonia 3.1.3銆?
     2>GenerateAvaloniaResources:
       姝ｅ湪璺宠繃鐩爣鈥淕enerateAvaloniaResources鈥濓紝鍥犱负鎵€鏈夎緭鍑烘枃浠剁浉瀵逛簬杈撳叆鏂囦欢鑰岃█閮芥槸鏈€鏂扮殑銆?
       GenerateTargetFrameworkMonikerAttribute:
       姝ｅ湪璺宠繃鐩爣鈥淕enerateTargetFrameworkMonikerAttribute鈥濓紝鍥犱负鎵€鏈夎緭鍑烘枃浠剁浉瀵逛簬杈撳叆鏂囦欢鑰岃█閮芥槸鏈€鏂扮殑銆?
       CoreGenerateAssemblyInfo:
       姝ｅ湪璺宠繃鐩爣鈥淐oreGenerateAssemblyInfo鈥濓紝鍥犱负鎵€鏈夎緭鍑烘枃浠剁浉瀵逛簬杈撳叆鏂囦欢鑰岃█閮芥槸鏈€鏂扮殑銆?
       _GenerateSourceLinkFile:
         Source Link 涓虹┖锛屽垯鏂囦欢 "obj\Debug\net6.0\AgentManagement.Avalonia.sourcelink.json" 涓嶅瓨鍦ㄣ€?
       CoreCompile:
         Setting DOTNET_ROOT to 'C:\Program Files\dotnet'
         C:\Program Files\dotnet\sdk\10.0.300\Roslyn\bincore\csc.exe /noconfig /unsafe+ /checked- /nowarn:1701,1702,1701,1702,8002 /fullpaths /nostdlib+ /errorreport:prompt /warn:6 /define:DEBUG;TRACE;DEBUG;NET;NET6_0;NETCOREAPP;NET5_0_OR_GREATER;NET6_0_OR_GREATER;NETCOREAPP1_0_OR_GREATER;NETCOREAPP1_1_OR_GREATER;NETCOREAPP2_0_OR_GREATER;NETCOREAPP2_1_OR_GREATER;NETCOREAPP2_2_OR_GREATER;NETCOREAPP3_0_OR_GREATER;NETCOREAPP3_1_OR_GREATER /highentropyva+ /nullable:enable /reference:C:\Users\otinz\.nuget\packages\avalonia\11.2.0\ref\net6.0\Avalonia.Base.dll /reference:C:\Users\otinz\.nuget\packages\avalonia.controls.colorpicker\11.2.0\lib\net6.0\Avalonia.Controls.ColorPicker.dll /reference:C:\Users\otinz\.nuget\packages\avalonia.controls.datagrid\11.2.0\lib\net6.0\Avalonia.Controls.DataGrid.dll /reference:C:\Users\otinz\.nuget\packages\avalonia\11.2.0\ref\net6.0\Avalonia.Controls.dll /reference:C:\Users\otinz\.nuget\packages\avalonia\11.2.0\ref\net6.0\Avalonia.DesignerSupport.dll /reference:C:\Users\otinz\.nuget\packages\avalonia.desktop\11.2.0\lib\net6.0\Avalonia.Desktop.dll /reference:C:\Users\otinz\.nuget\packages\avalonia.diagnostics\11.2.0\lib\net6.0\Avalonia.Diagnostics.dll /reference:C:\Users\otinz\.nuget\packages\avalonia\11.2.0\ref\net6.0\Avalonia.Dialogs.dll /reference:C:\Users\otinz\.nuget\packages\avalonia\11.2.0\ref\net6.0\Avalonia.dll /reference:C:\Users\otinz\.nuget\packages\avalonia.fonts.inter\11.2.0\lib\net6.0\Avalonia.Fonts.Inter.dll /reference:C:\Users\otinz\.nuget\packages\avalonia.freedesktop\11.2.0\lib\net6.0\Avalonia.FreeDesktop.dll /reference:C:\Users\otinz\.nuget\packages\avalonia\11.2.0\ref\net6.0\Avalonia.Markup.dll /reference:C:\Users\otinz\.nuget\packages\avalonia\11.2.0\ref\net6.0\Avalonia.Markup.Xaml.dll /reference:C:\Users\otinz\.nuget\packages\avalonia\11.2.0\ref\net6.0\Avalonia.Metal.dll /reference:C:\Users\otinz\.nuget\packages\avalonia\11.2.0\ref\net6.0\Avalonia.MicroCom.dll /reference:C:\Users\otinz\.nuget\packages\avalonia.native\11.2.0\lib\net6.0\Avalonia.Native.dll /reference:C:\Users\otinz\.nuget\packages\avalonia\11.2.0\ref\net6.0\Avalonia.OpenGL.dll /reference:C:\Users\otinz\.nuget\packages\avalonia.remote.protocol\11.2.0\lib\net6.0\Avalonia.Remote.Protocol.dll /reference:C:\Users\otinz\.nuget\packages\avalonia.skia\11.2.0\lib\net6.0\Avalonia.Skia.dll /reference:C:\Users\otinz\.nuget\packages\avalonia.themes.fluent\11.2.0\lib\net6.0\Avalonia.Themes.Fluent.dll /reference:C:\Users\otinz\.nuget\packages\avalonia.themes.simple\11.2.0\lib\net6.0\Avalonia.Themes.Simple.dll /reference:C:\Users\otinz\.nuget\packages\avalonia\11.2.0\ref\net6.0\Avalonia.Vulkan.dll /reference:C:\Users\otinz\.nuget\packages\avalonia.win32\11.2.0\lib\net6.0\Avalonia.Win32.dll /reference:C:\Users\otinz\.nuget\packages\avalonia.x11\11.2.0\lib\net6.0\Avalonia.X11.dll /reference:C:\Users\otinz\.nuget\packages\portable.bouncycastle\1.9.0\lib\netstandard2.0\BouncyCastle.Crypto.dll /reference:C:\Users\otinz\.nuget\packages\colortextblock.avalonia\11.0.0-d1\lib\net6.0\ColorTextBlock.Avalonia.dll /reference:C:\Users\otinz\.nuget\packages\communitytoolkit.mvvm\8.2.2\lib\net6.0\CommunityToolkit.Mvvm.dll /reference:C:\Users\otinz\.nuget\packages\dialoghost.avalonia\0.7.6\lib\netstandard2.0\DialogHost.Avalonia.dll /reference:C:\Users\otinz\.nuget\packages\entityframework\6.4.4\lib\netstandard2.1\EntityFramework.dll /reference:C:\Users\otinz\.nuget\packages\entityframework\6.4.4\lib\netstandard2.1\EntityFramework.SqlServer.dll /reference:C:\Users\otinz\.nuget\packages\enums.net\4.0.0\lib\netcoreapp3.0\Enums.NET.dll /reference:C:\Users\otinz\.nuget\packages\harfbuzzsharp\7.3.0.2\lib\net6.0\HarfBuzzSharp.dll /reference:C:\Users\otinz\.nuget\packages\sharpziplib\1.3.3\lib\netstandard2.1\ICSharpCode.SharpZipLib.dll /reference:C:\Users\otinz\.nuget\packages\livechartscore\2.0.0-rc2\lib\net6.0\LiveChartsCore.dll /reference:C:\Users\otinz\.nuget\packages\livechartscore.skiasharpview.avalonia\2.0.0-rc2\lib\net6.0\LiveChartsCore.SkiaSharpView.Avalonia.dll /reference:C:\Users\otinz\.nuget\packages\livechartscore.skiasharpview\2.0.0-rc2\lib\net6.0\LiveChartsCore.SkiaSharpView.dll /reference:C:\Users\otinz\.nuget\packages\markdown.avalonia.tight\11.0.0-d1\lib\net6.0\Markdown.Avalonia.dll /reference:C:\Users\otinz\.nuget\packages\mathnet.numerics.signed\4.15.0\lib\netstandard2.0\MathNet.Numerics.dll /reference:C:\Users\otinz\.nuget\packages\microcom.runtime\0.11.0\lib\net5.0\MicroCom.Runtime.dll /reference:C:\Users\otinz\.nuget\packages\microsoft.netcore.app.ref\6.0.36\ref\net6.0\Microsoft.CSharp.dll /reference:C:\Users\otinz\.nuget\packages\microsoft.data.sqlite.core\6.0.35\lib\net6.0\Microsoft.Data.Sqlite.dll /reference:C:\Users\otinz\.nuget\packages\microsoft.entityframeworkcore.abstractions\6.0.35\lib\net6.0\Microsoft.EntityFrameworkCore.Abstractions.dll /reference:C:\Users\otinz\.nuget\packages\microsoft.entityframeworkcore\6.0.35\lib\net6.0\Microsoft.EntityFrameworkCore.dll /reference:C:\Users\otinz\.nuget\packages\microsoft.entityframeworkcore.relational\6.0.35\lib\net6.0\Microsoft.EntityFrameworkCore.Relational.dll /reference:C:\Users\otinz\.nuget\packages\microsoft.entityframeworkcore.sqlite.core\6.0.35\lib\net6.0\Microsoft.EntityFrameworkCore.Sqlite.dll /reference:C:\Users\otinz\.nuget\packages\microsoft.extensions.caching.abstractions\6.0.0\lib\netstandard2.0\Microsoft.Extensions.Caching.Abstractions.dll /reference:C:\Users\otinz\.nuget\packages\microsoft.extensions.caching.memory\6.0.2\lib\netstandard2.0\Microsoft.Extensions.Caching.Memory.dll /reference:C:\Users\otinz\.nuget\packages\microsoft.extensions.configuration.abstractions\6.0.0\lib\netstandard2.0\Microsoft.Extensions.Configuration.Abstractions.dll /reference:C:\Users\otinz\.nuget\packages\microsoft.extensions.dependencyinjection.abstractions\6.0.0\lib\net6.0\Microsoft.Extensions.DependencyInjection.Abstractions.dll /reference:C:\Users\otinz\.nuget\packages\microsoft.extensions.dependencyinjection\6.0.1\lib\net6.0\Microsoft.Extensions.DependencyInjection.dll /reference:C:\Users\otinz\.nuget\packages\microsoft.extensions.dependencymodel\6.0.1\lib\netstandard2.0\Microsoft.Extensions.DependencyModel.dll /reference:C:\Users\otinz\.nuget\packages\microsoft.extensions.logging.abstractions\6.0.4\lib\net6.0\Microsoft.Extensions.Logging.Abstractions.dll /reference:C:\Users\otinz\.nuget\packages\microsoft.extensions.logging\6.0.0\lib\netstandard2.1\Microsoft.Extensions.Logging.dll /reference:C:\Users\otinz\.nuget\packages\microsoft.extensions.options\6.0.0\lib\netstandard2.1\Microsoft.Extensions.Options.dll /reference:C:\Users\otinz\.nuget\packages\microsoft.extensions.primitives\6.0.0\lib\net6.0\Microsoft.Extensions.Primitives.dll /reference:C:\Users\otinz\.nuget\packages\microsoft.io.recyclablememorystream\2.2.0\lib\net5.0\Microsoft.IO.RecyclableMemoryStream.dll /reference:C:\Users\otinz\.nuget\packages\microsoft.netcore.app.ref\6.0.36\ref\net6.0\Microsoft.VisualBasic.Core.dll /reference:C:\Users\otinz\.nuget\packages\microsoft.netcore.app.ref\6.0.36\ref\net6.0\Microsoft.VisualBasic.dll /reference:C:\Users\otinz\.nuget\packages\microsoft.netcore.app.ref\6.0.36\ref\net6.0\Microsoft.Win32.Primitives.dll /reference:C:\Users\otinz\.nuget\packages\microsoft.netcore.app.ref\6.0.36\ref\net6.0\Microsoft.Win32.Registry.dll /reference:C:\Users\otinz\.nuget\packages\microsoft.win32.systemevents\6.0.0\lib\net6.0\Microsoft.Win32.SystemEvents.dll /reference:C:\Users\otinz\.nuget\packages\messagebox.avalonia\3.1.3\lib\netstandard2.0\MsBox.Avalonia.dll /reference:C:\Users\otinz\.nuget\packages\microsoft.netcore.app.ref\6.0.36\ref\net6.0\mscorlib.dll /reference:C:\Users\otinz\.nuget\packages\microsoft.netcore.app.ref\6.0.36\ref\net6.0\netstandard.dll /reference:C:\Users\otinz\.nuget\packages\newtonsoft.json\13.0.3\lib\net6.0\Newtonsoft.Json.dll /reference:C:\Users\otinz\.nuget\packages\npoi\2.6.0\lib\net6.0\NPOI.dll /reference:C:\Users\otinz\.nuget\packages\npoi\2.6.0\lib\net6.0\NPOI.OOXML.dll /reference:C:\Users\otinz\.nuget\packages\npoi\2.6.0\lib\net6.0\NPOI.OpenXml4Net.dll /reference:C:\Users\otinz\.nuget\packages\npoi\2.6.0\lib\net6.0\NPOI.OpenXmlFormats.dll /reference:C:\Users\otinz\.nuget\packages\sixlabors.fonts\1.0.0-beta18\lib\netcoreapp3.1\SixLabors.Fonts.dll /reference:C:\Users\otinz\.nuget\packages\sixlabors.imagesharp\2.1.3\lib\netcoreapp3.1\SixLabors.ImageSharp.dll /reference:C:\Users\otinz\.nuget\packages\skiasharp\2.88.8\lib\net6.0\SkiaSharp.dll /reference:C:\Users\otinz\.nuget\packages\skiasharp.harfbuzz\2.88.6\lib\net6.0\SkiaSharp.HarfBuzz.dll /reference:C:\Users\otinz\.nuget\packages\sqlitepclraw.bundle_e_sqlite3\2.1.2\lib\netstandard2.0\SQLitePCLRaw.batteries_v2.dll /reference:C:\Users\otinz\.nuget\packages\sqlitepclraw.core\2.1.2\lib\netstandard2.0\SQLitePCLRaw.core.dll /reference:C:\Users\otinz\.nuget\packages\sqlitepclraw.provider.e_sqlite3\2.1.2\lib\net6.0\SQLitePCLRaw.provider.e_sqlite3.dll /reference:C:\Users\otinz\.nuget\packages\microsoft.netcore.app.ref\6.0.36\ref\net6.0\System.AppContext.dll /reference:C:\Users\otinz\.nuget\packages\microsoft.netcore.app.ref\6.0.36\ref\net6.0\System.Buffers.dll /reference:C:\Users\otinz\.nuget\packages\system.codedom\4.7.0\ref\netstandard2.0\System.CodeDom.dll /reference:C:\Users\otinz\.nuget\packages\microsoft.netcore.app.ref\6.0.36\ref\net6.0\System.Collections.Concurrent.dll /reference:C:\Users\otinz\.nuget\packages\microsoft.netcore.app.ref\6.0.36\ref\net6.0\System.Collections.dll /reference:C:\Users\otinz\.nuget\packages\microsoft.netcore.app.ref\6.0.36\ref\net6.0\System.Collections.Immutable.dll /reference:C:\Users\otinz\.nuget\packages\microsoft.netcore.app.ref\6.0.36\ref\net6.0\System.Collections.NonGeneric.dll /reference:C:\Users\otinz\.nuget\packages\microsoft.netcore.app.ref\6.0.36\ref\net6.0\System.Collections.Specialized.dll /reference:C:\Users\otinz\.nuget\packages\microsoft.netcore.app.ref\6.0.36\ref\net6.0\System.ComponentModel.Annotations.dll /reference:C:\Users\otinz\.nuget\packages\microsoft.netcore.app.ref\6.0.36\ref\net6.0\System.ComponentModel.DataAnnotations.dll /reference:C:\Users\otinz\.nuget\packages\microsoft.netcore.app.ref\6.0.36\ref\net6.0\System.ComponentModel.dll /reference:C:\Users\otinz\.nuget\packages\microsoft.netcore.app.ref\6.0.36\ref\net6.0\System.ComponentModel.EventBasedAsync.dll /reference:C:\Users\otinz\.nuget\packages\microsoft.netcore.app.ref\6.0.36\ref\net6.0\System.ComponentModel.Primitives.dll /reference:C:\Users\otinz\.nuget\packages\microsoft.netcore.app.ref\6.0.36\ref\net6.0\System.ComponentModel.TypeConverter.dll /reference:C:\Users\otinz\.nuget\packages\system.configuration.configurationmanager\6.0.0\lib\net6.0\System.Configuration.ConfigurationManager.dll /reference:C:\Users\otinz\.nuget\packages\microsoft.netcore.app.ref\6.0.36\ref\net6.0\System.Configuration.dll /reference:C:\Users\otinz\.nuget\packages\microsoft.netcore.app.ref\6.0.36\ref\net6.0\System.Console.dll /reference:C:\Users\otinz\.nuget\packages\microsoft.netcore.app.ref\6.0.36\ref\net6.0\System.Core.dll /reference:C:\Users\otinz\.nuget\packages\microsoft.netcore.app.ref\6.0.36\ref\net6.0\System.Data.Common.dll /reference:C:\Users\otinz\.nuget\packages\microsoft.netcore.app.ref\6.0.36\ref\net6.0\System.Data.DataSetExtensions.dll /reference:C:\Users\otinz\.nuget\packages\microsoft.netcore.app.ref\6.0.36\ref\net6.0\System.Data.dll /reference:C:\Users\otinz\.nuget\packages\system.data.sqlclient\4.8.1\ref\netcoreapp2.1\System.Data.SqlClient.dll /reference:C:\Users\otinz\.nuget\packages\stub.system.data.sqlite.core.netstandard\1.0.117\lib\netstandard2.1\System.Data.SQLite.dll /reference:C:\Users\otinz\.nuget\packages\system.data.sqlite.ef6\1.0.117\lib\netstandard2.1\System.Data.SQLite.EF6.dll /reference:C:\Users\otinz\.nuget\packages\microsoft.netcore.app.ref\6.0.36\ref\net6.0\System.Diagnostics.Contracts.dll /reference:C:\Users\otinz\.nuget\packages\microsoft.netcore.app.ref\6.0.36\ref\net6.0\System.Diagnostics.Debug.dll /reference:C:\Users\otinz\.nuget\packages\microsoft.netcore.app.ref\6.0.36\ref\net6.0\System.Diagnostics.DiagnosticSource.dll /reference:C:\Users\otinz\.nuget\packages\microsoft.netcore.app.ref\6.0.36\ref\net6.0\System.Diagnostics.FileVersionInfo.dll /reference:C:\Users\otinz\.nuget\packages\microsoft.netcore.app.ref\6.0.36\ref\net6.0\System.Diagnostics.Process.dll /reference:C:\Users\otinz\.nuget\packages\microsoft.netcore.app.ref\6.0.36\ref\net6.0\System.Diagnostics.StackTrace.dll /reference:C:\Users\otinz\.nuget\packages\microsoft.netcore.app.ref\6.0.36\ref\net6.0\System.Diagnostics.TextWriterTraceListener.dll /reference:C:\Users\otinz\.nuget\packages\microsoft.netcore.app.ref\6.0.36\ref\net6.0\System.Diagnostics.Tools.dll /reference:C:\Users\otinz\.nuget\packages\microsoft.netcore.app.ref\6.0.36\ref\net6.0\System.Diagnostics.TraceSource.dll /reference:C:\Users\otinz\.nuget\packages\microsoft.netcore.app.ref\6.0.36\ref\net6.0\System.Diagnostics.Tracing.dll /reference:C:\Users\otinz\.nuget\packages\microsoft.netcore.app.ref\6.0.36\ref\net6.0\System.dll /reference:C:\Users\otinz\.nuget\packages\system.drawing.common\6.0.0\lib\net6.0\System.Drawing.Common.dll /reference:C:\Users\otinz\.nuget\packages\microsoft.netcore.app.ref\6.0.36\ref\net6.0\System.Drawing.dll /reference:C:\Users\otinz\.nuget\packages\microsoft.netcore.app.ref\6.0.36\ref\net6.0\System.Drawing.Primitives.dll /reference:C:\Users\otinz\.nuget\packages\microsoft.netcore.app.ref\6.0.36\ref\net6.0\System.Dynamic.Runtime.dll /reference:C:\Users\otinz\.nuget\packages\microsoft.netcore.app.ref\6.0.36\ref\net6.0\System.Formats.Asn1.dll /reference:C:\Users\otinz\.nuget\packages\microsoft.netcore.app.ref\6.0.36\ref\net6.0\System.Globalization.Calendars.dll /reference:C:\Users\otinz\.nuget\packages\microsoft.netcore.app.ref\6.0.36\ref\net6.0\System.Globalization.dll /reference:C:\Users\otinz\.nuget\packages\microsoft.netcore.app.ref\6.0.36\ref\net6.0\System.Globalization.Extensions.dll /reference:C:\Users\otinz\.nuget\packages\microsoft.netcore.app.ref\6.0.36\ref\net6.0\System.IO.Compression.Brotli.dll /reference:C:\Users\otinz\.nuget\packages\microsoft.netcore.app.ref\6.0.36\ref\net6.0\System.IO.Compression.dll /reference:C:\Users\otinz\.nuget\packages\microsoft.netcore.app.ref\6.0.36\ref\net6.0\System.IO.Compression.FileSystem.dll /reference:C:\Users\otinz\.nuget\packages\microsoft.netcore.app.ref\6.0.36\ref\net6.0\System.IO.Compression.ZipFile.dll /reference:C:\Users\otinz\.nuget\packages\microsoft.netcore.app.ref\6.0.36\ref\net6.0\System.IO.dll /reference:C:\Users\otinz\.nuget\packages\microsoft.netcore.app.ref\6.0.36\ref\net6.0\System.IO.FileSystem.AccessControl.dll /reference:C:\Users\otinz\.nuget\packages\microsoft.netcore.app.ref\6.0.36\ref\net6.0\System.IO.FileSystem.dll /reference:C:\Users\otinz\.nuget\packages\microsoft.netcore.app.ref\6.0.36\ref\net6.0\System.IO.FileSystem.DriveInfo.dll /reference:C:\Users\otinz\.nuget\packages\microsoft.netcore.app.ref\6.0.36\ref\net6.0\System.IO.FileSystem.Primitives.dll /reference:C:\Users\otinz\.nuget\packages\microsoft.netcore.app.ref\6.0.36\ref\net6.0\System.IO.FileSystem.Watcher.dll /reference:C:\Users\otinz\.nuget\packages\microsoft.netcore.app.ref\6.0.36\ref\net6.0\System.IO.IsolatedStorage.dll /reference:C:\Users\otinz\.nuget\packages\microsoft.netcore.app.ref\6.0.36\ref\net6.0\System.IO.MemoryMappedFiles.dll /reference:C:\Users\otinz\.nuget\packages\system.io.pipelines\8.0.0\lib\net6.0\System.IO.Pipelines.dll /reference:C:\Users\otinz\.nuget\packages\microsoft.netcore.app.ref\6.0.36\ref\net6.0\System.IO.Pipes.AccessControl.dll /reference:C:\Users\otinz\.nuget\packages\microsoft.netcore.app.ref\6.0.36\ref\net6.0\System.IO.Pipes.dll /reference:C:\Users\otinz\.nuget\packages\microsoft.netcore.app.ref\6.0.36\ref\net6.0\System.IO.UnmanagedMemoryStream.dll /reference:C:\Users\otinz\.nuget\packages\microsoft.netcore.app.ref\6.0.36\ref\net6.0\System.Linq.dll /reference:C:\Users\otinz\.nuget\packages\microsoft.netcore.app.ref\6.0.36\ref\net6.0\System.Linq.Expressions.dll /reference:C:\Users\otinz\.nuget\packages\microsoft.netcore.app.ref\6.0.36\ref\net6.0\System.Linq.Parallel.dll /reference:C:\Users\otinz\.nuget\packages\microsoft.netcore.app.ref\6.0.36\ref\net6.0\System.Linq.Queryable.dll /reference:C:\Users\otinz\.nuget\packages\microsoft.netcore.app.ref\6.0.36\ref\net6.0\System.Memory.dll /reference:C:\Users\otinz\.nuget\packages\microsoft.netcore.app.ref\6.0.36\ref\net6.0\System.Net.dll /reference:C:\Users\otinz\.nuget\packages\microsoft.netcore.app.ref\6.0.36\ref\net6.0\System.Net.Http.dll /reference:C:\Users\otinz\.nuget\packages\microsoft.netcore.app.ref\6.0.36\ref\net6.0\System.Net.Http.Json.dll /reference:C:\Users\otinz\.nuget\packages\microsoft.netcore.app.ref\6.0.36\ref\net6.0\System.Net.HttpListener.dll /reference:C:\Users\otinz\.nuget\packages\microsoft.netcore.app.ref\6.0.36\ref\net6.0\System.Net.Mail.dll /reference:C:\Users\otinz\.nuget\packages\microsoft.netcore.app.ref\6.0.36\ref\net6.0\System.Net.NameResolution.dll /reference:C:\Users\otinz\.nuget\packages\microsoft.netcore.app.ref\6.0.36\ref\net6.0\System.Net.NetworkInformation.dll /reference:C:\Users\otinz\.nuget\packages\microsoft.netcore.app.ref\6.0.36\ref\net6.0\System.Net.Ping.dll /reference:C:\Users\otinz\.nuget\packages\microsoft.netcore.app.ref\6.0.36\ref\net6.0\System.Net.Primitives.dll /reference:C:\Users\otinz\.nuget\packages\microsoft.netcore.app.ref\6.0.36\ref\net6.0\System.Net.Requests.dll /reference:C:\Users\otinz\.nuget\packages\microsoft.netcore.app.ref\6.0.36\ref\net6.0\System.Net.Security.dll /reference:C:\Users\otinz\.nuget\packages\microsoft.netcore.app.ref\6.0.36\ref\net6.0\System.Net.ServicePoint.dll /reference:C:\Users\otinz\.nuget\packages\microsoft.netcore.app.ref\6.0.36\ref\net6.0\System.Net.Sockets.dll /reference:C:\Users\otinz\.nuget\packages\microsoft.netcore.app.ref\6.0.36\ref\net6.0\System.Net.WebClient.dll /reference:C:\Users\otinz\.nuget\packages\microsoft.netcore.app.ref\6.0.36\ref\net6.0\System.Net.WebHeaderCollection.dll /reference:C:\Users\otinz\.nuget\packages\microsoft.netcore.app.ref\6.0.36\ref\net6.0\System.Net.WebProxy.dll /reference:C:\Users\otinz\.nuget\packages\microsoft.netcore.app.ref\6.0.36\ref\net6.0\System.Net.WebSockets.Client.dll /reference:C:\Users\otinz\.nuget\packages\microsoft.netcore.app.ref\6.0.36\ref\net6.0\System.Net.WebSockets.dll /reference:C:\Users\otinz\.nuget\packages\microsoft.netcore.app.ref\6.0.36\ref\net6.0\System.Numerics.dll /reference:C:\Users\otinz\.nuget\packages\microsoft.netcore.app.ref\6.0.36\ref\net6.0\System.Numerics.Vectors.dll /reference:C:\Users\otinz\.nuget\packages\microsoft.netcore.app.ref\6.0.36\ref\net6.0\System.ObjectModel.dll /reference:C:\Users\otinz\.nuget\packages\system.reactive\6.0.0\lib\net6.0\System.Reactive.dll /reference:C:\Users\otinz\.nuget\packages\microsoft.netcore.app.ref\6.0.36\ref\net6.0\System.Reflection.DispatchProxy.dll /reference:C:\Users\otinz\.nuget\packages\microsoft.netcore.app.ref\6.0.36\ref\net6.0\System.Reflection.dll /reference:C:\Users\otinz\.nuget\packages\microsoft.netcore.app.ref\6.0.36\ref\net6.0\System.Reflection.Emit.dll /reference:C:\Users\otinz\.nuget\packages\microsoft.netcore.app.ref\6.0.36\ref\net6.0\System.Reflection.Emit.ILGeneration.dll /reference:C:\Users\otinz\.nuget\packages\microsoft.netcore.app.ref\6.0.36\ref\net6.0\System.Reflection.Emit.Lightweight.dll /reference:C:\Users\otinz\.nuget\packages\microsoft.netcore.app.ref\6.0.36\ref\net6.0\System.Reflection.Extensions.dll /reference:C:\Users\otinz\.nuget\packages\microsoft.netcore.app.ref\6.0.36\ref\net6.0\System.Reflection.Metadata.dll /reference:C:\Users\otinz\.nuget\packages\microsoft.netcore.app.ref\6.0.36\ref\net6.0\System.Reflection.Primitives.dll /reference:C:\Users\otinz\.nuget\packages\microsoft.netcore.app.ref\6.0.36\ref\net6.0\System.Reflection.TypeExtensions.dll /reference:C:\Users\otinz\.nuget\packages\microsoft.netcore.app.ref\6.0.36\ref\net6.0\System.Resources.Reader.dll /reference:C:\Users\otinz\.nuget\packages\microsoft.netcore.app.ref\6.0.36\ref\net6.0\System.Resources.ResourceManager.dll /reference:C:\Users\otinz\.nuget\packages\microsoft.netcore.app.ref\6.0.36\ref\net6.0\System.Resources.Writer.dll /reference:C:\Users\otinz\.nuget\packages\microsoft.netcore.app.ref\6.0.36\ref\net6.0\System.Runtime.CompilerServices.Unsafe.dll /reference:C:\Users\otinz\.nuget\packages\microsoft.netcore.app.ref\6.0.36\ref\net6.0\System.Runtime.CompilerServices.VisualC.dll /reference:C:\Users\otinz\.nuget\packages\microsoft.netcore.app.ref\6.0.36\ref\net6.0\System.Runtime.dll /reference:C:\Users\otinz\.nuget\packages\microsoft.netcore.app.ref\6.0.36\ref\net6.0\System.Runtime.Extensions.dll /reference:C:\Users\otinz\.nuget\packages\microsoft.netcore.app.ref\6.0.36\ref\net6.0\System.Runtime.Handles.dll /reference:C:\Users\otinz\.nuget\packages\microsoft.netcore.app.ref\6.0.36\ref\net6.0\System.Runtime.InteropServices.dll /reference:C:\Users\otinz\.nuget\packages\microsoft.netcore.app.ref\6.0.36\ref\net6.0\System.Runtime.InteropServices.RuntimeInformation.dll /reference:C:\Users\otinz\.nuget\packages\microsoft.netcore.app.ref\6.0.36\ref\net6.0\System.Runtime.Intrinsics.dll /reference:C:\Users\otinz\.nuget\packages\microsoft.netcore.app.ref\6.0.36\ref\net6.0\System.Runtime.Loader.dll /reference:C:\Users\otinz\.nuget\packages\microsoft.netcore.app.ref\6.0.36\ref\net6.0\System.Runtime.Numerics.dll /reference:C:\Users\otinz\.nuget\packages\microsoft.netcore.app.ref\6.0.36\ref\net6.0\System.Runtime.Serialization.dll /reference:C:\Users\otinz\.nuget\packages\microsoft.netcore.app.ref\6.0.36\ref\net6.0\System.Runtime.Serialization.Formatters.dll /reference:C:\Users\otinz\.nuget\packages\microsoft.netcore.app.ref\6.0.36\ref\net6.0\System.Runtime.Serialization.Json.dll /reference:C:\Users\otinz\.nuget\packages\microsoft.netcore.app.ref\6.0.36\ref\net6.0\System.Runtime.Serialization.Primitives.dll /reference:C:\Users\otinz\.nuget\packages\microsoft.netcore.app.ref\6.0.36\ref\net6.0\System.Runtime.Serialization.Xml.dll /reference:C:\Users\otinz\.nuget\packages\microsoft.netcore.app.ref\6.0.36\ref\net6.0\System.Security.AccessControl.dll /reference:C:\Users\otinz\.nuget\packages\microsoft.netcore.app.ref\6.0.36\ref\net6.0\System.Security.Claims.dll /reference:C:\Users\otinz\.nuget\packages\microsoft.netcore.app.ref\6.0.36\ref\net6.0\System.Security.Cryptography.Algorithms.dll /reference:C:\Users\otinz\.nuget\packages\microsoft.netcore.app.ref\6.0.36\ref\net6.0\System.Security.Cryptography.Cng.dll /reference:C:\Users\otinz\.nuget\packages\microsoft.netcore.app.ref\6.0.36\ref\net6.0\System.Security.Cryptography.Csp.dll /reference:C:\Users\otinz\.nuget\packages\microsoft.netcore.app.ref\6.0.36\ref\net6.0\System.Security.Cryptography.Encoding.dll /reference:C:\Users\otinz\.nuget\packages\microsoft.netcore.app.ref\6.0.36\ref\net6.0\System.Security.Cryptography.OpenSsl.dll /reference:C:\Users\otinz\.nuget\packages\system.security.cryptography.pkcs\6.0.1\lib\net6.0\System.Security.Cryptography.Pkcs.dll /reference:C:\Users\otinz\.nuget\packages\microsoft.netcore.app.ref\6.0.36\ref\net6.0\System.Security.Cryptography.Primitives.dll /reference:C:\Users\otinz\.nuget\packages\system.security.cryptography.protecteddata\6.0.0\lib\net6.0\System.Security.Cryptography.ProtectedData.dll /reference:C:\Users\otinz\.nuget\packages\microsoft.netcore.app.ref\6.0.36\ref\net6.0\System.Security.Cryptography.X509Certificates.dll /reference:C:\Users\otinz\.nuget\packages\system.security.cryptography.xml\6.0.1\lib\net6.0\System.Security.Cryptography.Xml.dll /reference:C:\Users\otinz\.nuget\packages\microsoft.netcore.app.ref\6.0.36\ref\net6.0\System.Security.dll /reference:C:\Users\otinz\.nuget\packages\system.security.permissions\6.0.0\lib\net6.0\System.Security.Permissions.dll /reference:C:\Users\otinz\.nuget\packages\microsoft.netcore.app.ref\6.0.36\ref\net6.0\System.Security.Principal.dll /reference:C:\Users\otinz\.nuget\packages\microsoft.netcore.app.ref\6.0.36\ref\net6.0\System.Security.Principal.Windows.dll /reference:C:\Users\otinz\.nuget\packages\microsoft.netcore.app.ref\6.0.36\ref\net6.0\System.Security.SecureString.dll /reference:C:\Users\otinz\.nuget\packages\microsoft.netcore.app.ref\6.0.36\ref\net6.0\System.ServiceModel.Web.dll /reference:C:\Users\otinz\.nuget\packages\microsoft.netcore.app.ref\6.0.36\ref\net6.0\System.ServiceProcess.dll /reference:C:\Users\otinz\.nuget\packages\microsoft.netcore.app.ref\6.0.36\ref\net6.0\System.Text.Encoding.CodePages.dll /reference:C:\Users\otinz\.nuget\packages\microsoft.netcore.app.ref\6.0.36\ref\net6.0\System.Text.Encoding.dll /reference:C:\Users\otinz\.nuget\packages\microsoft.netcore.app.ref\6.0.36\ref\net6.0\System.Text.Encoding.Extensions.dll /reference:C:\Users\otinz\.nuget\packages\microsoft.netcore.app.ref\6.0.36\ref\net6.0\System.Text.Encodings.Web.dll /reference:C:\Users\otinz\.nuget\packages\microsoft.netcore.app.ref\6.0.36\ref\net6.0\System.Text.Json.dll /reference:C:\Users\otinz\.nuget\packages\microsoft.netcore.app.ref\6.0.36\ref\net6.0\System.Text.RegularExpressions.dll /reference:C:\Users\otinz\.nuget\packages\microsoft.netcore.app.ref\6.0.36\ref\net6.0\System.Threading.Channels.dll /reference:C:\Users\otinz\.nuget\packages\microsoft.netcore.app.ref\6.0.36\ref\net6.0\System.Threading.dll /reference:C:\Users\otinz\.nuget\packages\microsoft.netcore.app.ref\6.0.36\ref\net6.0\System.Threading.Overlapped.dll /reference:C:\Users\otinz\.nuget\packages\microsoft.netcore.app.ref\6.0.36\ref\net6.0\System.Threading.Tasks.Dataflow.dll /reference:C:\Users\otinz\.nuget\packages\microsoft.netcore.app.ref\6.0.36\ref\net6.0\System.Threading.Tasks.dll /reference:C:\Users\otinz\.nuget\packages\microsoft.netcore.app.ref\6.0.36\ref\net6.0\System.Threading.Tasks.Extensions.dll /reference:C:\Users\otinz\.nuget\packages\microsoft.netcore.app.ref\6.0.36\ref\net6.0\System.Threading.Tasks.Parallel.dll /reference:C:\Users\otinz\.nuget\packages\microsoft.netcore.app.ref\6.0.36\ref\net6.0\System.Threading.Thread.dll /reference:C:\Users\otinz\.nuget\packages\microsoft.netcore.app.ref\6.0.36\ref\net6.0\System.Threading.ThreadPool.dll /reference:C:\Users\otinz\.nuget\packages\microsoft.netcore.app.ref\6.0.36\ref\net6.0\System.Threading.Timer.dll /reference:C:\Users\otinz\.nuget\packages\microsoft.netcore.app.ref\6.0.36\ref\net6.0\System.Transactions.dll /reference:C:\Users\otinz\.nuget\packages\microsoft.netcore.app.ref\6.0.36\ref\net6.0\System.Transactions.Local.dll /reference:C:\Users\otinz\.nuget\packages\microsoft.netcore.app.ref\6.0.36\ref\net6.0\System.ValueTuple.dll /reference:C:\Users\otinz\.nuget\packages\microsoft.netcore.app.ref\6.0.36\ref\net6.0\System.Web.dll /reference:C:\Users\otinz\.nuget\packages\microsoft.netcore.app.ref\6.0.36\ref\net6.0\System.Web.HttpUtility.dll /reference:C:\Users\otinz\.nuget\packages\microsoft.netcore.app.ref\6.0.36\ref\net6.0\System.Windows.dll /reference:C:\Users\otinz\.nuget\packages\system.windows.extensions\6.0.0\lib\net6.0\System.Windows.Extensions.dll /reference:C:\Users\otinz\.nuget\packages\microsoft.netcore.app.ref\6.0.36\ref\net6.0\System.Xml.dll /reference:C:\Users\otinz\.nuget\packages\microsoft.netcore.app.ref\6.0.36\ref\net6.0\System.Xml.Linq.dll /reference:C:\Users\otinz\.nuget\packages\microsoft.netcore.app.ref\6.0.36\ref\net6.0\System.Xml.ReaderWriter.dll /reference:C:\Users\otinz\.nuget\packages\microsoft.netcore.app.ref\6.0.36\ref\net6.0\System.Xml.Serialization.dll /reference:C:\Users\otinz\.nuget\packages\microsoft.netcore.app.ref\6.0.36\ref\net6.0\System.Xml.XDocument.dll /reference:C:\Users\otinz\.nuget\packages\microsoft.netcore.app.ref\6.0.36\ref\net6.0\System.Xml.XmlDocument.dll /reference:C:\Users\otinz\.nuget\packages\microsoft.netcore.app.ref\6.0.36\ref\net6.0\System.Xml.XmlSerializer.dll /reference:C:\Users\otinz\.nuget\packages\microsoft.netcore.app.ref\6.0.36\ref\net6.0\System.Xml.XPath.dll /reference:C:\Users\otinz\.nuget\packages\microsoft.netcore.app.ref\6.0.36\ref\net6.0\System.Xml.XPath.XDocument.dll /reference:C:\Users\otinz\.nuget\packages\tmds.dbus.protocol\0.20.0\lib\net6.0\Tmds.DBus.Protocol.dll /reference:C:\Users\otinz\.nuget\packages\microsoft.netcore.app.ref\6.0.36\ref\net6.0\WindowsBase.dll /debug+ /debug:full /filealign:512 /optimize- /out:obj\Debug\net6.0\AgentManagement.Avalonia.dll /refout:obj\Debug\net6.0\refint\AgentManagement.Avalonia.dll /resource:obj\Debug\net6.0\/Avalonia/resources,"!AvaloniaResources" /target:winexe /warnaserror- /utf8output /win32manifest:app.manifest /deterministic+ /langversion:10.0 /embed:Utils\NewApiClient.cs /embed:"obj\Debug\net6.0\.NETCoreApp,Version=v6.0.AssemblyAttributes.cs" /embed:obj\Debug\net6.0\AgentManagement.Avalonia.AssemblyInfo.cs /analyzerconfig:obj\Debug\net6.0\AgentManagement.Avalonia.GeneratedMSBuildEditorConfig.editorconfig /analyzerconfig:"C:\Program Files\dotnet\sdk\10.0.300\Sdks\Microsoft.NET.Sdk\analyzers\build\config\analysislevel_6_default.globalconfig" /analyzer:"C:\Program Files\dotnet\sdk\10.0.300\Sdks\Microsoft.NET.Sdk\targets\..\analyzers\Microsoft.CodeAnalysis.CSharp.NetAnalyzers.dll" /analyzer:"C:\Program Files\dotnet\sdk\10.0.300\Sdks\Microsoft.NET.Sdk\targets\..\analyzers\Microsoft.CodeAnalysis.NetAnalyzers.dll" /analyzer:C:\Users\otinz\.nuget\packages\avalonia\11.2.0\analyzers\dotnet\cs\Avalonia.Analyzers.dll /analyzer:C:\Users\otinz\.nuget\packages\avalonia\11.2.0\analyzers\dotnet\cs\Avalonia.Generators.dll /analyzer:C:\Users\otinz\.nuget\packages\communitytoolkit.mvvm\8.2.2\analyzers\dotnet\roslyn4.3\cs\CommunityToolkit.Mvvm.CodeFixers.dll /analyzer:C:\Users\otinz\.nuget\packages\communitytoolkit.mvvm\8.2.2\analyzers\dotnet\roslyn4.3\cs\CommunityToolkit.Mvvm.SourceGenerators.dll /analyzer:C:\Users\otinz\.nuget\packages\microsoft.entityframeworkcore.analyzers\6.0.35\analyzers\dotnet\cs\Microsoft.EntityFrameworkCore.Analyzers.dll /analyzer:C:\Users\otinz\.nuget\packages\microsoft.extensions.logging.abstractions\6.0.4\analyzers\dotnet\roslyn4.0\cs\Microsoft.Extensions.Logging.Generators.dll /analyzer:C:\Users\otinz\.nuget\packages\microsoft.netcore.app.ref\6.0.36\analyzers/dotnet/cs/System.Text.Json.SourceGeneration.dll /additionalfile:App.axaml /additionalfile:Controls\CascadingDeptSelector.axaml /additionalfile:Controls\CVPConfigPanel.axaml /additionalfile:Controls\DeptManagerAgentSelector.axaml /additionalfile:Controls\ProductSelectorDialog.axaml /additionalfile:Views\AgentManagementView.axaml /additionalfile:Views\AgentProductEditDialog.axaml /additionalfile:Views\CrmPortalView.axaml /additionalfile:Views\CVPAnalysisView.axaml /additionalfile:Views\DashboardView.axaml /additionalfile:Views\DataAnalysisView.axaml /additionalfile:Views\ImportOptionsDialog.axaml /additionalfile:Views\LoginView.axaml /additionalfile:Views\MainWindow.axaml /additionalfile:Views\MainWindowContentView.axaml /additionalfile:Views\MessageDialog.axaml /additionalfile:Views\MonitoringView.axaml /additionalfile:Views\rate\detailyear\CalculateYearResultPreview.axaml /additionalfile:Views\rate\detailyear\DetailYearImportDialog.axaml /additionalfile:Views\rate\detailyear\index.axaml /additionalfile:Views\rate\enddetail\EndDetailImportDialog.axaml /additionalfile:Views\rate\enddetail\EndResultPreview.axaml /additionalfile:Views\rate\enddetail\index.axaml /additionalfile:Views\rate\marketfact\index.axaml /additionalfile:Views\rate\marketfact\MarketFactImportDialog.axaml /additionalfile:Views\rate\supervise\index.axaml /additionalfile:Views\rate\supervise\UrgeMessageDialog.axaml /additionalfile:Views\rate\yuce\AddExpenseItemDialog.axaml /additionalfile:Views\rate\yuce\CalculateResultPreview.axaml /additionalfile:Views\rate\yuce\DetailHistoryDialog.axaml /additionalfile:Views\rate\yuce\index.axaml /additionalfile:Views\rate\yuce\MonthDetailDrawer.axaml /additionalfile:Views\SystemManagementView.axaml /additionalfile:Views\UnreadMessagesDialog.axaml App.axaml.cs Controls\CascadingDeptSelector.axaml.cs Controls\CVPConfigPanel.axaml.cs Controls\DeptManagerAgentSelector.axaml.cs Controls\ProductSelectorDialog.axaml.cs Converters\BoolConverter.cs Converters\BoolToColorConverters.cs Converters\IntToBoolConverter.cs Converters\StringToBooleanConverter.cs Models\AgentUser.cs Models\AllocationModels.cs Models\CvpCalculateDto.cs Models\DeptInfo.cs Models\DetailCalculateYearDto.cs Models\OrgModels.cs Models\RateMonthlyDetail.cs Models\RateMonthlyDetailYear.cs Models\RateMonthlyEndDetail.cs Models\ReturnRecordModels.cs Models\UserInfoModels.cs Program.cs Services\AuthService.cs Services\CrmAuthService.cs Services\FileService.cs Services\MenuService.cs Services\MessageService.cs Utils\ApiResponse.cs Utils\Logger.cs Utils\NewApiClient.cs Utils\UserInfo.cs ViewLocator.cs ViewModels\AgentProductEditViewModel.cs ViewModels\Controls\DeptManagerAgentSelectorViewModel.cs ViewModels\Controls\ProductSelectorDialogViewModel.cs ViewModels\CrmPortalViewModel.cs ViewModels\CVPAnalysisViewModel.cs ViewModels\CVPConfigViewModel.cs ViewModels\ImportOptionsViewModel.cs ViewModels\LoginViewModel.cs ViewModels\MainWindowViewModel.cs ViewModels\OtherViewModels.cs ViewModels\rate\detailyear\indexViewModel.cs ViewModels\rate\enddetail\indexViewModel.cs ViewModels\rate\marketfact\indexViewModel.cs ViewModels\rate\supervise\indexViewModel.cs ViewModels\rate\supervise\UrgeMessageDialogViewModel.cs ViewModels\rate\yuce\AddExpenseItemDialogViewModel.cs ViewModels\rate\yuce\DetailHistoryDialogViewModel.cs ViewModels\rate\yuce\indexViewModel.cs ViewModels\rate\yuce\MonthDetailDrawerViewModel.cs ViewModels\UnreadMessagesDialogViewModel.cs ViewModels\ViewModelBase.cs Views\AgentProductEditDialog.axaml.cs Views\CrmPortalView.axaml.cs Views\CVPAnalysisView.axaml.cs Views\ImportOptionsDialog.axaml.cs Views\LoginView.axaml.cs Views\MainWindow.axaml.cs Views\MainWindowContentView.axaml.cs Views\MessageDialog.axaml.cs Views\OtherViews.cs Views\rate\detailyear\CalculateYearResultPreview.axaml.cs Views\rate\detailyear\DetailYearImportDialog.axaml.cs Views\rate\detailyear\index.axaml.cs Views\rate\enddetail\EndDetailImportDialog.axaml.cs Views\rate\enddetail\EndResultPreview.axaml.cs Views\rate\enddetail\index.axaml.cs Views\rate\marketfact\index.axaml.cs Views\rate\marketfact\MarketFactImportDialog.axaml.cs Views\rate\supervise\index.axaml.cs Views\rate\supervise\UrgeMessageDialog.axaml.cs Views\rate\yuce\AddExpenseItemDialog.axaml.cs Views\rate\yuce\CalculateResultPreview.axaml.cs Views\rate\yuce\DetailHistoryDialog.axaml.cs Views\rate\yuce\index.axaml.cs Views\rate\yuce\MonthDetailDrawer.axaml.cs Views\UnreadMessagesDialog.axaml.cs "obj\Debug\net6.0\.NETCoreApp,Version=v6.0.AssemblyAttributes.cs" obj\Debug\net6.0\AgentManagement.Avalonia.AssemblyInfo.cs /warnaserror+:NU1605
         Compilation request AgentManagement.Avalonia (net6.0), PathToTool=C:\Program Files\dotnet\sdk\10.0.300\Roslyn\bincore\csc.exe
         CommandLine = ' /noconfig'
         BuildResponseFile = '/unsafe+ /checked- /nowarn:1701,1702,1701,1702,8002 /fullpaths /nostdlib+ /errorreport:prompt /warn:6 /define:DEBUG;TRACE;DEBUG;NET;NET6_0;NETCOREAPP;NET5_0_OR_GREATER;NET6_0_OR_GREATER;NETCOREAPP1_0_OR_GREATER;NETCOREAPP1_1_OR_GREATER;NETCOREAPP2_0_OR_GREATER;NETCOREAPP2_1_OR_GREATER;NETCOREAPP2_2_OR_GREATER;NETCOREAPP3_0_OR_GREATER;NETCOREAPP3_1_OR_GREATER /highentropyva+ /nullable:enable /reference:C:\Users\otinz\.nuget\packages\avalonia\11.2.0\ref\net6.0\Avalonia.Base.dll /reference:C:\Users\otinz\.nuget\packages\avalonia.controls.colorpicker\11.2.0\lib\net6.0\Avalonia.Controls.ColorPicker.dll /reference:C:\Users\otinz\.nuget\packages\avalonia.controls.datagrid\11.2.0\lib\net6.0\Avalonia.Controls.DataGrid.dll /reference:C:\Users\otinz\.nuget\packages\avalonia\11.2.0\ref\net6.0\Avalonia.Controls.dll /reference:C:\Users\otinz\.nuget\packages\avalonia\11.2.0\ref\net6.0\Avalonia.DesignerSupport.dll /reference:C:\Users\otinz\.nuget\packages\avalonia.desktop\11.2.0\lib\net6.0\Avalonia.Desktop.dll /reference:C:\Users\otinz\.nuget\packages\avalonia.diagnostics\11.2.0\lib\net6.0\Avalonia.Diagnostics.dll /reference:C:\Users\otinz\.nuget\packages\avalonia\11.2.0\ref\net6.0\Avalonia.Dialogs.dll /reference:C:\Users\otinz\.nuget\packages\avalonia\11.2.0\ref\net6.0\Avalonia.dll /reference:C:\Users\otinz\.nuget\packages\avalonia.fonts.inter\11.2.0\lib\net6.0\Avalonia.Fonts.Inter.dll /reference:C:\Users\otinz\.nuget\packages\avalonia.freedesktop\11.2.0\lib\net6.0\Avalonia.FreeDesktop.dll /reference:C:\Users\otinz\.nuget\packages\avalonia\11.2.0\ref\net6.0\Avalonia.Markup.dll /reference:C:\Users\otinz\.nuget\packages\avalonia\11.2.0\ref\net6.0\Avalonia.Markup.Xaml.dll /reference:C:\Users\otinz\.nuget\packages\avalonia\11.2.0\ref\net6.0\Avalonia.Metal.dll /reference:C:\Users\otinz\.nuget\packages\avalonia\11.2.0\ref\net6.0\Avalonia.MicroCom.dll /reference:C:\Users\otinz\.nuget\packages\avalonia.native\11.2.0\lib\net6.0\Avalonia.Native.dll /reference:C:\Users\otinz\.nuget\packages\avalonia\11.2.0\ref\net6.0\Avalonia.OpenGL.dll /reference:C:\Users\otinz\.nuget\packages\avalonia.remote.protocol\11.2.0\lib\net6.0\Avalonia.Remote.Protocol.dll /reference:C:\Users\otinz\.nuget\packages\avalonia.skia\11.2.0\lib\net6.0\Avalonia.Skia.dll /reference:C:\Users\otinz\.nuget\packages\avalonia.themes.fluent\11.2.0\lib\net6.0\Avalonia.Themes.Fluent.dll /reference:C:\Users\otinz\.nuget\packages\avalonia.themes.simple\11.2.0\lib\net6.0\Avalonia.Themes.Simple.dll /reference:C:\Users\otinz\.nuget\packages\avalonia\11.2.0\ref\net6.0\Avalonia.Vulkan.dll /reference:C:\Users\otinz\.nuget\packages\avalonia.win32\11.2.0\lib\net6.0\Avalonia.Win32.dll /reference:C:\Users\otinz\.nuget\packages\avalonia.x11\11.2.0\lib\net6.0\Avalonia.X11.dll /reference:C:\Users\otinz\.nuget\packages\portable.bouncycastle\1.9.0\lib\netstandard2.0\BouncyCastle.Crypto.dll /reference:C:\Users\otinz\.nuget\packages\colortextblock.avalonia\11.0.0-d1\lib\net6.0\ColorTextBlock.Avalonia.dll /reference:C:\Users\otinz\.nuget\packages\communitytoolkit.mvvm\8.2.2\lib\net6.0\CommunityToolkit.Mvvm.dll /reference:C:\Users\otinz\.nuget\packages\dialoghost.avalonia\0.7.6\lib\netstandard2.0\DialogHost.Avalonia.dll /reference:C:\Users\otinz\.nuget\packages\entityframework\6.4.4\lib\netstandard2.1\EntityFramework.dll /reference:C:\Users\otinz\.nuget\packages\entityframework\6.4.4\lib\netstandard2.1\EntityFramework.SqlServer.dll /reference:C:\Users\otinz\.nuget\packages\enums.net\4.0.0\lib\netcoreapp3.0\Enums.NET.dll /reference:C:\Users\otinz\.nuget\packages\harfbuzzsharp\7.3.0.2\lib\net6.0\HarfBuzzSharp.dll /reference:C:\Users\otinz\.nuget\packages\sharpziplib\1.3.3\lib\netstandard2.1\ICSharpCode.SharpZipLib.dll /reference:C:\Users\otinz\.nuget\packages\livechartscore\2.0.0-rc2\lib\net6.0\LiveChartsCore.dll /reference:C:\Users\otinz\.nuget\packages\livechartscore.skiasharpview.avalonia\2.0.0-rc2\lib\net6.0\LiveChartsCore.SkiaSharpView.Avalonia.dll /reference:C:\Users\otinz\.nuget\packages\livechartscore.skiasharpview\2.0.0-rc2\lib\net6.0\LiveChartsCore.SkiaSharpView.dll /reference:C:\Users\otinz\.nuget\packages\markdown.avalonia.tight\11.0.0-d1\lib\net6.0\Markdown.Avalonia.dll /reference:C:\Users\otinz\.nuget\packages\mathnet.numerics.signed\4.15.0\lib\netstandard2.0\MathNet.Numerics.dll /reference:C:\Users\otinz\.nuget\packages\microcom.runtime\0.11.0\lib\net5.0\MicroCom.Runtime.dll /reference:C:\Users\otinz\.nuget\packages\microsoft.netcore.app.ref\6.0.36\ref\net6.0\Microsoft.CSharp.dll /reference:C:\Users\otinz\.nuget\packages\microsoft.data.sqlite.core\6.0.35\lib\net6.0\Microsoft.Data.Sqlite.dll /reference:C:\Users\otinz\.nuget\packages\microsoft.entityframeworkcore.abstractions\6.0.35\lib\net6.0\Microsoft.EntityFrameworkCore.Abstractions.dll /reference:C:\Users\otinz\.nuget\packages\microsoft.entityframeworkcore\6.0.35\lib\net6.0\Microsoft.EntityFrameworkCore.dll /reference:C:\Users\otinz\.nuget\packages\microsoft.entityframeworkcore.relational\6.0.35\lib\net6.0\Microsoft.EntityFrameworkCore.Relational.dll /reference:C:\Users\otinz\.nuget\packages\microsoft.entityframeworkcore.sqlite.core\6.0.35\lib\net6.0\Microsoft.EntityFrameworkCore.Sqlite.dll /reference:C:\Users\otinz\.nuget\packages\microsoft.extensions.caching.abstractions\6.0.0\lib\netstandard2.0\Microsoft.Extensions.Caching.Abstractions.dll /reference:C:\Users\otinz\.nuget\packages\microsoft.extensions.caching.memory\6.0.2\lib\netstandard2.0\Microsoft.Extensions.Caching.Memory.dll /reference:C:\Users\otinz\.nuget\packages\microsoft.extensions.configuration.abstractions\6.0.0\lib\netstandard2.0\Microsoft.Extensions.Configuration.Abstractions.dll /reference:C:\Users\otinz\.nuget\packages\microsoft.extensions.dependencyinjection.abstractions\6.0.0\lib\net6.0\Microsoft.Extensions.DependencyInjection.Abstractions.dll /reference:C:\Users\otinz\.nuget\packages\microsoft.extensions.dependencyinjection\6.0.1\lib\net6.0\Microsoft.Extensions.DependencyInjection.dll /reference:C:\Users\otinz\.nuget\packages\microsoft.extensions.dependencymodel\6.0.1\lib\netstandard2.0\Microsoft.Extensions.DependencyModel.dll /reference:C:\Users\otinz\.nuget\packages\microsoft.extensions.logging.abstractions\6.0.4\lib\net6.0\Microsoft.Extensions.Logging.Abstractions.dll /reference:C:\Users\otinz\.nuget\packages\microsoft.extensions.logging\6.0.0\lib\netstandard2.1\Microsoft.Extensions.Logging.dll /reference:C:\Users\otinz\.nuget\packages\microsoft.extensions.options\6.0.0\lib\netstandard2.1\Microsoft.Extensions.Options.dll /reference:C:\Users\otinz\.nuget\packages\microsoft.extensions.primitives\6.0.0\lib\net6.0\Microsoft.Extensions.Primitives.dll /reference:C:\Users\otinz\.nuget\packages\microsoft.io.recyclablememorystream\2.2.0\lib\net5.0\Microsoft.IO.RecyclableMemoryStream.dll /reference:C:\Users\otinz\.nuget\packages\microsoft.netcore.app.ref\6.0.36\ref\net6.0\Microsoft.VisualBasic.Core.dll /reference:C:\Users\otinz\.nuget\packages\microsoft.netcore.app.ref\6.0.36\ref\net6.0\Microsoft.VisualBasic.dll /reference:C:\Users\otinz\.nuget\packages\microsoft.netcore.app.ref\6.0.36\ref\net6.0\Microsoft.Win32.Primitives.dll /reference:C:\Users\otinz\.nuget\packages\microsoft.netcore.app.ref\6.0.36\ref\net6.0\Microsoft.Win32.Registry.dll /reference:C:\Users\otinz\.nuget\packages\microsoft.win32.systemevents\6.0.0\lib\net6.0\Microsoft.Win32.SystemEvents.dll /reference:C:\Users\otinz\.nuget\packages\messagebox.avalonia\3.1.3\lib\netstandard2.0\MsBox.Avalonia.dll /reference:C:\Users\otinz\.nuget\packages\microsoft.netcore.app.ref\6.0.36\ref\net6.0\mscorlib.dll /reference:C:\Users\otinz\.nuget\packages\microsoft.netcore.app.ref\6.0.36\ref\net6.0\netstandard.dll /reference:C:\Users\otinz\.nuget\packages\newtonsoft.json\13.0.3\lib\net6.0\Newtonsoft.Json.dll /reference:C:\Users\otinz\.nuget\packages\npoi\2.6.0\lib\net6.0\NPOI.dll /reference:C:\Users\otinz\.nuget\packages\npoi\2.6.0\lib\net6.0\NPOI.OOXML.dll /reference:C:\Users\otinz\.nuget\packages\npoi\2.6.0\lib\net6.0\NPOI.OpenXml4Net.dll /reference:C:\Users\otinz\.nuget\packages\npoi\2.6.0\lib\net6.0\NPOI.OpenXmlFormats.dll /reference:C:\Users\otinz\.nuget\packages\sixlabors.fonts\1.0.0-beta18\lib\netcoreapp3.1\SixLabors.Fonts.dll /reference:C:\Users\otinz\.nuget\packages\sixlabors.imagesharp\2.1.3\lib\netcoreapp3.1\SixLabors.ImageSharp.dll /reference:C:\Users\otinz\.nuget\packages\skiasharp\2.88.8\lib\net6.0\SkiaSharp.dll /reference:C:\Users\otinz\.nuget\packages\skiasharp.harfbuzz\2.88.6\lib\net6.0\SkiaSharp.HarfBuzz.dll /reference:C:\Users\otinz\.nuget\packages\sqlitepclraw.bundle_e_sqlite3\2.1.2\lib\netstandard2.0\SQLitePCLRaw.batteries_v2.dll /reference:C:\Users\otinz\.nuget\packages\sqlitepclraw.core\2.1.2\lib\netstandard2.0\SQLitePCLRaw.core.dll /reference:C:\Users\otinz\.nuget\packages\sqlitepclraw.provider.e_sqlite3\2.1.2\lib\net6.0\SQLitePCLRaw.provider.e_sqlite3.dll /reference:C:\Users\otinz\.nuget\packages\microsoft.netcore.app.ref\6.0.36\ref\net6.0\System.AppContext.dll /reference:C:\Users\otinz\.nuget\packages\microsoft.netcore.app.ref\6.0.36\ref\net6.0\System.Buffers.dll /reference:C:\Users\otinz\.nuget\packages\system.codedom\4.7.0\ref\netstandard2.0\System.CodeDom.dll /reference:C:\Users\otinz\.nuget\packages\microsoft.netcore.app.ref\6.0.36\ref\net6.0\System.Collections.Concurrent.dll /reference:C:\Users\otinz\.nuget\packages\microsoft.netcore.app.ref\6.0.36\ref\net6.0\System.Collections.dll /reference:C:\Users\otinz\.nuget\packages\microsoft.netcore.app.ref\6.0.36\ref\net6.0\System.Collections.Immutable.dll /reference:C:\Users\otinz\.nuget\packages\microsoft.netcore.app.ref\6.0.36\ref\net6.0\System.Collections.NonGeneric.dll /reference:C:\Users\otinz\.nuget\packages\microsoft.netcore.app.ref\6.0.36\ref\net6.0\System.Collections.Specialized.dll /reference:C:\Users\otinz\.nuget\packages\microsoft.netcore.app.ref\6.0.36\ref\net6.0\System.ComponentModel.Annotations.dll /reference:C:\Users\otinz\.nuget\packages\microsoft.netcore.app.ref\6.0.36\ref\net6.0\System.ComponentModel.DataAnnotations.dll /reference:C:\Users\otinz\.nuget\packages\microsoft.netcore.app.ref\6.0.36\ref\net6.0\System.ComponentModel.dll /reference:C:\Users\otinz\.nuget\packages\microsoft.netcore.app.ref\6.0.36\ref\net6.0\System.ComponentModel.EventBasedAsync.dll /reference:C:\Users\otinz\.nuget\packages\microsoft.netcore.app.ref\6.0.36\ref\net6.0\System.ComponentModel.Primitives.dll /reference:C:\Users\otinz\.nuget\packages\microsoft.netcore.app.ref\6.0.36\ref\net6.0\System.ComponentModel.TypeConverter.dll /reference:C:\Users\otinz\.nuget\packages\system.configuration.configurationmanager\6.0.0\lib\net6.0\System.Configuration.ConfigurationManager.dll /reference:C:\Users\otinz\.nuget\packages\microsoft.netcore.app.ref\6.0.36\ref\net6.0\System.Configuration.dll /reference:C:\Users\otinz\.nuget\packages\microsoft.netcore.app.ref\6.0.36\ref\net6.0\System.Console.dll /reference:C:\Users\otinz\.nuget\packages\microsoft.netcore.app.ref\6.0.36\ref\net6.0\System.Core.dll /reference:C:\Users\otinz\.nuget\packages\microsoft.netcore.app.ref\6.0.36\ref\net6.0\System.Data.Common.dll /reference:C:\Users\otinz\.nuget\packages\microsoft.netcore.app.ref\6.0.36\ref\net6.0\System.Data.DataSetExtensions.dll /reference:C:\Users\otinz\.nuget\packages\microsoft.netcore.app.ref\6.0.36\ref\net6.0\System.Data.dll /reference:C:\Users\otinz\.nuget\packages\system.data.sqlclient\4.8.1\ref\netcoreapp2.1\System.Data.SqlClient.dll /reference:C:\Users\otinz\.nuget\packages\stub.system.data.sqlite.core.netstandard\1.0.117\lib\netstandard2.1\System.Data.SQLite.dll /reference:C:\Users\otinz\.nuget\packages\system.data.sqlite.ef6\1.0.117\lib\netstandard2.1\System.Data.SQLite.EF6.dll /reference:C:\Users\otinz\.nuget\packages\microsoft.netcore.app.ref\6.0.36\ref\net6.0\System.Diagnostics.Contracts.dll /reference:C:\Users\otinz\.nuget\packages\microsoft.netcore.app.ref\6.0.36\ref\net6.0\System.Diagnostics.Debug.dll /reference:C:\Users\otinz\.nuget\packages\microsoft.netcore.app.ref\6.0.36\ref\net6.0\System.Diagnostics.DiagnosticSource.dll /reference:C:\Users\otinz\.nuget\packages\microsoft.netcore.app.ref\6.0.36\ref\net6.0\System.Diagnostics.FileVersionInfo.dll /reference:C:\Users\otinz\.nuget\packages\microsoft.netcore.app.ref\6.0.36\ref\net6.0\System.Diagnostics.Process.dll /reference:C:\Users\otinz\.nuget\packages\microsoft.netcore.app.ref\6.0.36\ref\net6.0\System.Diagnostics.StackTrace.dll /reference:C:\Users\otinz\.nuget\packages\microsoft.netcore.app.ref\6.0.36\ref\net6.0\System.Diagnostics.TextWriterTraceListener.dll /reference:C:\Users\otinz\.nuget\packages\microsoft.netcore.app.ref\6.0.36\ref\net6.0\System.Diagnostics.Tools.dll /reference:C:\Users\otinz\.nuget\packages\microsoft.netcore.app.ref\6.0.36\ref\net6.0\System.Diagnostics.TraceSource.dll /reference:C:\Users\otinz\.nuget\packages\microsoft.netcore.app.ref\6.0.36\ref\net6.0\System.Diagnostics.Tracing.dll /reference:C:\Users\otinz\.nuget\packages\microsoft.netcore.app.ref\6.0.36\ref\net6.0\System.dll /reference:C:\Users\otinz\.nuget\packages\system.drawing.common\6.0.0\lib\net6.0\System.Drawing.Common.dll /reference:C:\Users\otinz\.nuget\packages\microsoft.netcore.app.ref\6.0.36\ref\net6.0\System.Drawing.dll /reference:C:\Users\otinz\.nuget\packages\microsoft.netcore.app.ref\6.0.36\ref\net6.0\System.Drawing.Primitives.dll /reference:C:\Users\otinz\.nuget\packages\microsoft.netcore.app.ref\6.0.36\ref\net6.0\System.Dynamic.Runtime.dll /reference:C:\Users\otinz\.nuget\packages\microsoft.netcore.app.ref\6.0.36\ref\net6.0\System.Formats.Asn1.dll /reference:C:\Users\otinz\.nuget\packages\microsoft.netcore.app.ref\6.0.36\ref\net6.0\System.Globalization.Calendars.dll /reference:C:\Users\otinz\.nuget\packages\microsoft.netcore.app.ref\6.0.36\ref\net6.0\System.Globalization.dll /reference:C:\Users\otinz\.nuget\packages\microsoft.netcore.app.ref\6.0.36\ref\net6.0\System.Globalization.Extensions.dll /reference:C:\Users\otinz\.nuget\packages\microsoft.netcore.app.ref\6.0.36\ref\net6.0\System.IO.Compression.Brotli.dll /reference:C:\Users\otinz\.nuget\packages\microsoft.netcore.app.ref\6.0.36\ref\net6.0\System.IO.Compression.dll /reference:C:\Users\otinz\.nuget\packages\microsoft.netcore.app.ref\6.0.36\ref\net6.0\System.IO.Compression.FileSystem.dll /reference:C:\Users\otinz\.nuget\packages\microsoft.netcore.app.ref\6.0.36\ref\net6.0\System.IO.Compression.ZipFile.dll /reference:C:\Users\otinz\.nuget\packages\microsoft.netcore.app.ref\6.0.36\ref\net6.0\System.IO.dll /reference:C:\Users\otinz\.nuget\packages\microsoft.netcore.app.ref\6.0.36\ref\net6.0\System.IO.FileSystem.AccessControl.dll /reference:C:\Users\otinz\.nuget\packages\microsoft.netcore.app.ref\6.0.36\ref\net6.0\System.IO.FileSystem.dll /reference:C:\Users\otinz\.nuget\packages\microsoft.netcore.app.ref\6.0.36\ref\net6.0\System.IO.FileSystem.DriveInfo.dll /reference:C:\Users\otinz\.nuget\packages\microsoft.netcore.app.ref\6.0.36\ref\net6.0\System.IO.FileSystem.Primitives.dll /reference:C:\Users\otinz\.nuget\packages\microsoft.netcore.app.ref\6.0.36\ref\net6.0\System.IO.FileSystem.Watcher.dll /reference:C:\Users\otinz\.nuget\packages\microsoft.netcore.app.ref\6.0.36\ref\net6.0\System.IO.IsolatedStorage.dll /reference:C:\Users\otinz\.nuget\packages\microsoft.netcore.app.ref\6.0.36\ref\net6.0\System.IO.MemoryMappedFiles.dll /reference:C:\Users\otinz\.nuget\packages\system.io.pipelines\8.0.0\lib\net6.0\System.IO.Pipelines.dll /reference:C:\Users\otinz\.nuget\packages\microsoft.netcore.app.ref\6.0.36\ref\net6.0\System.IO.Pipes.AccessControl.dll /reference:C:\Users\otinz\.nuget\packages\microsoft.netcore.app.ref\6.0.36\ref\net6.0\System.IO.Pipes.dll /reference:C:\Users\otinz\.nuget\packages\microsoft.netcore.app.ref\6.0.36\ref\net6.0\System.IO.UnmanagedMemoryStream.dll /reference:C:\Users\otinz\.nuget\packages\microsoft.netcore.app.ref\6.0.36\ref\net6.0\System.Linq.dll /reference:C:\Users\otinz\.nuget\packages\microsoft.netcore.app.ref\6.0.36\ref\net6.0\System.Linq.Expressions.dll /reference:C:\Users\otinz\.nuget\packages\microsoft.netcore.app.ref\6.0.36\ref\net6.0\System.Linq.Parallel.dll /reference:C:\Users\otinz\.nuget\packages\microsoft.netcore.app.ref\6.0.36\ref\net6.0\System.Linq.Queryable.dll /reference:C:\Users\otinz\.nuget\packages\microsoft.netcore.app.ref\6.0.36\ref\net6.0\System.Memory.dll /reference:C:\Users\otinz\.nuget\packages\microsoft.netcore.app.ref\6.0.36\ref\net6.0\System.Net.dll /reference:C:\Users\otinz\.nuget\packages\microsoft.netcore.app.ref\6.0.36\ref\net6.0\System.Net.Http.dll /reference:C:\Users\otinz\.nuget\packages\microsoft.netcore.app.ref\6.0.36\ref\net6.0\System.Net.Http.Json.dll /reference:C:\Users\otinz\.nuget\packages\microsoft.netcore.app.ref\6.0.36\ref\net6.0\System.Net.HttpListener.dll /reference:C:\Users\otinz\.nuget\packages\microsoft.netcore.app.ref\6.0.36\ref\net6.0\System.Net.Mail.dll /reference:C:\Users\otinz\.nuget\packages\microsoft.netcore.app.ref\6.0.36\ref\net6.0\System.Net.NameResolution.dll /reference:C:\Users\otinz\.nuget\packages\microsoft.netcore.app.ref\6.0.36\ref\net6.0\System.Net.NetworkInformation.dll /reference:C:\Users\otinz\.nuget\packages\microsoft.netcore.app.ref\6.0.36\ref\net6.0\System.Net.Ping.dll /reference:C:\Users\otinz\.nuget\packages\microsoft.netcore.app.ref\6.0.36\ref\net6.0\System.Net.Primitives.dll /reference:C:\Users\otinz\.nuget\packages\microsoft.netcore.app.ref\6.0.36\ref\net6.0\System.Net.Requests.dll /reference:C:\Users\otinz\.nuget\packages\microsoft.netcore.app.ref\6.0.36\ref\net6.0\System.Net.Security.dll /reference:C:\Users\otinz\.nuget\packages\microsoft.netcore.app.ref\6.0.36\ref\net6.0\System.Net.ServicePoint.dll /reference:C:\Users\otinz\.nuget\packages\microsoft.netcore.app.ref\6.0.36\ref\net6.0\System.Net.Sockets.dll /reference:C:\Users\otinz\.nuget\packages\microsoft.netcore.app.ref\6.0.36\ref\net6.0\System.Net.WebClient.dll /reference:C:\Users\otinz\.nuget\packages\microsoft.netcore.app.ref\6.0.36\ref\net6.0\System.Net.WebHeaderCollection.dll /reference:C:\Users\otinz\.nuget\packages\microsoft.netcore.app.ref\6.0.36\ref\net6.0\System.Net.WebProxy.dll /reference:C:\Users\otinz\.nuget\packages\microsoft.netcore.app.ref\6.0.36\ref\net6.0\System.Net.WebSockets.Client.dll /reference:C:\Users\otinz\.nuget\packages\microsoft.netcore.app.ref\6.0.36\ref\net6.0\System.Net.WebSockets.dll /reference:C:\Users\otinz\.nuget\packages\microsoft.netcore.app.ref\6.0.36\ref\net6.0\System.Numerics.dll /reference:C:\Users\otinz\.nuget\packages\microsoft.netcore.app.ref\6.0.36\ref\net6.0\System.Numerics.Vectors.dll /reference:C:\Users\otinz\.nuget\packages\microsoft.netcore.app.ref\6.0.36\ref\net6.0\System.ObjectModel.dll /reference:C:\Users\otinz\.nuget\packages\system.reactive\6.0.0\lib\net6.0\System.Reactive.dll /reference:C:\Users\otinz\.nuget\packages\microsoft.netcore.app.ref\6.0.36\ref\net6.0\System.Reflection.DispatchProxy.dll /reference:C:\Users\otinz\.nuget\packages\microsoft.netcore.app.ref\6.0.36\ref\net6.0\System.Reflection.dll /reference:C:\Users\otinz\.nuget\packages\microsoft.netcore.app.ref\6.0.36\ref\net6.0\System.Reflection.Emit.dll /reference:C:\Users\otinz\.nuget\packages\microsoft.netcore.app.ref\6.0.36\ref\net6.0\System.Reflection.Emit.ILGeneration.dll /reference:C:\Users\otinz\.nuget\packages\microsoft.netcore.app.ref\6.0.36\ref\net6.0\System.Reflection.Emit.Lightweight.dll /reference:C:\Users\otinz\.nuget\packages\microsoft.netcore.app.ref\6.0.36\ref\net6.0\System.Reflection.Extensions.dll /reference:C:\Users\otinz\.nuget\packages\microsoft.netcore.app.ref\6.0.36\ref\net6.0\System.Reflection.Metadata.dll /reference:C:\Users\otinz\.nuget\packages\microsoft.netcore.app.ref\6.0.36\ref\net6.0\System.Reflection.Primitives.dll /reference:C:\Users\otinz\.nuget\packages\microsoft.netcore.app.ref\6.0.36\ref\net6.0\System.Reflection.TypeExtensions.dll /reference:C:\Users\otinz\.nuget\packages\microsoft.netcore.app.ref\6.0.36\ref\net6.0\System.Resources.Reader.dll /reference:C:\Users\otinz\.nuget\packages\microsoft.netcore.app.ref\6.0.36\ref\net6.0\System.Resources.ResourceManager.dll /reference:C:\Users\otinz\.nuget\packages\microsoft.netcore.app.ref\6.0.36\ref\net6.0\System.Resources.Writer.dll /reference:C:\Users\otinz\.nuget\packages\microsoft.netcore.app.ref\6.0.36\ref\net6.0\System.Runtime.CompilerServices.Unsafe.dll /reference:C:\Users\otinz\.nuget\packages\microsoft.netcore.app.ref\6.0.36\ref\net6.0\System.Runtime.CompilerServices.VisualC.dll /reference:C:\Users\otinz\.nuget\packages\microsoft.netcore.app.ref\6.0.36\ref\net6.0\System.Runtime.dll /reference:C:\Users\otinz\.nuget\packages\microsoft.netcore.app.ref\6.0.36\ref\net6.0\System.Runtime.Extensions.dll /reference:C:\Users\otinz\.nuget\packages\microsoft.netcore.app.ref\6.0.36\ref\net6.0\System.Runtime.Handles.dll /reference:C:\Users\otinz\.nuget\packages\microsoft.netcore.app.ref\6.0.36\ref\net6.0\System.Runtime.InteropServices.dll /reference:C:\Users\otinz\.nuget\packages\microsoft.netcore.app.ref\6.0.36\ref\net6.0\System.Runtime.InteropServices.RuntimeInformation.dll /reference:C:\Users\otinz\.nuget\packages\microsoft.netcore.app.ref\6.0.36\ref\net6.0\System.Runtime.Intrinsics.dll /reference:C:\Users\otinz\.nuget\packages\microsoft.netcore.app.ref\6.0.36\ref\net6.0\System.Runtime.Loader.dll /reference:C:\Users\otinz\.nuget\packages\microsoft.netcore.app.ref\6.0.36\ref\net6.0\System.Runtime.Numerics.dll /reference:C:\Users\otinz\.nuget\packages\microsoft.netcore.app.ref\6.0.36\ref\net6.0\System.Runtime.Serialization.dll /reference:C:\Users\otinz\.nuget\packages\microsoft.netcore.app.ref\6.0.36\ref\net6.0\System.Runtime.Serialization.Formatters.dll /reference:C:\Users\otinz\.nuget\packages\microsoft.netcore.app.ref\6.0.36\ref\net6.0\System.Runtime.Serialization.Json.dll /reference:C:\Users\otinz\.nuget\packages\microsoft.netcore.app.ref\6.0.36\ref\net6.0\System.Runtime.Serialization.Primitives.dll /reference:C:\Users\otinz\.nuget\packages\microsoft.netcore.app.ref\6.0.36\ref\net6.0\System.Runtime.Serialization.Xml.dll /reference:C:\Users\otinz\.nuget\packages\microsoft.netcore.app.ref\6.0.36\ref\net6.0\System.Security.AccessControl.dll /reference:C:\Users\otinz\.nuget\packages\microsoft.netcore.app.ref\6.0.36\ref\net6.0\System.Security.Claims.dll /reference:C:\Users\otinz\.nuget\packages\microsoft.netcore.app.ref\6.0.36\ref\net6.0\System.Security.Cryptography.Algorithms.dll /reference:C:\Users\otinz\.nuget\packages\microsoft.netcore.app.ref\6.0.36\ref\net6.0\System.Security.Cryptography.Cng.dll /reference:C:\Users\otinz\.nuget\packages\microsoft.netcore.app.ref\6.0.36\ref\net6.0\System.Security.Cryptography.Csp.dll /reference:C:\Users\otinz\.nuget\packages\microsoft.netcore.app.ref\6.0.36\ref\net6.0\System.Security.Cryptography.Encoding.dll /reference:C:\Users\otinz\.nuget\packages\microsoft.netcore.app.ref\6.0.36\ref\net6.0\System.Security.Cryptography.OpenSsl.dll /reference:C:\Users\otinz\.nuget\packages\system.security.cryptography.pkcs\6.0.1\lib\net6.0\System.Security.Cryptography.Pkcs.dll /reference:C:\Users\otinz\.nuget\packages\microsoft.netcore.app.ref\6.0.36\ref\net6.0\System.Security.Cryptography.Primitives.dll /reference:C:\Users\otinz\.nuget\packages\system.security.cryptography.protecteddata\6.0.0\lib\net6.0\System.Security.Cryptography.ProtectedData.dll /reference:C:\Users\otinz\.nuget\packages\microsoft.netcore.app.ref\6.0.36\ref\net6.0\System.Security.Cryptography.X509Certificates.dll /reference:C:\Users\otinz\.nuget\packages\system.security.cryptography.xml\6.0.1\lib\net6.0\System.Security.Cryptography.Xml.dll /reference:C:\Users\otinz\.nuget\packages\microsoft.netcore.app.ref\6.0.36\ref\net6.0\System.Security.dll /reference:C:\Users\otinz\.nuget\packages\system.security.permissions\6.0.0\lib\net6.0\System.Security.Permissions.dll /reference:C:\Users\otinz\.nuget\packages\microsoft.netcore.app.ref\6.0.36\ref\net6.0\System.Security.Principal.dll /reference:C:\Users\otinz\.nuget\packages\microsoft.netcore.app.ref\6.0.36\ref\net6.0\System.Security.Principal.Windows.dll /reference:C:\Users\otinz\.nuget\packages\microsoft.netcore.app.ref\6.0.36\ref\net6.0\System.Security.SecureString.dll /reference:C:\Users\otinz\.nuget\packages\microsoft.netcore.app.ref\6.0.36\ref\net6.0\System.ServiceModel.Web.dll /reference:C:\Users\otinz\.nuget\packages\microsoft.netcore.app.ref\6.0.36\ref\net6.0\System.ServiceProcess.dll /reference:C:\Users\otinz\.nuget\packages\microsoft.netcore.app.ref\6.0.36\ref\net6.0\System.Text.Encoding.CodePages.dll /reference:C:\Users\otinz\.nuget\packages\microsoft.netcore.app.ref\6.0.36\ref\net6.0\System.Text.Encoding.dll /reference:C:\Users\otinz\.nuget\packages\microsoft.netcore.app.ref\6.0.36\ref\net6.0\System.Text.Encoding.Extensions.dll /reference:C:\Users\otinz\.nuget\packages\microsoft.netcore.app.ref\6.0.36\ref\net6.0\System.Text.Encodings.Web.dll /reference:C:\Users\otinz\.nuget\packages\microsoft.netcore.app.ref\6.0.36\ref\net6.0\System.Text.Json.dll /reference:C:\Users\otinz\.nuget\packages\microsoft.netcore.app.ref\6.0.36\ref\net6.0\System.Text.RegularExpressions.dll /reference:C:\Users\otinz\.nuget\packages\microsoft.netcore.app.ref\6.0.36\ref\net6.0\System.Threading.Channels.dll /reference:C:\Users\otinz\.nuget\packages\microsoft.netcore.app.ref\6.0.36\ref\net6.0\System.Threading.dll /reference:C:\Users\otinz\.nuget\packages\microsoft.netcore.app.ref\6.0.36\ref\net6.0\System.Threading.Overlapped.dll /reference:C:\Users\otinz\.nuget\packages\microsoft.netcore.app.ref\6.0.36\ref\net6.0\System.Threading.Tasks.Dataflow.dll /reference:C:\Users\otinz\.nuget\packages\microsoft.netcore.app.ref\6.0.36\ref\net6.0\System.Threading.Tasks.dll /reference:C:\Users\otinz\.nuget\packages\microsoft.netcore.app.ref\6.0.36\ref\net6.0\System.Threading.Tasks.Extensions.dll /reference:C:\Users\otinz\.nuget\packages\microsoft.netcore.app.ref\6.0.36\ref\net6.0\System.Threading.Tasks.Parallel.dll /reference:C:\Users\otinz\.nuget\packages\microsoft.netcore.app.ref\6.0.36\ref\net6.0\System.Threading.Thread.dll /reference:C:\Users\otinz\.nuget\packages\microsoft.netcore.app.ref\6.0.36\ref\net6.0\System.Threading.ThreadPool.dll /reference:C:\Users\otinz\.nuget\packages\microsoft.netcore.app.ref\6.0.36\ref\net6.0\System.Threading.Timer.dll /reference:C:\Users\otinz\.nuget\packages\microsoft.netcore.app.ref\6.0.36\ref\net6.0\System.Transactions.dll /reference:C:\Users\otinz\.nuget\packages\microsoft.netcore.app.ref\6.0.36\ref\net6.0\System.Transactions.Local.dll /reference:C:\Users\otinz\.nuget\packages\microsoft.netcore.app.ref\6.0.36\ref\net6.0\System.ValueTuple.dll /reference:C:\Users\otinz\.nuget\packages\microsoft.netcore.app.ref\6.0.36\ref\net6.0\System.Web.dll /reference:C:\Users\otinz\.nuget\packages\microsoft.netcore.app.ref\6.0.36\ref\net6.0\System.Web.HttpUtility.dll /reference:C:\Users\otinz\.nuget\packages\microsoft.netcore.app.ref\6.0.36\ref\net6.0\System.Windows.dll /reference:C:\Users\otinz\.nuget\packages\system.windows.extensions\6.0.0\lib\net6.0\System.Windows.Extensions.dll /reference:C:\Users\otinz\.nuget\packages\microsoft.netcore.app.ref\6.0.36\ref\net6.0\System.Xml.dll /reference:C:\Users\otinz\.nuget\packages\microsoft.netcore.app.ref\6.0.36\ref\net6.0\System.Xml.Linq.dll /reference:C:\Users\otinz\.nuget\packages\microsoft.netcore.app.ref\6.0.36\ref\net6.0\System.Xml.ReaderWriter.dll /reference:C:\Users\otinz\.nuget\packages\microsoft.netcore.app.ref\6.0.36\ref\net6.0\System.Xml.Serialization.dll /reference:C:\Users\otinz\.nuget\packages\microsoft.netcore.app.ref\6.0.36\ref\net6.0\System.Xml.XDocument.dll /reference:C:\Users\otinz\.nuget\packages\microsoft.netcore.app.ref\6.0.36\ref\net6.0\System.Xml.XmlDocument.dll /reference:C:\Users\otinz\.nuget\packages\microsoft.netcore.app.ref\6.0.36\ref\net6.0\System.Xml.XmlSerializer.dll /reference:C:\Users\otinz\.nuget\packages\microsoft.netcore.app.ref\6.0.36\ref\net6.0\System.Xml.XPath.dll /reference:C:\Users\otinz\.nuget\packages\microsoft.netcore.app.ref\6.0.36\ref\net6.0\System.Xml.XPath.XDocument.dll /reference:C:\Users\otinz\.nuget\packages\tmds.dbus.protocol\0.20.0\lib\net6.0\Tmds.DBus.Protocol.dll /reference:C:\Users\otinz\.nuget\packages\microsoft.netcore.app.ref\6.0.36\ref\net6.0\WindowsBase.dll /debug+ /debug:full /filealign:512 /optimize- /out:obj\Debug\net6.0\AgentManagement.Avalonia.dll /refout:obj\Debug\net6.0\refint\AgentManagement.Avalonia.dll /resource:obj\Debug\net6.0\/Avalonia/resources,"!AvaloniaResources" /target:winexe /warnaserror- /utf8output /win32manifest:app.manifest /deterministic+ /langversion:10.0 /embed:Utils\NewApiClient.cs /embed:"obj\Debug\net6.0\.NETCoreApp,Version=v6.0.AssemblyAttributes.cs" /embed:obj\Debug\net6.0\AgentManagement.Avalonia.AssemblyInfo.cs /analyzerconfig:obj\Debug\net6.0\AgentManagement.Avalonia.GeneratedMSBuildEditorConfig.editorconfig /analyzerconfig:"C:\Program Files\dotnet\sdk\10.0.300\Sdks\Microsoft.NET.Sdk\analyzers\build\config\analysislevel_6_default.globalconfig" /analyzer:"C:\Program Files\dotnet\sdk\10.0.300\Sdks\Microsoft.NET.Sdk\targets\..\analyzers\Microsoft.CodeAnalysis.CSharp.NetAnalyzers.dll" /analyzer:"C:\Program Files\dotnet\sdk\10.0.300\Sdks\Microsoft.NET.Sdk\targets\..\analyzers\Microsoft.CodeAnalysis.NetAnalyzers.dll" /analyzer:C:\Users\otinz\.nuget\packages\avalonia\11.2.0\analyzers\dotnet\cs\Avalonia.Analyzers.dll /analyzer:C:\Users\otinz\.nuget\packages\avalonia\11.2.0\analyzers\dotnet\cs\Avalonia.Generators.dll /analyzer:C:\Users\otinz\.nuget\packages\communitytoolkit.mvvm\8.2.2\analyzers\dotnet\roslyn4.3\cs\CommunityToolkit.Mvvm.CodeFixers.dll /analyzer:C:\Users\otinz\.nuget\packages\communitytoolkit.mvvm\8.2.2\analyzers\dotnet\roslyn4.3\cs\CommunityToolkit.Mvvm.SourceGenerators.dll /analyzer:C:\Users\otinz\.nuget\packages\microsoft.entityframeworkcore.analyzers\6.0.35\analyzers\dotnet\cs\Microsoft.EntityFrameworkCore.Analyzers.dll /analyzer:C:\Users\otinz\.nuget\packages\microsoft.extensions.logging.abstractions\6.0.4\analyzers\dotnet\roslyn4.0\cs\Microsoft.Extensions.Logging.Generators.dll /analyzer:C:\Users\otinz\.nuget\packages\microsoft.netcore.app.ref\6.0.36\analyzers/dotnet/cs/System.Text.Json.SourceGeneration.dll /additionalfile:App.axaml /additionalfile:Controls\CascadingDeptSelector.axaml /additionalfile:Controls\CVPConfigPanel.axaml /additionalfile:Controls\DeptManagerAgentSelector.axaml /additionalfile:Controls\ProductSelectorDialog.axaml /additionalfile:Views\AgentManagementView.axaml /additionalfile:Views\AgentProductEditDialog.axaml /additionalfile:Views\CrmPortalView.axaml /additionalfile:Views\CVPAnalysisView.axaml /additionalfile:Views\DashboardView.axaml /additionalfile:Views\DataAnalysisView.axaml /additionalfile:Views\ImportOptionsDialog.axaml /additionalfile:Views\LoginView.axaml /additionalfile:Views\MainWindow.axaml /additionalfile:Views\MainWindowContentView.axaml /additionalfile:Views\MessageDialog.axaml /additionalfile:Views\MonitoringView.axaml /additionalfile:Views\rate\detailyear\CalculateYearResultPreview.axaml /additionalfile:Views\rate\detailyear\DetailYearImportDialog.axaml /additionalfile:Views\rate\detailyear\index.axaml /additionalfile:Views\rate\enddetail\EndDetailImportDialog.axaml /additionalfile:Views\rate\enddetail\EndResultPreview.axaml /additionalfile:Views\rate\enddetail\index.axaml /additionalfile:Views\rate\marketfact\index.axaml /additionalfile:Views\rate\marketfact\MarketFactImportDialog.axaml /additionalfile:Views\rate\supervise\index.axaml /additionalfile:Views\rate\supervise\UrgeMessageDialog.axaml /additionalfile:Views\rate\yuce\AddExpenseItemDialog.axaml /additionalfile:Views\rate\yuce\CalculateResultPreview.axaml /additionalfile:Views\rate\yuce\DetailHistoryDialog.axaml /additionalfile:Views\rate\yuce\index.axaml /additionalfile:Views\rate\yuce\MonthDetailDrawer.axaml /additionalfile:Views\SystemManagementView.axaml /additionalfile:Views\UnreadMessagesDialog.axaml App.axaml.cs Controls\CascadingDeptSelector.axaml.cs Controls\CVPConfigPanel.axaml.cs Controls\DeptManagerAgentSelector.axaml.cs Controls\ProductSelectorDialog.axaml.cs Converters\BoolConverter.cs Converters\BoolToColorConverters.cs Converters\IntToBoolConverter.cs Converters\StringToBooleanConverter.cs Models\AgentUser.cs Models\AllocationModels.cs Models\CvpCalculateDto.cs Models\DeptInfo.cs Models\DetailCalculateYearDto.cs Models\OrgModels.cs Models\RateMonthlyDetail.cs Models\RateMonthlyDetailYear.cs Models\RateMonthlyEndDetail.cs Models\ReturnRecordModels.cs Models\UserInfoModels.cs Program.cs Services\AuthService.cs Services\CrmAuthService.cs Services\FileService.cs Services\MenuService.cs Services\MessageService.cs Utils\ApiResponse.cs Utils\Logger.cs Utils\NewApiClient.cs Utils\UserInfo.cs ViewLocator.cs ViewModels\AgentProductEditViewModel.cs ViewModels\Controls\DeptManagerAgentSelectorViewModel.cs ViewModels\Controls\ProductSelectorDialogViewModel.cs ViewModels\CrmPortalViewModel.cs ViewModels\CVPAnalysisViewModel.cs ViewModels\CVPConfigViewModel.cs ViewModels\ImportOptionsViewModel.cs ViewModels\LoginViewModel.cs ViewModels\MainWindowViewModel.cs ViewModels\OtherViewModels.cs ViewModels\rate\detailyear\indexViewModel.cs ViewModels\rate\enddetail\indexViewModel.cs ViewModels\rate\marketfact\indexViewModel.cs ViewModels\rate\supervise\indexViewModel.cs ViewModels\rate\supervise\UrgeMessageDialogViewModel.cs ViewModels\rate\yuce\AddExpenseItemDialogViewModel.cs ViewModels\rate\yuce\DetailHistoryDialogViewModel.cs ViewModels\rate\yuce\indexViewModel.cs ViewModels\rate\yuce\MonthDetailDrawerViewModel.cs ViewModels\UnreadMessagesDialogViewModel.cs ViewModels\ViewModelBase.cs Views\AgentProductEditDialog.axaml.cs Views\CrmPortalView.axaml.cs Views\CVPAnalysisView.axaml.cs Views\ImportOptionsDialog.axaml.cs Views\LoginView.axaml.cs Views\MainWindow.axaml.cs Views\MainWindowContentView.axaml.cs Views\MessageDialog.axaml.cs Views\OtherViews.cs Views\rate\detailyear\CalculateYearResultPreview.axaml.cs Views\rate\detailyear\DetailYearImportDialog.axaml.cs Views\rate\detailyear\index.axaml.cs Views\rate\enddetail\EndDetailImportDialog.axaml.cs Views\rate\enddetail\EndResultPreview.axaml.cs Views\rate\enddetail\index.axaml.cs Views\rate\marketfact\index.axaml.cs Views\rate\marketfact\MarketFactImportDialog.axaml.cs Views\rate\supervise\index.axaml.cs Views\rate\supervise\UrgeMessageDialog.axaml.cs Views\rate\yuce\AddExpenseItemDialog.axaml.cs Views\rate\yuce\CalculateResultPreview.axaml.cs Views\rate\yuce\DetailHistoryDialog.axaml.cs Views\rate\yuce\index.axaml.cs Views\rate\yuce\MonthDetailDrawer.axaml.cs Views\UnreadMessagesDialog.axaml.cs "obj\Debug\net6.0\.NETCoreApp,Version=v6.0.AssemblyAttributes.cs" obj\Debug\net6.0\AgentManagement.Avalonia.AssemblyInfo.cs /warnaserror+:NU1605'
         Attempt to open named pipe '_MbXSCro_oPdbDMbvLzEP9Y3knn9L61nA1I1i5p7ok4'
         Attempt to connect named pipe '_MbXSCro_oPdbDMbvLzEP9Y3knn9L61nA1I1i5p7ok4'
         Named pipe '_MbXSCro_oPdbDMbvLzEP9Y3knn9L61nA1I1i5p7ok4' connected
         Begin writing request for AgentManagement.Avalonia (net6.0)
         End writing request for AgentManagement.Avalonia (net6.0)
         Begin reading response for AgentManagement.Avalonia (net6.0)
         End reading response for AgentManagement.Avalonia (net6.0)
     2>D:\work\1-xk\code\lbl\ViewModels\rate\yuce\indexViewModel.cs(2538,28): error MVVMTK0023: The method AgentManagement.Avalonia.ViewModels.rate.yuce.indexViewModel.AgentManagement.Avalonia.ViewModels.rate.yuce.indexViewModel.ViewDetail(long) cannot be annotated with [RelayCommand], has it has multiple overloads (command methods must be unique within their containing type) (https://aka.ms/mvvmtoolkit/errors/mvvmtk0023) [D:\work\1-xk\code\lbl\AgentManagement.Avalonia.csproj]
     2>D:\work\1-xk\code\lbl\Converters\BoolToColorConverters.cs(13,23): warning CS8767: 鈥渙bject BoolToBackgroundConverter.Convert(object value, Type targetType, object parameter, CultureInfo culture)鈥濈殑鍙傛暟鈥渧alue鈥濈被鍨嬩腑寮曠敤绫诲瀷鐨勪负 Null 鎬т笌闅愬紡瀹炵幇鐨勬垚鍛樷€渙bject? IValueConverter.Convert(object? value, Type targetType, object? parameter, CultureInfo culture)鈥濅笉鍖归厤(鍙兘鏄敱浜庝负 Null 鎬х壒鎬?銆?[D:\work\1-xk\code\lbl\AgentManagement.Avalonia.csproj]
     2>D:\work\1-xk\code\lbl\Converters\BoolToColorConverters.cs(13,23): warning CS8767: 鈥渙bject BoolToBackgroundConverter.Convert(object value, Type targetType, object parameter, CultureInfo culture)鈥濈殑鍙傛暟鈥減arameter鈥濈被鍨嬩腑寮曠敤绫诲瀷鐨勪负 Null 鎬т笌闅愬紡瀹炵幇鐨勬垚鍛樷€渙bject? IValueConverter.Convert(object? value, Type targetType, object? parameter, CultureInfo culture)鈥濅笉鍖归厤(鍙兘鏄敱浜庝负 Null 鎬х壒鎬?銆?[D:\work\1-xk\code\lbl\AgentManagement.Avalonia.csproj]
     2>D:\work\1-xk\code\lbl\Converters\BoolToColorConverters.cs(24,23): warning CS8767: 鈥渙bject BoolToBackgroundConverter.ConvertBack(object value, Type targetType, object parameter, CultureInfo culture)鈥濈殑鍙傛暟鈥渧alue鈥濈被鍨嬩腑寮曠敤绫诲瀷鐨勪负 Null 鎬т笌闅愬紡瀹炵幇鐨勬垚鍛樷€渙bject? IValueConverter.ConvertBack(object? value, Type targetType, object? parameter, CultureInfo culture)鈥濅笉鍖归厤(鍙兘鏄敱浜庝负 Null 鎬х壒鎬?銆?[D:\work\1-xk\code\lbl\AgentManagement.Avalonia.csproj]
     2>D:\work\1-xk\code\lbl\Converters\BoolToColorConverters.cs(24,23): warning CS8767: 鈥渙bject BoolToBackgroundConverter.ConvertBack(object value, Type targetType, object parameter, CultureInfo culture)鈥濈殑鍙傛暟鈥減arameter鈥濈被鍨嬩腑寮曠敤绫诲瀷鐨勪负 Null 鎬т笌闅愬紡瀹炵幇鐨勬垚鍛樷€渙bject? IValueConverter.ConvertBack(object? value, Type targetType, object? parameter, CultureInfo culture)鈥濅笉鍖归厤(鍙兘鏄敱浜庝负 Null 鎬х壒鎬?銆?[D:\work\1-xk\code\lbl\AgentManagement.Avalonia.csproj]
     2>D:\work\1-xk\code\lbl\Converters\BoolToColorConverters.cs(35,23): warning CS8767: 鈥渙bject BoolToAvatarBackgroundConverter.Convert(object value, Type targetType, object parameter, CultureInfo culture)鈥濈殑鍙傛暟鈥渧alue鈥濈被鍨嬩腑寮曠敤绫诲瀷鐨勪负 Null 鎬т笌闅愬紡瀹炵幇鐨勬垚鍛樷€渙bject? IValueConverter.Convert(object? value, Type targetType, object? parameter, CultureInfo culture)鈥濅笉鍖归厤(鍙兘鏄敱浜庝负 Null 鎬х壒鎬?銆?[D:\work\1-xk\code\lbl\AgentManagement.Avalonia.csproj]
     2>D:\work\1-xk\code\lbl\Converters\BoolToColorConverters.cs(35,23): warning CS8767: 鈥渙bject BoolToAvatarBackgroundConverter.Convert(object value, Type targetType, object parameter, CultureInfo culture)鈥濈殑鍙傛暟鈥減arameter鈥濈被鍨嬩腑寮曠敤绫诲瀷鐨勪负 Null 鎬т笌闅愬紡瀹炵幇鐨勬垚鍛樷€渙bject? IValueConverter.Convert(object? value, Type targetType, object? parameter, CultureInfo culture)鈥濅笉鍖归厤(鍙兘鏄敱浜庝负 Null 鎬х壒鎬?銆?[D:\work\1-xk\code\lbl\AgentManagement.Avalonia.csproj]
     2>D:\work\1-xk\code\lbl\Converters\BoolToColorConverters.cs(46,23): warning CS8767: 鈥渙bject BoolToAvatarBackgroundConverter.ConvertBack(object value, Type targetType, object parameter, CultureInfo culture)鈥濈殑鍙傛暟鈥渧alue鈥濈被鍨嬩腑寮曠敤绫诲瀷鐨勪负 Null 鎬т笌闅愬紡瀹炵幇鐨勬垚鍛樷€渙bject? IValueConverter.ConvertBack(object? value, Type targetType, object? parameter, CultureInfo culture)鈥濅笉鍖归厤(鍙兘鏄敱浜庝负 Null 鎬х壒鎬?銆?[D:\work\1-xk\code\lbl\AgentManagement.Avalonia.csproj]
     2>D:\work\1-xk\code\lbl\Converters\BoolToColorConverters.cs(46,23): warning CS8767: 鈥渙bject BoolToAvatarBackgroundConverter.ConvertBack(object value, Type targetType, object parameter, CultureInfo culture)鈥濈殑鍙傛暟鈥減arameter鈥濈被鍨嬩腑寮曠敤绫诲瀷鐨勪负 Null 鎬т笌闅愬紡瀹炵幇鐨勬垚鍛樷€渙bject? IValueConverter.ConvertBack(object? value, Type targetType, object? parameter, CultureInfo culture)鈥濅笉鍖归厤(鍙兘鏄敱浜庝负 Null 鎬х壒鎬?銆?[D:\work\1-xk\code\lbl\AgentManagement.Avalonia.csproj]
     2>D:\work\1-xk\code\lbl\Converters\BoolToColorConverters.cs(57,23): warning CS8767: 鈥渙bject BoolToTextColorConverter.Convert(object value, Type targetType, object parameter, CultureInfo culture)鈥濈殑鍙傛暟鈥渧alue鈥濈被鍨嬩腑寮曠敤绫诲瀷鐨勪负 Null 鎬т笌闅愬紡瀹炵幇鐨勬垚鍛樷€渙bject? IValueConverter.Convert(object? value, Type targetType, object? parameter, CultureInfo culture)鈥濅笉鍖归厤(鍙兘鏄敱浜庝负 Null 鎬х壒鎬?銆?[D:\work\1-xk\code\lbl\AgentManagement.Avalonia.csproj]
     2>D:\work\1-xk\code\lbl\Converters\BoolToColorConverters.cs(57,23): warning CS8767: 鈥渙bject BoolToTextColorConverter.Convert(object value, Type targetType, object parameter, CultureInfo culture)鈥濈殑鍙傛暟鈥減arameter鈥濈被鍨嬩腑寮曠敤绫诲瀷鐨勪负 Null 鎬т笌闅愬紡瀹炵幇鐨勬垚鍛樷€渙bject? IValueConverter.Convert(object? value, Type targetType, object? parameter, CultureInfo culture)鈥濅笉鍖归厤(鍙兘鏄敱浜庝负 Null 鎬х壒鎬?銆?[D:\work\1-xk\code\lbl\AgentManagement.Avalonia.csproj]
     2>D:\work\1-xk\code\lbl\Converters\BoolToColorConverters.cs(68,23): warning CS8767: 鈥渙bject BoolToTextColorConverter.ConvertBack(object value, Type targetType, object parameter, CultureInfo culture)鈥濈殑鍙傛暟鈥渧alue鈥濈被鍨嬩腑寮曠敤绫诲瀷鐨勪负 Null 鎬т笌闅愬紡瀹炵幇鐨勬垚鍛樷€渙bject? IValueConverter.ConvertBack(object? value, Type targetType, object? parameter, CultureInfo culture)鈥濅笉鍖归厤(鍙兘鏄敱浜庝负 Null 鎬х壒鎬?銆?[D:\work\1-xk\code\lbl\AgentManagement.Avalonia.csproj]
     2>D:\work\1-xk\code\lbl\Converters\BoolToColorConverters.cs(68,23): warning CS8767: 鈥渙bject BoolToTextColorConverter.ConvertBack(object value, Type targetType, object parameter, CultureInfo culture)鈥濈殑鍙傛暟鈥減arameter鈥濈被鍨嬩腑寮曠敤绫诲瀷鐨勪负 Null 鎬т笌闅愬紡瀹炵幇鐨勬垚鍛樷€渙bject? IValueConverter.ConvertBack(object? value, Type targetType, object? parameter, CultureInfo culture)鈥濅笉鍖归厤(鍙兘鏄敱浜庝负 Null 鎬х壒鎬?銆?[D:\work\1-xk\code\lbl\AgentManagement.Avalonia.csproj]
     2>D:\work\1-xk\code\lbl\Converters\BoolToColorConverters.cs(79,23): warning CS8767: 鈥渙bject ProfitColorConverter.Convert(object value, Type targetType, object parameter, CultureInfo culture)鈥濈殑鍙傛暟鈥渧alue鈥濈被鍨嬩腑寮曠敤绫诲瀷鐨勪负 Null 鎬т笌闅愬紡瀹炵幇鐨勬垚鍛樷€渙bject? IValueConverter.Convert(object? value, Type targetType, object? parameter, CultureInfo culture)鈥濅笉鍖归厤(鍙兘鏄敱浜庝负 Null 鎬х壒鎬?銆?[D:\work\1-xk\code\lbl\AgentManagement.Avalonia.csproj]
     2>D:\work\1-xk\code\lbl\Converters\BoolToColorConverters.cs(79,23): warning CS8767: 鈥渙bject ProfitColorConverter.Convert(object value, Type targetType, object parameter, CultureInfo culture)鈥濈殑鍙傛暟鈥減arameter鈥濈被鍨嬩腑寮曠敤绫诲瀷鐨勪负 Null 鎬т笌闅愬紡瀹炵幇鐨勬垚鍛樷€渙bject? IValueConverter.Convert(object? value, Type targetType, object? parameter, CultureInfo culture)鈥濅笉鍖归厤(鍙兘鏄敱浜庝负 Null 鎬х壒鎬?銆?[D:\work\1-xk\code\lbl\AgentManagement.Avalonia.csproj]
     2>D:\work\1-xk\code\lbl\Converters\BoolToColorConverters.cs(98,23): warning CS8767: 鈥渙bject ProfitColorConverter.ConvertBack(object value, Type targetType, object parameter, CultureInfo culture)鈥濈殑鍙傛暟鈥渧alue鈥濈被鍨嬩腑寮曠敤绫诲瀷鐨勪负 Null 鎬т笌闅愬紡瀹炵幇鐨勬垚鍛樷€渙bject? IValueConverter.ConvertBack(object? value, Type targetType, object? parameter, CultureInfo culture)鈥濅笉鍖归厤(鍙兘鏄敱浜庝负 Null 鎬х壒鎬?銆?[D:\work\1-xk\code\lbl\AgentManagement.Avalonia.csproj]
     2>D:\work\1-xk\code\lbl\Converters\BoolToColorConverters.cs(98,23): warning CS8767: 鈥渙bject ProfitColorConverter.ConvertBack(object value, Type targetType, object parameter, CultureInfo culture)鈥濈殑鍙傛暟鈥減arameter鈥濈被鍨嬩腑寮曠敤绫诲瀷鐨勪负 Null 鎬т笌闅愬紡瀹炵幇鐨勬垚鍛樷€渙bject? IValueConverter.ConvertBack(object? value, Type targetType, object? parameter, CultureInfo culture)鈥濅笉鍖归厤(鍙兘鏄敱浜庝负 Null 鎬х壒鎬?銆?[D:\work\1-xk\code\lbl\AgentManagement.Avalonia.csproj]
     2>D:\work\1-xk\code\lbl\Converters\BoolToColorConverters.cs(109,23): warning CS8767: 鈥渙bject ProfitGreenRedColorConverter.Convert(object value, Type targetType, object parameter, CultureInfo culture)鈥濈殑鍙傛暟鈥渧alue鈥濈被鍨嬩腑寮曠敤绫诲瀷鐨勪负 Null 鎬т笌闅愬紡瀹炵幇鐨勬垚鍛樷€渙bject? IValueConverter.Convert(object? value, Type targetType, object? parameter, CultureInfo culture)鈥濅笉鍖归厤(鍙兘鏄敱浜庝负 Null 鎬х壒鎬?銆?[D:\work\1-xk\code\lbl\AgentManagement.Avalonia.csproj]
     2>D:\work\1-xk\code\lbl\Converters\BoolToColorConverters.cs(109,23): warning CS8767: 鈥渙bject ProfitGreenRedColorConverter.Convert(object value, Type targetType, object parameter, CultureInfo culture)鈥濈殑鍙傛暟鈥減arameter鈥濈被鍨嬩腑寮曠敤绫诲瀷鐨勪负 Null 鎬т笌闅愬紡瀹炵幇鐨勬垚鍛樷€渙bject? IValueConverter.Convert(object? value, Type targetType, object? parameter, CultureInfo culture)鈥濅笉鍖归厤(鍙兘鏄敱浜庝负 Null 鎬х壒鎬?銆?[D:\work\1-xk\code\lbl\AgentManagement.Avalonia.csproj]
     2>D:\work\1-xk\code\lbl\Converters\BoolToColorConverters.cs(134,23): warning CS8767: 鈥渙bject ProfitGreenRedColorConverter.ConvertBack(object value, Type targetType, object parameter, CultureInfo culture)鈥濈殑鍙傛暟鈥渧alue鈥濈被鍨嬩腑寮曠敤绫诲瀷鐨勪负 Null 鎬т笌闅愬紡瀹炵幇鐨勬垚鍛樷€渙bject? IValueConverter.ConvertBack(object? value, Type targetType, object? parameter, CultureInfo culture)鈥濅笉鍖归厤(鍙兘鏄敱浜庝负 Null 鎬х壒鎬?銆?[D:\work\1-xk\code\lbl\AgentManagement.Avalonia.csproj]
     2>D:\work\1-xk\code\lbl\Converters\BoolToColorConverters.cs(134,23): warning CS8767: 鈥渙bject ProfitGreenRedColorConverter.ConvertBack(object value, Type targetType, object parameter, CultureInfo culture)鈥濈殑鍙傛暟鈥減arameter鈥濈被鍨嬩腑寮曠敤绫诲瀷鐨勪负 Null 鎬т笌闅愬紡瀹炵幇鐨勬垚鍛樷€渙bject? IValueConverter.ConvertBack(object? value, Type targetType, object? parameter, CultureInfo culture)鈥濅笉鍖归厤(鍙兘鏄敱浜庝负 Null 鎬х壒鎬?銆?[D:\work\1-xk\code\lbl\AgentManagement.Avalonia.csproj]
     2>D:\work\1-xk\code\lbl\Converters\BoolToColorConverters.cs(145,23): warning CS8767: 鈥渙bject ProfitLabelBackgroundConverter.Convert(object value, Type targetType, object parameter, CultureInfo culture)鈥濈殑鍙傛暟鈥渧alue鈥濈被鍨嬩腑寮曠敤绫诲瀷鐨勪负 Null 鎬т笌闅愬紡瀹炵幇鐨勬垚鍛樷€渙bject? IValueConverter.Convert(object? value, Type targetType, object? parameter, CultureInfo culture)鈥濅笉鍖归厤(鍙兘鏄敱浜庝负 Null 鎬х壒鎬?銆?[D:\work\1-xk\code\lbl\AgentManagement.Avalonia.csproj]
     2>D:\work\1-xk\code\lbl\Converters\BoolToColorConverters.cs(145,23): warning CS8767: 鈥渙bject ProfitLabelBackgroundConverter.Convert(object value, Type targetType, object parameter, CultureInfo culture)鈥濈殑鍙傛暟鈥減arameter鈥濈被鍨嬩腑寮曠敤绫诲瀷鐨勪负 Null 鎬т笌闅愬紡瀹炵幇鐨勬垚鍛樷€渙bject? IValueConverter.Convert(object? value, Type targetType, object? parameter, CultureInfo culture)鈥濅笉鍖归厤(鍙兘鏄敱浜庝负 Null 鎬х壒鎬?銆?[D:\work\1-xk\code\lbl\AgentManagement.Avalonia.csproj]
     2>D:\work\1-xk\code\lbl\Converters\BoolToColorConverters.cs(164,23): warning CS8767: 鈥渙bject ProfitLabelBackgroundConverter.ConvertBack(object value, Type targetType, object parameter, CultureInfo culture)鈥濈殑鍙傛暟鈥渧alue鈥濈被鍨嬩腑寮曠敤绫诲瀷鐨勪负 Null 鎬т笌闅愬紡瀹炵幇鐨勬垚鍛樷€渙bject? IValueConverter.ConvertBack(object? value, Type targetType, object? parameter, CultureInfo culture)鈥濅笉鍖归厤(鍙兘鏄敱浜庝负 Null 鎬х壒鎬?銆?[D:\work\1-xk\code\lbl\AgentManagement.Avalonia.csproj]
     2>D:\work\1-xk\code\lbl\Converters\BoolToColorConverters.cs(164,23): warning CS8767: 鈥渙bject ProfitLabelBackgroundConverter.ConvertBack(object value, Type targetType, object parameter, CultureInfo culture)鈥濈殑鍙傛暟鈥減arameter鈥濈被鍨嬩腑寮曠敤绫诲瀷鐨勪负 Null 鎬т笌闅愬紡瀹炵幇鐨勬垚鍛樷€渙bject? IValueConverter.ConvertBack(object? value, Type targetType, object? parameter, CultureInfo culture)鈥濅笉鍖归厤(鍙兘鏄敱浜庝负 Null 鎬х壒鎬?銆?[D:\work\1-xk\code\lbl\AgentManagement.Avalonia.csproj]
     2>D:\work\1-xk\code\lbl\Converters\BoolToColorConverters.cs(175,23): warning CS8767: 鈥渙bject ProfitLabelTextConverter.Convert(object value, Type targetType, object parameter, CultureInfo culture)鈥濈殑鍙傛暟鈥渧alue鈥濈被鍨嬩腑寮曠敤绫诲瀷鐨勪负 Null 鎬т笌闅愬紡瀹炵幇鐨勬垚鍛樷€渙bject? IValueConverter.Convert(object? value, Type targetType, object? parameter, CultureInfo culture)鈥濅笉鍖归厤(鍙兘鏄敱浜庝负 Null 鎬х壒鎬?銆?[D:\work\1-xk\code\lbl\AgentManagement.Avalonia.csproj]
     2>D:\work\1-xk\code\lbl\Converters\BoolToColorConverters.cs(175,23): warning CS8767: 鈥渙bject ProfitLabelTextConverter.Convert(object value, Type targetType, object parameter, CultureInfo culture)鈥濈殑鍙傛暟鈥減arameter鈥濈被鍨嬩腑寮曠敤绫诲瀷鐨勪负 Null 鎬т笌闅愬紡瀹炵幇鐨勬垚鍛樷€渙bject? IValueConverter.Convert(object? value, Type targetType, object? parameter, CultureInfo culture)鈥濅笉鍖归厤(鍙兘鏄敱浜庝负 Null 鎬х壒鎬?銆?[D:\work\1-xk\code\lbl\AgentManagement.Avalonia.csproj]
     2>D:\work\1-xk\code\lbl\Converters\BoolToColorConverters.cs(202,23): warning CS8767: 鈥渙bject ProfitLabelTextConverter.ConvertBack(object value, Type targetType, object parameter, CultureInfo culture)鈥濈殑鍙傛暟鈥渧alue鈥濈被鍨嬩腑寮曠敤绫诲瀷鐨勪负 Null 鎬т笌闅愬紡瀹炵幇鐨勬垚鍛樷€渙bject? IValueConverter.ConvertBack(object? value, Type targetType, object? parameter, CultureInfo culture)鈥濅笉鍖归厤(鍙兘鏄敱浜庝负 Null 鎬х壒鎬?銆?[D:\work\1-xk\code\lbl\AgentManagement.Avalonia.csproj]
     2>D:\work\1-xk\code\lbl\Converters\BoolToColorConverters.cs(202,23): warning CS8767: 鈥渙bject ProfitLabelTextConverter.ConvertBack(object value, Type targetType, object parameter, CultureInfo culture)鈥濈殑鍙傛暟鈥減arameter鈥濈被鍨嬩腑寮曠敤绫诲瀷鐨勪负 Null 鎬т笌闅愬紡瀹炵幇鐨勬垚鍛樷€渙bject? IValueConverter.ConvertBack(object? value, Type targetType, object? parameter, CultureInfo culture)鈥濅笉鍖归厤(鍙兘鏄敱浜庝负 Null 鎬х壒鎬?銆?[D:\work\1-xk\code\lbl\AgentManagement.Avalonia.csproj]
     2>D:\work\1-xk\code\lbl\Converters\BoolToColorConverters.cs(215,23): warning CS8767: 鈥渙bject GreaterThanZeroConverter.Convert(object value, Type targetType, object parameter, CultureInfo culture)鈥濈殑鍙傛暟鈥渧alue鈥濈被鍨嬩腑寮曠敤绫诲瀷鐨勪负 Null 鎬т笌闅愬紡瀹炵幇鐨勬垚鍛樷€渙bject? IValueConverter.Convert(object? value, Type targetType, object? parameter, CultureInfo culture)鈥濅笉鍖归厤(鍙兘鏄敱浜庝负 Null 鎬х壒鎬?銆?[D:\work\1-xk\code\lbl\AgentManagement.Avalonia.csproj]
     2>D:\work\1-xk\code\lbl\Converters\BoolToColorConverters.cs(215,23): warning CS8767: 鈥渙bject GreaterThanZeroConverter.Convert(object value, Type targetType, object parameter, CultureInfo culture)鈥濈殑鍙傛暟鈥減arameter鈥濈被鍨嬩腑寮曠敤绫诲瀷鐨勪负 Null 鎬т笌闅愬紡瀹炵幇鐨勬垚鍛樷€渙bject? IValueConverter.Convert(object? value, Type targetType, object? parameter, CultureInfo culture)鈥濅笉鍖归厤(鍙兘鏄敱浜庝负 Null 鎬х壒鎬?銆?[D:\work\1-xk\code\lbl\AgentManagement.Avalonia.csproj]
     2>D:\work\1-xk\code\lbl\Converters\BoolToColorConverters.cs(232,23): warning CS8767: 鈥渙bject GreaterThanZeroConverter.ConvertBack(object value, Type targetType, object parameter, CultureInfo culture)鈥濈殑鍙傛暟鈥渧alue鈥濈被鍨嬩腑寮曠敤绫诲瀷鐨勪负 Null 鎬т笌闅愬紡瀹炵幇鐨勬垚鍛樷€渙bject? IValueConverter.ConvertBack(object? value, Type targetType, object? parameter, CultureInfo culture)鈥濅笉鍖归厤(鍙兘鏄敱浜庝负 Null 鎬х壒鎬?銆?[D:\work\1-xk\code\lbl\AgentManagement.Avalonia.csproj]
     2>D:\work\1-xk\code\lbl\Converters\BoolToColorConverters.cs(232,23): warning CS8767: 鈥渙bject GreaterThanZeroConverter.ConvertBack(object value, Type targetType, object parameter, CultureInfo culture)鈥濈殑鍙傛暟鈥減arameter鈥濈被鍨嬩腑寮曠敤绫诲瀷鐨勪负 Null 鎬т笌闅愬紡瀹炵幇鐨勬垚鍛樷€渙bject? IValueConverter.ConvertBack(object? value, Type targetType, object? parameter, CultureInfo culture)鈥濅笉鍖归厤(鍙兘鏄敱浜庝负 Null 鎬х壒鎬?銆?[D:\work\1-xk\code\lbl\AgentManagement.Avalonia.csproj]
     2>D:\work\1-xk\code\lbl\Converters\BoolToColorConverters.cs(245,23): warning CS8767: 鈥渙bject EqualZeroConverter.Convert(object value, Type targetType, object parameter, CultureInfo culture)鈥濈殑鍙傛暟鈥渧alue鈥濈被鍨嬩腑寮曠敤绫诲瀷鐨勪负 Null 鎬т笌闅愬紡瀹炵幇鐨勬垚鍛樷€渙bject? IValueConverter.Convert(object? value, Type targetType, object? parameter, CultureInfo culture)鈥濅笉鍖归厤(鍙兘鏄敱浜庝负 Null 鎬х壒鎬?銆?[D:\work\1-xk\code\lbl\AgentManagement.Avalonia.csproj]
     2>D:\work\1-xk\code\lbl\Converters\BoolToColorConverters.cs(245,23): warning CS8767: 鈥渙bject EqualZeroConverter.Convert(object value, Type targetType, object parameter, CultureInfo culture)鈥濈殑鍙傛暟鈥減arameter鈥濈被鍨嬩腑寮曠敤绫诲瀷鐨勪负 Null 鎬т笌闅愬紡瀹炵幇鐨勬垚鍛樷€渙bject? IValueConverter.Convert(object? value, Type targetType, object? parameter, CultureInfo culture)鈥濅笉鍖归厤(鍙兘鏄敱浜庝负 Null 鎬х壒鎬?銆?[D:\work\1-xk\code\lbl\AgentManagement.Avalonia.csproj]
     2>D:\work\1-xk\code\lbl\Converters\BoolToColorConverters.cs(262,23): warning CS8767: 鈥渙bject EqualZeroConverter.ConvertBack(object value, Type targetType, object parameter, CultureInfo culture)鈥濈殑鍙傛暟鈥渧alue鈥濈被鍨嬩腑寮曠敤绫诲瀷鐨勪负 Null 鎬т笌闅愬紡瀹炵幇鐨勬垚鍛樷€渙bject? IValueConverter.ConvertBack(object? value, Type targetType, object? parameter, CultureInfo culture)鈥濅笉鍖归厤(鍙兘鏄敱浜庝负 Null 鎬х壒鎬?銆?[D:\work\1-xk\code\lbl\AgentManagement.Avalonia.csproj]
     2>D:\work\1-xk\code\lbl\Converters\BoolToColorConverters.cs(262,23): warning CS8767: 鈥渙bject EqualZeroConverter.ConvertBack(object value, Type targetType, object parameter, CultureInfo culture)鈥濈殑鍙傛暟鈥減arameter鈥濈被鍨嬩腑寮曠敤绫诲瀷鐨勪负 Null 鎬т笌闅愬紡瀹炵幇鐨勬垚鍛樷€渙bject? IValueConverter.ConvertBack(object? value, Type targetType, object? parameter, CultureInfo culture)鈥濅笉鍖归厤(鍙兘鏄敱浜庝负 Null 鎬х壒鎬?銆?[D:\work\1-xk\code\lbl\AgentManagement.Avalonia.csproj]
     2>D:\work\1-xk\code\lbl\ViewModels\CVPConfigViewModel.cs(16,24): warning CS8618: 鍦ㄩ€€鍑烘瀯閫犲嚱鏁版椂锛屼笉鍙负 null 鐨?瀛楁 "_id" 蹇呴』鍖呭惈闈?null 鍊笺€傝鑰冭檻娣诲姞 "required" 淇グ绗︽垨灏嗚 瀛楁 澹版槑涓哄彲涓?null銆?[D:\work\1-xk\code\lbl\AgentManagement.Avalonia.csproj]
     2>D:\work\1-xk\code\lbl\ViewModels\CVPConfigViewModel.cs(23,24): warning CS8618: 鍦ㄩ€€鍑烘瀯閫犲嚱鏁版椂锛屼笉鍙负 null 鐨?瀛楁 "_name" 蹇呴』鍖呭惈闈?null 鍊笺€傝鑰冭檻娣诲姞 "required" 淇グ绗︽垨灏嗚 瀛楁 澹版槑涓哄彲涓?null銆?[D:\work\1-xk\code\lbl\AgentManagement.Avalonia.csproj]
     2>D:\work\1-xk\code\lbl\Services\MessageService.cs(27,52): warning CS8602: 瑙ｅ紩鐢ㄥ彲鑳藉嚭鐜扮┖寮曠敤銆?[D:\work\1-xk\code\lbl\AgentManagement.Avalonia.csproj]
     2>D:\work\1-xk\code\lbl\ViewModels\Controls\DeptManagerAgentSelectorViewModel.cs(186,32): warning CS8602: 瑙ｅ紩鐢ㄥ彲鑳藉嚭鐜扮┖寮曠敤銆?[D:\work\1-xk\code\lbl\AgentManagement.Avalonia.csproj]
     2>D:\work\1-xk\code\lbl\ViewModels\CVPAnalysisViewModel.cs(468,25): warning CS4014: 鐢变簬姝よ皟鐢ㄤ笉浼氱瓑寰咃紝鍥犳鍦ㄦ璋冪敤瀹屾垚涔嬪墠灏嗕細缁х画鎵ц褰撳墠鏂规硶銆傝鑰冭檻灏?"await" 杩愮畻绗﹀簲鐢ㄤ簬璋冪敤缁撴灉銆?[D:\work\1-xk\code\lbl\AgentManagement.Avalonia.csproj]
     2>D:\work\1-xk\code\lbl\ViewModels\CVPAnalysisViewModel.cs(438,96): warning CS8602: 瑙ｅ紩鐢ㄥ彲鑳藉嚭鐜扮┖寮曠敤銆?[D:\work\1-xk\code\lbl\AgentManagement.Avalonia.csproj]
     2>D:\work\1-xk\code\lbl\ViewModels\CVPAnalysisViewModel.cs(438,55): warning CS8600: 灏?null 鏂囨湰鎴栧彲鑳界殑 null 鍊艰浆鎹负涓嶅彲涓?null 绫诲瀷銆?[D:\work\1-xk\code\lbl\AgentManagement.Avalonia.csproj]
     2>D:\work\1-xk\code\lbl\ViewModels\CVPAnalysisViewModel.cs(438,55): warning CS8602: 瑙ｅ紩鐢ㄥ彲鑳藉嚭鐜扮┖寮曠敤銆?[D:\work\1-xk\code\lbl\AgentManagement.Avalonia.csproj]
     2>D:\work\1-xk\code\lbl\ViewModels\rate\yuce\MonthDetailDrawerViewModel.cs(174,63): warning CS0618: 鈥淐hartPoint.PrimaryValue鈥濆凡杩囨椂:鈥淚nstead set the Coordinate of the point.鈥?[D:\work\1-xk\code\lbl\AgentManagement.Avalonia.csproj]
     2>D:\work\1-xk\code\lbl\ViewModels\LoginViewModel.cs(40,13): warning CS4014: 鐢变簬姝よ皟鐢ㄤ笉浼氱瓑寰咃紝鍥犳鍦ㄦ璋冪敤瀹屾垚涔嬪墠灏嗕細缁х画鎵ц褰撳墠鏂规硶銆傝鑰冭檻灏?"await" 杩愮畻绗﹀簲鐢ㄤ簬璋冪敤缁撴灉銆?[D:\work\1-xk\code\lbl\AgentManagement.Avalonia.csproj]
     2>D:\work\1-xk\code\lbl\ViewModels\MainWindowViewModel.cs(53,73): warning CS8622: 鈥渧oid MainWindowViewModel.NavigateToMenu(MenuItemViewModel menuItem)鈥濈殑鍙傛暟鈥渕enuItem鈥濈被鍨嬩腑寮曠敤绫诲瀷鐨勪负 Null 鎬т笌鐩爣濮旀墭鈥淎ction<MenuItemViewModel?>鈥濅笉鍖归厤(鍙兘鏄敱浜庝负 Null 鎬х壒鎬?銆?[D:\work\1-xk\code\lbl\AgentManagement.Avalonia.csproj]
     2>D:\work\1-xk\code\lbl\ViewModels\rate\detailyear\indexViewModel.cs(291,16): warning CS8618: 鍦ㄩ€€鍑烘瀯閫犲嚱鏁版椂锛屼笉鍙负 null 鐨?瀛楁 "_achievementRate" 蹇呴』鍖呭惈闈?null 鍊笺€傝鑰冭檻娣诲姞 "required" 淇グ绗︽垨灏嗚 瀛楁 澹版槑涓哄彲涓?null銆?[D:\work\1-xk\code\lbl\AgentManagement.Avalonia.csproj]
     2>D:\work\1-xk\code\lbl\ViewModels\rate\detailyear\indexViewModel.cs(291,16): warning CS8618: 鍦ㄩ€€鍑烘瀯閫犲嚱鏁版椂锛屼笉鍙负 null 鐨?瀛楁 "_configTargetSales" 蹇呴』鍖呭惈闈?null 鍊笺€傝鑰冭檻娣诲姞 "required" 淇グ绗︽垨灏嗚 瀛楁 澹版槑涓哄彲涓?null銆?[D:\work\1-xk\code\lbl\AgentManagement.Avalonia.csproj]
     2>D:\work\1-xk\code\lbl\ViewModels\rate\detailyear\indexViewModel.cs(25,24): warning CS8618: 鍦ㄩ€€鍑烘瀯閫犲嚱鏁版椂锛屼笉鍙负 null 鐨?瀛楁 "_agentName" 蹇呴』鍖呭惈闈?null 鍊笺€傝鑰冭檻娣诲姞 "required" 淇グ绗︽垨灏嗚 瀛楁 澹版槑涓哄彲涓?null銆?[D:\work\1-xk\code\lbl\AgentManagement.Avalonia.csproj]
     2>D:\work\1-xk\code\lbl\ViewModels\rate\detailyear\indexViewModel.cs(46,24): warning CS8618: 鍦ㄩ€€鍑烘瀯閫犲嚱鏁版椂锛屼笉鍙负 null 鐨?瀛楁 "_achievementRate" 蹇呴』鍖呭惈闈?null 鍊笺€傝鑰冭檻娣诲姞 "required" 淇グ绗︽垨灏嗚 瀛楁 澹版槑涓哄彲涓?null銆?[D:\work\1-xk\code\lbl\AgentManagement.Avalonia.csproj]
     2>D:\work\1-xk\code\lbl\ViewModels\rate\detailyear\indexViewModel.cs(115,24): warning CS8618: 鍦ㄩ€€鍑烘瀯閫犲嚱鏁版椂锛屼笉鍙负 null 鐨?瀛楁 "_totalExpenses" 蹇呴』鍖呭惈闈?null 鍊笺€傝鑰冭檻娣诲姞 "required" 淇グ绗︽垨灏嗚 瀛楁 澹版槑涓哄彲涓?null銆?[D:\work\1-xk\code\lbl\AgentManagement.Avalonia.csproj]
     2>D:\work\1-xk\code\lbl\ViewModels\rate\enddetail\indexViewModel.cs(1693,23): warning CS8618: 鍦ㄩ€€鍑烘瀯閫犲嚱鏁版椂锛屼笉鍙负 null 鐨?灞炴€?"ExpenseType" 蹇呴』鍖呭惈闈?null 鍊笺€傝鑰冭檻娣诲姞 "required" 淇グ绗︽垨灏嗚 灞炴€?澹版槑涓哄彲涓?null銆?[D:\work\1-xk\code\lbl\AgentManagement.Avalonia.csproj]
     2>D:\work\1-xk\code\lbl\ViewModels\rate\enddetail\indexViewModel.cs(1682,23): warning CS8618: 鍦ㄩ€€鍑烘瀯閫犲嚱鏁版椂锛屼笉鍙负 null 鐨?灞炴€?"Month" 蹇呴』鍖呭惈闈?null 鍊笺€傝鑰冭檻娣诲姞 "required" 淇グ绗︽垨灏嗚 灞炴€?澹版槑涓哄彲涓?null銆?[D:\work\1-xk\code\lbl\AgentManagement.Avalonia.csproj]
     2>D:\work\1-xk\code\lbl\ViewModels\rate\detailyear\indexViewModel.cs(503,113): warning CS8602: 瑙ｅ紩鐢ㄥ彲鑳藉嚭鐜扮┖寮曠敤銆?[D:\work\1-xk\code\lbl\AgentManagement.Avalonia.csproj]
     2>D:\work\1-xk\code\lbl\ViewModels\rate\marketfact\indexViewModel.cs(21,24): warning CS8618: 鍦ㄩ€€鍑烘瀯閫犲嚱鏁版椂锛屼笉鍙负 null 鐨?瀛楁 "_seriesName" 蹇呴』鍖呭惈闈?null 鍊笺€傝鑰冭檻娣诲姞 "required" 淇グ绗︽垨灏嗚 瀛楁 澹版槑涓哄彲涓?null銆?[D:\work\1-xk\code\lbl\AgentManagement.Avalonia.csproj]
     2>D:\work\1-xk\code\lbl\ViewModels\rate\enddetail\indexViewModel.cs(412,31): warning CS8602: 瑙ｅ紩鐢ㄥ彲鑳藉嚭鐜扮┖寮曠敤銆?[D:\work\1-xk\code\lbl\AgentManagement.Avalonia.csproj]
     2>D:\work\1-xk\code\lbl\ViewModels\rate\enddetail\indexViewModel.cs(416,31): warning CS8602: 瑙ｅ紩鐢ㄥ彲鑳藉嚭鐜扮┖寮曠敤銆?[D:\work\1-xk\code\lbl\AgentManagement.Avalonia.csproj]
     2>D:\work\1-xk\code\lbl\ViewModels\rate\enddetail\indexViewModel.cs(422,31): warning CS8602: 瑙ｅ紩鐢ㄥ彲鑳藉嚭鐜扮┖寮曠敤銆?[D:\work\1-xk\code\lbl\AgentManagement.Avalonia.csproj]
     2>D:\work\1-xk\code\lbl\ViewModels\rate\enddetail\indexViewModel.cs(424,35): warning CS8602: 瑙ｅ紩鐢ㄥ彲鑳藉嚭鐜扮┖寮曠敤銆?[D:\work\1-xk\code\lbl\AgentManagement.Avalonia.csproj]
     2>D:\work\1-xk\code\lbl\ViewModels\rate\enddetail\indexViewModel.cs(437,35): warning CS8602: 瑙ｅ紩鐢ㄥ彲鑳藉嚭鐜扮┖寮曠敤銆?[D:\work\1-xk\code\lbl\AgentManagement.Avalonia.csproj]
     2>D:\work\1-xk\code\lbl\ViewModels\rate\enddetail\indexViewModel.cs(439,35): warning CS8602: 瑙ｅ紩鐢ㄥ彲鑳藉嚭鐜扮┖寮曠敤銆?[D:\work\1-xk\code\lbl\AgentManagement.Avalonia.csproj]
     2>D:\work\1-xk\code\lbl\ViewModels\rate\enddetail\indexViewModel.cs(1654,23): warning CS8618: 鍦ㄩ€€鍑烘瀯閫犲嚱鏁版椂锛屼笉鍙负 null 鐨?灞炴€?"ItemModel" 蹇呴』鍖呭惈闈?null 鍊笺€傝鑰冭檻娣诲姞 "required" 淇グ绗︽垨灏嗚 灞炴€?澹版槑涓哄彲涓?null銆?[D:\work\1-xk\code\lbl\AgentManagement.Avalonia.csproj]
     2>D:\work\1-xk\code\lbl\ViewModels\rate\enddetail\indexViewModel.cs(1656,23): warning CS8618: 鍦ㄩ€€鍑烘瀯閫犲嚱鏁版椂锛屼笉鍙负 null 鐨?灞炴€?"AgentName" 蹇呴』鍖呭惈闈?null 鍊笺€傝鑰冭檻娣诲姞 "required" 淇グ绗︽垨灏嗚 灞炴€?澹版槑涓哄彲涓?null銆?[D:\work\1-xk\code\lbl\AgentManagement.Avalonia.csproj]
     2>D:\work\1-xk\code\lbl\ViewModels\rate\enddetail\indexViewModel.cs(1657,23): warning CS8618: 鍦ㄩ€€鍑烘瀯閫犲嚱鏁版椂锛屼笉鍙负 null 鐨?灞炴€?"YearMonth" 蹇呴』鍖呭惈闈?null 鍊笺€傝鑰冭檻娣诲姞 "required" 淇グ绗︽垨灏嗚 灞炴€?澹版槑涓哄彲涓?null銆?[D:\work\1-xk\code\lbl\AgentManagement.Avalonia.csproj]
     2>D:\work\1-xk\code\lbl\ViewModels\rate\yuce\indexViewModel.cs(2759,23): warning CS8618: 鍦ㄩ€€鍑烘瀯閫犲嚱鏁版椂锛屼笉鍙负 null 鐨?灞炴€?"ExpenseType" 蹇呴』鍖呭惈闈?null 鍊笺€傝鑰冭檻娣诲姞 "required" 淇グ绗︽垨灏嗚 灞炴€?澹版槑涓哄彲涓?null銆?[D:\work\1-xk\code\lbl\AgentManagement.Avalonia.csproj]
     2>D:\work\1-xk\code\lbl\ViewModels\rate\yuce\DetailHistoryDialogViewModel.cs(95,44): warning CS8604: 鈥渧oid DetailHistoryDialogViewModel.AddMonthlyDataItem(JObject data)鈥濅腑鐨勫舰鍙傗€渄ata鈥濆彲鑳戒紶鍏?null 寮曠敤瀹炲弬銆?[D:\work\1-xk\code\lbl\AgentManagement.Avalonia.csproj]
     2>D:\work\1-xk\code\lbl\ViewModels\rate\detailyear\indexViewModel.cs(595,117): warning CS8602: 瑙ｅ紩鐢ㄥ彲鑳藉嚭鐜扮┖寮曠敤銆?[D:\work\1-xk\code\lbl\AgentManagement.Avalonia.csproj]
     2>D:\work\1-xk\code\lbl\ViewModels\rate\detailyear\indexViewModel.cs(596,129): warning CS8602: 瑙ｅ紩鐢ㄥ彲鑳藉嚭鐜扮┖寮曠敤銆?[D:\work\1-xk\code\lbl\AgentManagement.Avalonia.csproj]
     2>D:\work\1-xk\code\lbl\ViewModels\rate\detailyear\indexViewModel.cs(597,109): warning CS8602: 瑙ｅ紩鐢ㄥ彲鑳藉嚭鐜扮┖寮曠敤銆?[D:\work\1-xk\code\lbl\AgentManagement.Avalonia.csproj]
     2>D:\work\1-xk\code\lbl\ViewModels\rate\detailyear\indexViewModel.cs(598,115): warning CS8602: 瑙ｅ紩鐢ㄥ彲鑳藉嚭鐜扮┖寮曠敤銆?[D:\work\1-xk\code\lbl\AgentManagement.Avalonia.csproj]
     2>D:\work\1-xk\code\lbl\ViewModels\rate\detailyear\indexViewModel.cs(599,117): warning CS8602: 瑙ｅ紩鐢ㄥ彲鑳藉嚭鐜扮┖寮曠敤銆?[D:\work\1-xk\code\lbl\AgentManagement.Avalonia.csproj]
     2>D:\work\1-xk\code\lbl\ViewModels\rate\detailyear\indexViewModel.cs(617,92): warning CS8602: 瑙ｅ紩鐢ㄥ彲鑳藉嚭鐜扮┖寮曠敤銆?[D:\work\1-xk\code\lbl\AgentManagement.Avalonia.csproj]
     2>D:\work\1-xk\code\lbl\ViewModels\rate\enddetail\indexViewModel.cs(579,104): warning CS8629: 鍙负 null 鐨勫€肩被鍨嬪彲涓?null銆?[D:\work\1-xk\code\lbl\AgentManagement.Avalonia.csproj]
     2>D:\work\1-xk\code\lbl\ViewModels\rate\enddetail\indexViewModel.cs(588,45): warning CS8602: 瑙ｅ紩鐢ㄥ彲鑳藉嚭鐜扮┖寮曠敤銆?[D:\work\1-xk\code\lbl\AgentManagement.Avalonia.csproj]
     2>D:\work\1-xk\code\lbl\ViewModels\rate\detailyear\indexViewModel.cs(718,107): warning CS8602: 瑙ｅ紩鐢ㄥ彲鑳藉嚭鐜扮┖寮曠敤銆?[D:\work\1-xk\code\lbl\AgentManagement.Avalonia.csproj]
     2>D:\work\1-xk\code\lbl\ViewModels\rate\detailyear\indexViewModel.cs(719,105): warning CS8602: 瑙ｅ紩鐢ㄥ彲鑳藉嚭鐜扮┖寮曠敤銆?[D:\work\1-xk\code\lbl\AgentManagement.Avalonia.csproj]
     2>D:\work\1-xk\code\lbl\ViewModels\rate\detailyear\indexViewModel.cs(720,117): warning CS8602: 瑙ｅ紩鐢ㄥ彲鑳藉嚭鐜扮┖寮曠敤銆?[D:\work\1-xk\code\lbl\AgentManagement.Avalonia.csproj]
     2>D:\work\1-xk\code\lbl\ViewModels\rate\detailyear\indexViewModel.cs(721,97): warning CS8602: 瑙ｅ紩鐢ㄥ彲鑳藉嚭鐜扮┖寮曠敤銆?[D:\work\1-xk\code\lbl\AgentManagement.Avalonia.csproj]
     2>D:\work\1-xk\code\lbl\ViewModels\rate\detailyear\indexViewModel.cs(722,103): warning CS8602: 瑙ｅ紩鐢ㄥ彲鑳藉嚭鐜扮┖寮曠敤銆?[D:\work\1-xk\code\lbl\AgentManagement.Avalonia.csproj]
     2>D:\work\1-xk\code\lbl\ViewModels\rate\detailyear\indexViewModel.cs(723,111): warning CS8602: 瑙ｅ紩鐢ㄥ彲鑳藉嚭鐜扮┖寮曠敤銆?[D:\work\1-xk\code\lbl\AgentManagement.Avalonia.csproj]
     2>D:\work\1-xk\code\lbl\ViewModels\rate\detailyear\indexViewModel.cs(724,95): warning CS8602: 瑙ｅ紩鐢ㄥ彲鑳藉嚭鐜扮┖寮曠敤銆?[D:\work\1-xk\code\lbl\AgentManagement.Avalonia.csproj]
     2>D:\work\1-xk\code\lbl\ViewModels\rate\enddetail\indexViewModel.cs(625,108): warning CS8629: 鍙负 null 鐨勫€肩被鍨嬪彲涓?null銆?[D:\work\1-xk\code\lbl\AgentManagement.Avalonia.csproj]
     2>D:\work\1-xk\code\lbl\ViewModels\rate\enddetail\indexViewModel.cs(653,39): warning CS8602: 瑙ｅ紩鐢ㄥ彲鑳藉嚭鐜扮┖寮曠敤銆?[D:\work\1-xk\code\lbl\AgentManagement.Avalonia.csproj]
     2>D:\work\1-xk\code\lbl\ViewModels\rate\enddetail\indexViewModel.cs(655,39): warning CS8602: 瑙ｅ紩鐢ㄥ彲鑳藉嚭鐜扮┖寮曠敤銆?[D:\work\1-xk\code\lbl\AgentManagement.Avalonia.csproj]
     2>D:\work\1-xk\code\lbl\ViewModels\rate\enddetail\indexViewModel.cs(657,39): warning CS8602: 瑙ｅ紩鐢ㄥ彲鑳藉嚭鐜扮┖寮曠敤銆?[D:\work\1-xk\code\lbl\AgentManagement.Avalonia.csproj]
     2>D:\work\1-xk\code\lbl\ViewModels\rate\enddetail\indexViewModel.cs(659,39): warning CS8602: 瑙ｅ紩鐢ㄥ彲鑳藉嚭鐜扮┖寮曠敤銆?[D:\work\1-xk\code\lbl\AgentManagement.Avalonia.csproj]
     2>D:\work\1-xk\code\lbl\ViewModels\rate\enddetail\indexViewModel.cs(661,39): warning CS8602: 瑙ｅ紩鐢ㄥ彲鑳藉嚭鐜扮┖寮曠敤銆?[D:\work\1-xk\code\lbl\AgentManagement.Avalonia.csproj]
     2>D:\work\1-xk\code\lbl\ViewModels\rate\enddetail\indexViewModel.cs(663,39): warning CS8602: 瑙ｅ紩鐢ㄥ彲鑳藉嚭鐜扮┖寮曠敤銆?[D:\work\1-xk\code\lbl\AgentManagement.Avalonia.csproj]
     2>D:\work\1-xk\code\lbl\ViewModels\rate\enddetail\indexViewModel.cs(665,39): warning CS8602: 瑙ｅ紩鐢ㄥ彲鑳藉嚭鐜扮┖寮曠敤銆?[D:\work\1-xk\code\lbl\AgentManagement.Avalonia.csproj]
     2>D:\work\1-xk\code\lbl\ViewModels\rate\enddetail\indexViewModel.cs(667,39): warning CS8602: 瑙ｅ紩鐢ㄥ彲鑳藉嚭鐜扮┖寮曠敤銆?[D:\work\1-xk\code\lbl\AgentManagement.Avalonia.csproj]
     2>D:\work\1-xk\code\lbl\ViewModels\rate\yuce\DetailHistoryDialogViewModel.cs(204,44): warning CS8604: 鈥渧oid DetailHistoryDialogViewModel.AddProductItem(JObject data)鈥濅腑鐨勫舰鍙傗€渄ata鈥濆彲鑳戒紶鍏?null 寮曠敤瀹炲弬銆?[D:\work\1-xk\code\lbl\AgentManagement.Avalonia.csproj]
     2>D:\work\1-xk\code\lbl\ViewModels\rate\yuce\DetailHistoryDialogViewModel.cs(214,46): warning CS8604: 鈥渧oid DetailHistoryDialogViewModel.AddStructureItem(JObject data)鈥濅腑鐨勫舰鍙傗€渄ata鈥濆彲鑳戒紶鍏?null 寮曠敤瀹炲弬銆?[D:\work\1-xk\code\lbl\AgentManagement.Avalonia.csproj]
     2>D:\work\1-xk\code\lbl\ViewModels\rate\yuce\DetailHistoryDialogViewModel.cs(272,24): warning CS8603: 鍙兘杩斿洖 null 寮曠敤銆?[D:\work\1-xk\code\lbl\AgentManagement.Avalonia.csproj]
     2>D:\work\1-xk\code\lbl\ViewModels\rate\enddetail\indexViewModel.cs(826,136): warning CS8629: 鍙负 null 鐨勫€肩被鍨嬪彲涓?null銆?[D:\work\1-xk\code\lbl\AgentManagement.Avalonia.csproj]
     2>D:\work\1-xk\code\lbl\ViewModels\rate\detailyear\indexViewModel.cs(1013,83): warning CS8602: 瑙ｅ紩鐢ㄥ彲鑳藉嚭鐜扮┖寮曠敤銆?[D:\work\1-xk\code\lbl\AgentManagement.Avalonia.csproj]
     2>D:\work\1-xk\code\lbl\ViewModels\rate\detailyear\indexViewModel.cs(1013,42): warning CS8600: 灏?null 鏂囨湰鎴栧彲鑳界殑 null 鍊艰浆鎹负涓嶅彲涓?null 绫诲瀷銆?[D:\work\1-xk\code\lbl\AgentManagement.Avalonia.csproj]
     2>D:\work\1-xk\code\lbl\ViewModels\rate\detailyear\indexViewModel.cs(1013,42): warning CS8602: 瑙ｅ紩鐢ㄥ彲鑳藉嚭鐜扮┖寮曠敤銆?[D:\work\1-xk\code\lbl\AgentManagement.Avalonia.csproj]
     2>D:\work\1-xk\code\lbl\ViewModels\rate\detailyear\indexViewModel.cs(1000,22): warning CS0219: 鍙橀噺鈥渋sConfirmed鈥濆凡琚祴鍊硷紝浣嗕粠鏈娇鐢ㄨ繃瀹冪殑鍊?[D:\work\1-xk\code\lbl\AgentManagement.Avalonia.csproj]
     2>D:\work\1-xk\code\lbl\ViewModels\rate\enddetail\indexViewModel.cs(1243,31): warning CS8602: 瑙ｅ紩鐢ㄥ彲鑳藉嚭鐜扮┖寮曠敤銆?[D:\work\1-xk\code\lbl\AgentManagement.Avalonia.csproj]
     2>D:\work\1-xk\code\lbl\ViewModels\rate\enddetail\indexViewModel.cs(1247,31): warning CS8602: 瑙ｅ紩鐢ㄥ彲鑳藉嚭鐜扮┖寮曠敤銆?[D:\work\1-xk\code\lbl\AgentManagement.Avalonia.csproj]
     2>D:\work\1-xk\code\lbl\ViewModels\rate\enddetail\indexViewModel.cs(1262,35): warning CS8602: 瑙ｅ紩鐢ㄥ彲鑳藉嚭鐜扮┖寮曠敤銆?[D:\work\1-xk\code\lbl\AgentManagement.Avalonia.csproj]
     2>D:\work\1-xk\code\lbl\ViewModels\rate\enddetail\indexViewModel.cs(1264,35): warning CS8602: 瑙ｅ紩鐢ㄥ彲鑳藉嚭鐜扮┖寮曠敤銆?[D:\work\1-xk\code\lbl\AgentManagement.Avalonia.csproj]
     2>D:\work\1-xk\code\lbl\ViewModels\rate\enddetail\indexViewModel.cs(1266,35): warning CS8602: 瑙ｅ紩鐢ㄥ彲鑳藉嚭鐜扮┖寮曠敤銆?[D:\work\1-xk\code\lbl\AgentManagement.Avalonia.csproj]
     2>D:\work\1-xk\code\lbl\ViewModels\rate\enddetail\indexViewModel.cs(1269,35): warning CS8602: 瑙ｅ紩鐢ㄥ彲鑳藉嚭鐜扮┖寮曠敤銆?[D:\work\1-xk\code\lbl\AgentManagement.Avalonia.csproj]
     2>D:\work\1-xk\code\lbl\ViewModels\rate\detailyear\indexViewModel.cs(1293,25): warning CS4014: 鐢变簬姝よ皟鐢ㄤ笉浼氱瓑寰咃紝鍥犳鍦ㄦ璋冪敤瀹屾垚涔嬪墠灏嗕細缁х画鎵ц褰撳墠鏂规硶銆傝鑰冭檻灏?"await" 杩愮畻绗﹀簲鐢ㄤ簬璋冪敤缁撴灉銆?[D:\work\1-xk\code\lbl\AgentManagement.Avalonia.csproj]
     2>D:\work\1-xk\code\lbl\ViewModels\rate\detailyear\indexViewModel.cs(1252,96): warning CS8602: 瑙ｅ紩鐢ㄥ彲鑳藉嚭鐜扮┖寮曠敤銆?[D:\work\1-xk\code\lbl\AgentManagement.Avalonia.csproj]
     2>D:\work\1-xk\code\lbl\ViewModels\rate\detailyear\indexViewModel.cs(1252,55): warning CS8600: 灏?null 鏂囨湰鎴栧彲鑳界殑 null 鍊艰浆鎹负涓嶅彲涓?null 绫诲瀷銆?[D:\work\1-xk\code\lbl\AgentManagement.Avalonia.csproj]
     2>D:\work\1-xk\code\lbl\ViewModels\rate\detailyear\indexViewModel.cs(1252,55): warning CS8602: 瑙ｅ紩鐢ㄥ彲鑳藉嚭鐜扮┖寮曠敤銆?[D:\work\1-xk\code\lbl\AgentManagement.Avalonia.csproj]
     2>D:\work\1-xk\code\lbl\ViewModels\rate\detailyear\indexViewModel.cs(1337,27): warning CS8618: 鍦ㄩ€€鍑烘瀯閫犲嚱鏁版椂锛屼笉鍙负 null 鐨?灞炴€?"ExpenseType" 蹇呴』鍖呭惈闈?null 鍊笺€傝鑰冭檻娣诲姞 "required" 淇グ绗︽垨灏嗚 灞炴€?澹版槑涓哄彲涓?null銆?[D:\work\1-xk\code\lbl\AgentManagement.Avalonia.csproj]
     2>D:\work\1-xk\code\lbl\ViewModels\rate\enddetail\indexViewModel.cs(1416,25): warning CS4014: 鐢变簬姝よ皟鐢ㄤ笉浼氱瓑寰咃紝鍥犳鍦ㄦ璋冪敤瀹屾垚涔嬪墠灏嗕細缁х画鎵ц褰撳墠鏂规硶銆傝鑰冭檻灏?"await" 杩愮畻绗﹀簲鐢ㄤ簬璋冪敤缁撴灉銆?[D:\work\1-xk\code\lbl\AgentManagement.Avalonia.csproj]
     2>D:\work\1-xk\code\lbl\ViewModels\rate\enddetail\indexViewModel.cs(1380,96): warning CS8602: 瑙ｅ紩鐢ㄥ彲鑳藉嚭鐜扮┖寮曠敤銆?[D:\work\1-xk\code\lbl\AgentManagement.Avalonia.csproj]
     2>D:\work\1-xk\code\lbl\ViewModels\rate\enddetail\indexViewModel.cs(1380,55): warning CS8600: 灏?null 鏂囨湰鎴栧彲鑳界殑 null 鍊艰浆鎹负涓嶅彲涓?null 绫诲瀷銆?[D:\work\1-xk\code\lbl\AgentManagement.Avalonia.csproj]
     2>D:\work\1-xk\code\lbl\ViewModels\rate\enddetail\indexViewModel.cs(1380,55): warning CS8602: 瑙ｅ紩鐢ㄥ彲鑳藉嚭鐜扮┖寮曠敤銆?[D:\work\1-xk\code\lbl\AgentManagement.Avalonia.csproj]
     2>D:\work\1-xk\code\lbl\ViewModels\rate\yuce\indexViewModel.cs(1038,63): warning CS8604: 鈥渟tring indexViewModel.GetSafeValue<string>(JObject data, string propertyName, string defaultValue)鈥濅腑鐨勫舰鍙傗€渄ata鈥濆彲鑳戒紶鍏?null 寮曠敤瀹炲弬銆?[D:\work\1-xk\code\lbl\AgentManagement.Avalonia.csproj]
     2>D:\work\1-xk\code\lbl\ViewModels\rate\yuce\indexViewModel.cs(1039,71): warning CS8604: 鈥渄ecimal indexViewModel.GetSafeValue<decimal>(JObject data, string propertyName, decimal defaultValue)鈥濅腑鐨勫舰鍙傗€渄ata鈥濆彲鑳戒紶鍏?null 寮曠敤瀹炲弬銆?[D:\work\1-xk\code\lbl\AgentManagement.Avalonia.csproj]
     2>D:\work\1-xk\code\lbl\ViewModels\rate\yuce\indexViewModel.cs(1040,71): warning CS8604: 鈥渄ecimal indexViewModel.GetSafeValue<decimal>(JObject data, string propertyName, decimal defaultValue)鈥濅腑鐨勫舰鍙傗€渄ata鈥濆彲鑳戒紶鍏?null 寮曠敤瀹炲弬銆?[D:\work\1-xk\code\lbl\AgentManagement.Avalonia.csproj]
     2>D:\work\1-xk\code\lbl\ViewModels\rate\yuce\indexViewModel.cs(1246,113): warning CS8602: 瑙ｅ紩鐢ㄥ彲鑳藉嚭鐜扮┖寮曠敤銆?[D:\work\1-xk\code\lbl\AgentManagement.Avalonia.csproj]
     2>D:\work\1-xk\code\lbl\ViewModels\rate\yuce\indexViewModel.cs(1957,25): warning CS4014: 鐢变簬姝よ皟鐢ㄤ笉浼氱瓑寰咃紝鍥犳鍦ㄦ璋冪敤瀹屾垚涔嬪墠灏嗕細缁х画鎵ц褰撳墠鏂规硶銆傝鑰冭檻灏?"await" 杩愮畻绗﹀簲鐢ㄤ簬璋冪敤缁撴灉銆?[D:\work\1-xk\code\lbl\AgentManagement.Avalonia.csproj]
     2>D:\work\1-xk\code\lbl\ViewModels\rate\yuce\indexViewModel.cs(2006,22): warning CS0219: 鍙橀噺鈥渋sConfirmed鈥濆凡琚祴鍊硷紝浣嗕粠鏈娇鐢ㄨ繃瀹冪殑鍊?[D:\work\1-xk\code\lbl\AgentManagement.Avalonia.csproj]
     2>D:\work\1-xk\code\lbl\ViewModels\rate\yuce\indexViewModel.cs(2287,65): warning CS8604: 鈥淭ask<bool?> ImportOptionsDialog.ShowDialogAsync(Window owner)鈥濅腑鐨勫舰鍙傗€渙wner鈥濆彲鑳戒紶鍏?null 寮曠敤瀹炲弬銆?[D:\work\1-xk\code\lbl\AgentManagement.Avalonia.csproj]
     2>D:\work\1-xk\code\lbl\ViewModels\rate\yuce\indexViewModel.cs(2404,56): warning CS8604: 鈥渧oid File.WriteAllBytes(string path, byte[] bytes)鈥濅腑鐨勫舰鍙傗€渂ytes鈥濆彲鑳戒紶鍏?null 寮曠敤瀹炲弬銆?[D:\work\1-xk\code\lbl\AgentManagement.Avalonia.csproj]
     2>D:\work\1-xk\code\lbl\ViewModels\rate\yuce\indexViewModel.cs(2564,24): warning CS8603: 鍙兘杩斿洖 null 寮曠敤銆?[D:\work\1-xk\code\lbl\AgentManagement.Avalonia.csproj]
     2>D:\work\1-xk\code\lbl\ViewModels\rate\marketfact\indexViewModel.cs(271,42): warning MVVMTK0034: The field AgentManagement.Avalonia.ViewModels.rate.marketfact.indexViewModel._cwEmployees is annotated with [ObservableProperty] and should not be directly referenced (use the generated property instead) (https://aka.ms/mvvmtoolkit/errors/mvvmtk0034) [D:\work\1-xk\code\lbl\AgentManagement.Avalonia.csproj]
     2>D:\work\1-xk\code\lbl\ViewModels\rate\marketfact\indexViewModel.cs(272,41): warning MVVMTK0034: The field AgentManagement.Avalonia.ViewModels.rate.marketfact.indexViewModel._cwVehicles is annotated with [ObservableProperty] and should not be directly referenced (use the generated property instead) (https://aka.ms/mvvmtoolkit/errors/mvvmtk0034) [D:\work\1-xk\code\lbl\AgentManagement.Avalonia.csproj]
     2>D:\work\1-xk\code\lbl\ViewModels\rate\marketfact\indexViewModel.cs(273,44): warning MVVMTK0034: The field AgentManagement.Avalonia.ViewModels.rate.marketfact.indexViewModel._cwSpecialFund is annotated with [ObservableProperty] and should not be directly referenced (use the generated property instead) (https://aka.ms/mvvmtoolkit/errors/mvvmtk0034) [D:\work\1-xk\code\lbl\AgentManagement.Avalonia.csproj]
     2>D:\work\1-xk\code\lbl\ViewModels\rate\marketfact\indexViewModel.cs(274,42): warning MVVMTK0034: The field AgentManagement.Avalonia.ViewModels.rate.marketfact.indexViewModel._tnEmployees is annotated with [ObservableProperty] and should not be directly referenced (use the generated property instead) (https://aka.ms/mvvmtoolkit/errors/mvvmtk0034) [D:\work\1-xk\code\lbl\AgentManagement.Avalonia.csproj]
     2>D:\work\1-xk\code\lbl\ViewModels\rate\marketfact\indexViewModel.cs(275,41): warning MVVMTK0034: The field AgentManagement.Avalonia.ViewModels.rate.marketfact.indexViewModel._tnVehicles is annotated with [ObservableProperty] and should not be directly referenced (use the generated property instead) (https://aka.ms/mvvmtoolkit/errors/mvvmtk0034) [D:\work\1-xk\code\lbl\AgentManagement.Avalonia.csproj]
     2>D:\work\1-xk\code\lbl\ViewModels\rate\marketfact\indexViewModel.cs(276,44): warning MVVMTK0034: The field AgentManagement.Avalonia.ViewModels.rate.marketfact.indexViewModel._tnSpecialFund is annotated with [ObservableProperty] and should not be directly referenced (use the generated property instead) (https://aka.ms/mvvmtoolkit/errors/mvvmtk0034) [D:\work\1-xk\code\lbl\AgentManagement.Avalonia.csproj]
     2>D:\work\1-xk\code\lbl\ViewModels\rate\marketfact\indexViewModel.cs(277,50): warning MVVMTK0034: The field AgentManagement.Avalonia.ViewModels.rate.marketfact.indexViewModel._totalMarketCapacity is annotated with [ObservableProperty] and should not be directly referenced (use the generated property instead) (https://aka.ms/mvvmtoolkit/errors/mvvmtk0034) [D:\work\1-xk\code\lbl\AgentManagement.Avalonia.csproj]
     2>D:\work\1-xk\code\lbl\ViewModels\AgentProductEditViewModel.cs(337,28): warning MVVMTK0039: The method AgentManagement.Avalonia.ViewModels.AgentProductEditViewModel.Save() annotated with [RelayCommand] is async void (make sure to return a Task type instead) (https://aka.ms/mvvmtoolkit/errors/mvvmtk0039) [D:\work\1-xk\code\lbl\AgentManagement.Avalonia.csproj]
     2>D:\work\1-xk\code\lbl\ViewModels\rate\detailyear\indexViewModel.cs(746,28): warning MVVMTK0039: The method AgentManagement.Avalonia.ViewModels.rate.detailyear.indexViewModel.ExportData() annotated with [RelayCommand] is async void (make sure to return a Task type instead) (https://aka.ms/mvvmtoolkit/errors/mvvmtk0039) [D:\work\1-xk\code\lbl\AgentManagement.Avalonia.csproj]
     2>D:\work\1-xk\code\lbl\ViewModels\rate\detailyear\indexViewModel.cs(826,28): warning MVVMTK0039: The method AgentManagement.Avalonia.ViewModels.rate.detailyear.indexViewModel.SaveSalesTargetYear() annotated with [RelayCommand] is async void (make sure to return a Task type instead) (https://aka.ms/mvvmtoolkit/errors/mvvmtk0039) [D:\work\1-xk\code\lbl\AgentManagement.Avalonia.csproj]
         CompilerServer: server - server processed compilation - AgentManagement.Avalonia (net6.0)
     2>宸插畬鎴愮敓鎴愰」鐩€淒:\work\1-xk\code\lbl\AgentManagement.Avalonia.csproj鈥?榛樿鐩爣)鐨勬搷浣?- 澶辫触銆?
     1>宸插畬鎴愮敓鎴愰」鐩€淒:\work\1-xk\code\lbl\AgentManagement.Avalonia.sln鈥?榛樿鐩爣)鐨勬搷浣?- 澶辫触銆?

鐢熸垚澶辫触銆?

       鈥淒:\work\1-xk\code\lbl\AgentManagement.Avalonia.sln鈥?Restore 鐩爣) (1) ->
       鈥淒:\work\1-xk\code\lbl\AgentManagement.Avalonia.csproj鈥?_GenerateRestoreGraphProjectEntry 鐩爣) (2:4) ->
       (_CheckForEolTargetFrameworks 鐩爣) -> 
         C:\Program Files\dotnet\sdk\10.0.300\Sdks\Microsoft.NET.Sdk\targets\Microsoft.NET.EolTargetFrameworks.targets(32,5): warning NETSDK1138: 鐩爣妗嗘灦鈥渘et6.0鈥濅笉鍙楁敮鎸侊紝灏嗘潵涓嶄細鏀跺埌瀹夊叏鏇存柊銆傛湁鍏虫敮鎸佺瓥鐣ョ殑璇︾粏淇℃伅锛岃鍙傞槄 https://aka.ms/dotnet-core-support銆?[D:\work\1-xk\code\lbl\AgentManagement.Avalonia.csproj]


       鈥淒:\work\1-xk\code\lbl\AgentManagement.Avalonia.sln鈥?Restore 鐩爣) (1) ->
       (Restore 鐩爣) -> 
         D:\work\1-xk\code\lbl\AgentManagement.Avalonia.csproj : warning NU1603: AgentManagement.Avalonia 渚濊禆浜?Avalonia (>= 11.1.12)锛屼絾娌℃湁鎵惧埌 Avalonia 11.1.12銆傚凡鏀逛负瑙ｆ瀽 Avalonia 11.2.0銆?[D:\work\1-xk\code\lbl\AgentManagement.Avalonia.sln]
         D:\work\1-xk\code\lbl\AgentManagement.Avalonia.csproj : warning NU1603: AgentManagement.Avalonia 渚濊禆浜?Avalonia.Controls.DataGrid (>= 11.1.12)锛屼絾娌℃湁鎵惧埌 Avalonia.Controls.DataGrid 11.1.12銆傚凡鏀逛负瑙ｆ瀽 Avalonia.Controls.DataGrid 11.2.0銆?[D:\work\1-xk\code\lbl\AgentManagement.Avalonia.sln]
         D:\work\1-xk\code\lbl\AgentManagement.Avalonia.csproj : warning NU1603: AgentManagement.Avalonia 渚濊禆浜?Avalonia.Desktop (>= 11.1.12)锛屼絾娌℃湁鎵惧埌 Avalonia.Desktop 11.1.12銆傚凡鏀逛负瑙ｆ瀽 Avalonia.Desktop 11.2.0銆?[D:\work\1-xk\code\lbl\AgentManagement.Avalonia.sln]
         D:\work\1-xk\code\lbl\AgentManagement.Avalonia.csproj : warning NU1603: AgentManagement.Avalonia 渚濊禆浜?Avalonia.Diagnostics (>= 11.1.12)锛屼絾娌℃湁鎵惧埌 Avalonia.Diagnostics 11.1.12銆傚凡鏀逛负瑙ｆ瀽 Avalonia.Diagnostics 11.2.0銆?[D:\work\1-xk\code\lbl\AgentManagement.Avalonia.sln]
         D:\work\1-xk\code\lbl\AgentManagement.Avalonia.csproj : warning NU1603: AgentManagement.Avalonia 渚濊禆浜?Avalonia.Fonts.Inter (>= 11.1.12)锛屼絾娌℃湁鎵惧埌 Avalonia.Fonts.Inter 11.1.12銆傚凡鏀逛负瑙ｆ瀽 Avalonia.Fonts.Inter 11.2.0銆?[D:\work\1-xk\code\lbl\AgentManagement.Avalonia.sln]
         D:\work\1-xk\code\lbl\AgentManagement.Avalonia.csproj : warning NU1603: AgentManagement.Avalonia 渚濊禆浜?Avalonia.Themes.Fluent (>= 11.1.12)锛屼絾娌℃湁鎵惧埌 Avalonia.Themes.Fluent 11.1.12銆傚凡鏀逛负瑙ｆ瀽 Avalonia.Themes.Fluent 11.2.0銆?[D:\work\1-xk\code\lbl\AgentManagement.Avalonia.sln]
         D:\work\1-xk\code\lbl\AgentManagement.Avalonia.csproj : warning NU1603: AgentManagement.Avalonia 渚濊禆浜?MessageBox.Avalonia (>= 3.1.2.1)锛屼絾娌℃湁鎵惧埌 MessageBox.Avalonia 3.1.2.1銆傚凡鏀逛负瑙ｆ瀽 MessageBox.Avalonia 3.1.3銆?[D:\work\1-xk\code\lbl\AgentManagement.Avalonia.sln]


       鈥淒:\work\1-xk\code\lbl\AgentManagement.Avalonia.sln鈥?榛樿鐩爣) (1:2) ->
       鈥淒:\work\1-xk\code\lbl\AgentManagement.Avalonia.csproj鈥?榛樿鐩爣) (2:6) ->
       (_CheckForEolTargetFrameworks 鐩爣) -> 
         C:\Program Files\dotnet\sdk\10.0.300\Sdks\Microsoft.NET.Sdk\targets\Microsoft.NET.EolTargetFrameworks.targets(32,5): warning NETSDK1138: 鐩爣妗嗘灦鈥渘et6.0鈥濅笉鍙楁敮鎸侊紝灏嗘潵涓嶄細鏀跺埌瀹夊叏鏇存柊銆傛湁鍏虫敮鎸佺瓥鐣ョ殑璇︾粏淇℃伅锛岃鍙傞槄 https://aka.ms/dotnet-core-support銆?[D:\work\1-xk\code\lbl\AgentManagement.Avalonia.csproj]


       鈥淒:\work\1-xk\code\lbl\AgentManagement.Avalonia.sln鈥?榛樿鐩爣) (1:2) ->
       鈥淒:\work\1-xk\code\lbl\AgentManagement.Avalonia.csproj鈥?榛樿鐩爣) (2:6) ->
       (ResolvePackageAssets 鐩爣) -> 
         D:\work\1-xk\code\lbl\AgentManagement.Avalonia.csproj : warning NU1603: AgentManagement.Avalonia 渚濊禆浜?Avalonia (>= 11.1.12)锛屼絾娌℃湁鎵惧埌 Avalonia 11.1.12銆傚凡鏀逛负瑙ｆ瀽 Avalonia 11.2.0銆?
         D:\work\1-xk\code\lbl\AgentManagement.Avalonia.csproj : warning NU1603: AgentManagement.Avalonia 渚濊禆浜?Avalonia.Controls.DataGrid (>= 11.1.12)锛屼絾娌℃湁鎵惧埌 Avalonia.Controls.DataGrid 11.1.12銆傚凡鏀逛负瑙ｆ瀽 Avalonia.Controls.DataGrid 11.2.0銆?
         D:\work\1-xk\code\lbl\AgentManagement.Avalonia.csproj : warning NU1603: AgentManagement.Avalonia 渚濊禆浜?Avalonia.Desktop (>= 11.1.12)锛屼絾娌℃湁鎵惧埌 Avalonia.Desktop 11.1.12銆傚凡鏀逛负瑙ｆ瀽 Avalonia.Desktop 11.2.0銆?
         D:\work\1-xk\code\lbl\AgentManagement.Avalonia.csproj : warning NU1603: AgentManagement.Avalonia 渚濊禆浜?Avalonia.Diagnostics (>= 11.1.12)锛屼絾娌℃湁鎵惧埌 Avalonia.Diagnostics 11.1.12銆傚凡鏀逛负瑙ｆ瀽 Avalonia.Diagnostics 11.2.0銆?
         D:\work\1-xk\code\lbl\AgentManagement.Avalonia.csproj : warning NU1603: AgentManagement.Avalonia 渚濊禆浜?Avalonia.Fonts.Inter (>= 11.1.12)锛屼絾娌℃湁鎵惧埌 Avalonia.Fonts.Inter 11.1.12銆傚凡鏀逛负瑙ｆ瀽 Avalonia.Fonts.Inter 11.2.0銆?
         D:\work\1-xk\code\lbl\AgentManagement.Avalonia.csproj : warning NU1603: AgentManagement.Avalonia 渚濊禆浜?Avalonia.Themes.Fluent (>= 11.1.12)锛屼絾娌℃湁鎵惧埌 Avalonia.Themes.Fluent 11.1.12銆傚凡鏀逛负瑙ｆ瀽 Avalonia.Themes.Fluent 11.2.0銆?
         D:\work\1-xk\code\lbl\AgentManagement.Avalonia.csproj : warning NU1603: AgentManagement.Avalonia 渚濊禆浜?MessageBox.Avalonia (>= 3.1.2.1)锛屼絾娌℃湁鎵惧埌 MessageBox.Avalonia 3.1.2.1銆傚凡鏀逛负瑙ｆ瀽 MessageBox.Avalonia 3.1.3銆?


       鈥淒:\work\1-xk\code\lbl\AgentManagement.Avalonia.sln鈥?榛樿鐩爣) (1:2) ->
       鈥淒:\work\1-xk\code\lbl\AgentManagement.Avalonia.csproj鈥?榛樿鐩爣) (2:6) ->
       (CoreCompile 鐩爣) -> 
         D:\work\1-xk\code\lbl\Converters\BoolToColorConverters.cs(13,23): warning CS8767: 鈥渙bject BoolToBackgroundConverter.Convert(object value, Type targetType, object parameter, CultureInfo culture)鈥濈殑鍙傛暟鈥渧alue鈥濈被鍨嬩腑寮曠敤绫诲瀷鐨勪负 Null 鎬т笌闅愬紡瀹炵幇鐨勬垚鍛樷€渙bject? IValueConverter.Convert(object? value, Type targetType, object? parameter, CultureInfo culture)鈥濅笉鍖归厤(鍙兘鏄敱浜庝负 Null 鎬х壒鎬?銆?[D:\work\1-xk\code\lbl\AgentManagement.Avalonia.csproj]
         D:\work\1-xk\code\lbl\Converters\BoolToColorConverters.cs(13,23): warning CS8767: 鈥渙bject BoolToBackgroundConverter.Convert(object value, Type targetType, object parameter, CultureInfo culture)鈥濈殑鍙傛暟鈥減arameter鈥濈被鍨嬩腑寮曠敤绫诲瀷鐨勪负 Null 鎬т笌闅愬紡瀹炵幇鐨勬垚鍛樷€渙bject? IValueConverter.Convert(object? value, Type targetType, object? parameter, CultureInfo culture)鈥濅笉鍖归厤(鍙兘鏄敱浜庝负 Null 鎬х壒鎬?銆?[D:\work\1-xk\code\lbl\AgentManagement.Avalonia.csproj]
         D:\work\1-xk\code\lbl\Converters\BoolToColorConverters.cs(24,23): warning CS8767: 鈥渙bject BoolToBackgroundConverter.ConvertBack(object value, Type targetType, object parameter, CultureInfo culture)鈥濈殑鍙傛暟鈥渧alue鈥濈被鍨嬩腑寮曠敤绫诲瀷鐨勪负 Null 鎬т笌闅愬紡瀹炵幇鐨勬垚鍛樷€渙bject? IValueConverter.ConvertBack(object? value, Type targetType, object? parameter, CultureInfo culture)鈥濅笉鍖归厤(鍙兘鏄敱浜庝负 Null 鎬х壒鎬?銆?[D:\work\1-xk\code\lbl\AgentManagement.Avalonia.csproj]
         D:\work\1-xk\code\lbl\Converters\BoolToColorConverters.cs(24,23): warning CS8767: 鈥渙bject BoolToBackgroundConverter.ConvertBack(object value, Type targetType, object parameter, CultureInfo culture)鈥濈殑鍙傛暟鈥減arameter鈥濈被鍨嬩腑寮曠敤绫诲瀷鐨勪负 Null 鎬т笌闅愬紡瀹炵幇鐨勬垚鍛樷€渙bject? IValueConverter.ConvertBack(object? value, Type targetType, object? parameter, CultureInfo culture)鈥濅笉鍖归厤(鍙兘鏄敱浜庝负 Null 鎬х壒鎬?銆?[D:\work\1-xk\code\lbl\AgentManagement.Avalonia.csproj]
         D:\work\1-xk\code\lbl\Converters\BoolToColorConverters.cs(35,23): warning CS8767: 鈥渙bject BoolToAvatarBackgroundConverter.Convert(object value, Type targetType, object parameter, CultureInfo culture)鈥濈殑鍙傛暟鈥渧alue鈥濈被鍨嬩腑寮曠敤绫诲瀷鐨勪负 Null 鎬т笌闅愬紡瀹炵幇鐨勬垚鍛樷€渙bject? IValueConverter.Convert(object? value, Type targetType, object? parameter, CultureInfo culture)鈥濅笉鍖归厤(鍙兘鏄敱浜庝负 Null 鎬х壒鎬?銆?[D:\work\1-xk\code\lbl\AgentManagement.Avalonia.csproj]
         D:\work\1-xk\code\lbl\Converters\BoolToColorConverters.cs(35,23): warning CS8767: 鈥渙bject BoolToAvatarBackgroundConverter.Convert(object value, Type targetType, object parameter, CultureInfo culture)鈥濈殑鍙傛暟鈥減arameter鈥濈被鍨嬩腑寮曠敤绫诲瀷鐨勪负 Null 鎬т笌闅愬紡瀹炵幇鐨勬垚鍛樷€渙bject? IValueConverter.Convert(object? value, Type targetType, object? parameter, CultureInfo culture)鈥濅笉鍖归厤(鍙兘鏄敱浜庝负 Null 鎬х壒鎬?銆?[D:\work\1-xk\code\lbl\AgentManagement.Avalonia.csproj]
         D:\work\1-xk\code\lbl\Converters\BoolToColorConverters.cs(46,23): warning CS8767: 鈥渙bject BoolToAvatarBackgroundConverter.ConvertBack(object value, Type targetType, object parameter, CultureInfo culture)鈥濈殑鍙傛暟鈥渧alue鈥濈被鍨嬩腑寮曠敤绫诲瀷鐨勪负 Null 鎬т笌闅愬紡瀹炵幇鐨勬垚鍛樷€渙bject? IValueConverter.ConvertBack(object? value, Type targetType, object? parameter, CultureInfo culture)鈥濅笉鍖归厤(鍙兘鏄敱浜庝负 Null 鎬х壒鎬?銆?[D:\work\1-xk\code\lbl\AgentManagement.Avalonia.csproj]
         D:\work\1-xk\code\lbl\Converters\BoolToColorConverters.cs(46,23): warning CS8767: 鈥渙bject BoolToAvatarBackgroundConverter.ConvertBack(object value, Type targetType, object parameter, CultureInfo culture)鈥濈殑鍙傛暟鈥減arameter鈥濈被鍨嬩腑寮曠敤绫诲瀷鐨勪负 Null 鎬т笌闅愬紡瀹炵幇鐨勬垚鍛樷€渙bject? IValueConverter.ConvertBack(object? value, Type targetType, object? parameter, CultureInfo culture)鈥濅笉鍖归厤(鍙兘鏄敱浜庝负 Null 鎬х壒鎬?銆?[D:\work\1-xk\code\lbl\AgentManagement.Avalonia.csproj]
         D:\work\1-xk\code\lbl\Converters\BoolToColorConverters.cs(57,23): warning CS8767: 鈥渙bject BoolToTextColorConverter.Convert(object value, Type targetType, object parameter, CultureInfo culture)鈥濈殑鍙傛暟鈥渧alue鈥濈被鍨嬩腑寮曠敤绫诲瀷鐨勪负 Null 鎬т笌闅愬紡瀹炵幇鐨勬垚鍛樷€渙bject? IValueConverter.Convert(object? value, Type targetType, object? parameter, CultureInfo culture)鈥濅笉鍖归厤(鍙兘鏄敱浜庝负 Null 鎬х壒鎬?銆?[D:\work\1-xk\code\lbl\AgentManagement.Avalonia.csproj]
         D:\work\1-xk\code\lbl\Converters\BoolToColorConverters.cs(57,23): warning CS8767: 鈥渙bject BoolToTextColorConverter.Convert(object value, Type targetType, object parameter, CultureInfo culture)鈥濈殑鍙傛暟鈥減arameter鈥濈被鍨嬩腑寮曠敤绫诲瀷鐨勪负 Null 鎬т笌闅愬紡瀹炵幇鐨勬垚鍛樷€渙bject? IValueConverter.Convert(object? value, Type targetType, object? parameter, CultureInfo culture)鈥濅笉鍖归厤(鍙兘鏄敱浜庝负 Null 鎬х壒鎬?銆?[D:\work\1-xk\code\lbl\AgentManagement.Avalonia.csproj]
         D:\work\1-xk\code\lbl\Converters\BoolToColorConverters.cs(68,23): warning CS8767: 鈥渙bject BoolToTextColorConverter.ConvertBack(object value, Type targetType, object parameter, CultureInfo culture)鈥濈殑鍙傛暟鈥渧alue鈥濈被鍨嬩腑寮曠敤绫诲瀷鐨勪负 Null 鎬т笌闅愬紡瀹炵幇鐨勬垚鍛樷€渙bject? IValueConverter.ConvertBack(object? value, Type targetType, object? parameter, CultureInfo culture)鈥濅笉鍖归厤(鍙兘鏄敱浜庝负 Null 鎬х壒鎬?銆?[D:\work\1-xk\code\lbl\AgentManagement.Avalonia.csproj]
         D:\work\1-xk\code\lbl\Converters\BoolToColorConverters.cs(68,23): warning CS8767: 鈥渙bject BoolToTextColorConverter.ConvertBack(object value, Type targetType, object parameter, CultureInfo culture)鈥濈殑鍙傛暟鈥減arameter鈥濈被鍨嬩腑寮曠敤绫诲瀷鐨勪负 Null 鎬т笌闅愬紡瀹炵幇鐨勬垚鍛樷€渙bject? IValueConverter.ConvertBack(object? value, Type targetType, object? parameter, CultureInfo culture)鈥濅笉鍖归厤(鍙兘鏄敱浜庝负 Null 鎬х壒鎬?銆?[D:\work\1-xk\code\lbl\AgentManagement.Avalonia.csproj]
         D:\work\1-xk\code\lbl\Converters\BoolToColorConverters.cs(79,23): warning CS8767: 鈥渙bject ProfitColorConverter.Convert(object value, Type targetType, object parameter, CultureInfo culture)鈥濈殑鍙傛暟鈥渧alue鈥濈被鍨嬩腑寮曠敤绫诲瀷鐨勪负 Null 鎬т笌闅愬紡瀹炵幇鐨勬垚鍛樷€渙bject? IValueConverter.Convert(object? value, Type targetType, object? parameter, CultureInfo culture)鈥濅笉鍖归厤(鍙兘鏄敱浜庝负 Null 鎬х壒鎬?銆?[D:\work\1-xk\code\lbl\AgentManagement.Avalonia.csproj]
         D:\work\1-xk\code\lbl\Converters\BoolToColorConverters.cs(79,23): warning CS8767: 鈥渙bject ProfitColorConverter.Convert(object value, Type targetType, object parameter, CultureInfo culture)鈥濈殑鍙傛暟鈥減arameter鈥濈被鍨嬩腑寮曠敤绫诲瀷鐨勪负 Null 鎬т笌闅愬紡瀹炵幇鐨勬垚鍛樷€渙bject? IValueConverter.Convert(object? value, Type targetType, object? parameter, CultureInfo culture)鈥濅笉鍖归厤(鍙兘鏄敱浜庝负 Null 鎬х壒鎬?銆?[D:\work\1-xk\code\lbl\AgentManagement.Avalonia.csproj]
         D:\work\1-xk\code\lbl\Converters\BoolToColorConverters.cs(98,23): warning CS8767: 鈥渙bject ProfitColorConverter.ConvertBack(object value, Type targetType, object parameter, CultureInfo culture)鈥濈殑鍙傛暟鈥渧alue鈥濈被鍨嬩腑寮曠敤绫诲瀷鐨勪负 Null 鎬т笌闅愬紡瀹炵幇鐨勬垚鍛樷€渙bject? IValueConverter.ConvertBack(object? value, Type targetType, object? parameter, CultureInfo culture)鈥濅笉鍖归厤(鍙兘鏄敱浜庝负 Null 鎬х壒鎬?銆?[D:\work\1-xk\code\lbl\AgentManagement.Avalonia.csproj]
         D:\work\1-xk\code\lbl\Converters\BoolToColorConverters.cs(98,23): warning CS8767: 鈥渙bject ProfitColorConverter.ConvertBack(object value, Type targetType, object parameter, CultureInfo culture)鈥濈殑鍙傛暟鈥減arameter鈥濈被鍨嬩腑寮曠敤绫诲瀷鐨勪负 Null 鎬т笌闅愬紡瀹炵幇鐨勬垚鍛樷€渙bject? IValueConverter.ConvertBack(object? value, Type targetType, object? parameter, CultureInfo culture)鈥濅笉鍖归厤(鍙兘鏄敱浜庝负 Null 鎬х壒鎬?銆?[D:\work\1-xk\code\lbl\AgentManagement.Avalonia.csproj]
         D:\work\1-xk\code\lbl\Converters\BoolToColorConverters.cs(109,23): warning CS8767: 鈥渙bject ProfitGreenRedColorConverter.Convert(object value, Type targetType, object parameter, CultureInfo culture)鈥濈殑鍙傛暟鈥渧alue鈥濈被鍨嬩腑寮曠敤绫诲瀷鐨勪负 Null 鎬т笌闅愬紡瀹炵幇鐨勬垚鍛樷€渙bject? IValueConverter.Convert(object? value, Type targetType, object? parameter, CultureInfo culture)鈥濅笉鍖归厤(鍙兘鏄敱浜庝负 Null 鎬х壒鎬?銆?[D:\work\1-xk\code\lbl\AgentManagement.Avalonia.csproj]
         D:\work\1-xk\code\lbl\Converters\BoolToColorConverters.cs(109,23): warning CS8767: 鈥渙bject ProfitGreenRedColorConverter.Convert(object value, Type targetType, object parameter, CultureInfo culture)鈥濈殑鍙傛暟鈥減arameter鈥濈被鍨嬩腑寮曠敤绫诲瀷鐨勪负 Null 鎬т笌闅愬紡瀹炵幇鐨勬垚鍛樷€渙bject? IValueConverter.Convert(object? value, Type targetType, object? parameter, CultureInfo culture)鈥濅笉鍖归厤(鍙兘鏄敱浜庝负 Null 鎬х壒鎬?銆?[D:\work\1-xk\code\lbl\AgentManagement.Avalonia.csproj]
         D:\work\1-xk\code\lbl\Converters\BoolToColorConverters.cs(134,23): warning CS8767: 鈥渙bject ProfitGreenRedColorConverter.ConvertBack(object value, Type targetType, object parameter, CultureInfo culture)鈥濈殑鍙傛暟鈥渧alue鈥濈被鍨嬩腑寮曠敤绫诲瀷鐨勪负 Null 鎬т笌闅愬紡瀹炵幇鐨勬垚鍛樷€渙bject? IValueConverter.ConvertBack(object? value, Type targetType, object? parameter, CultureInfo culture)鈥濅笉鍖归厤(鍙兘鏄敱浜庝负 Null 鎬х壒鎬?銆?[D:\work\1-xk\code\lbl\AgentManagement.Avalonia.csproj]
         D:\work\1-xk\code\lbl\Converters\BoolToColorConverters.cs(134,23): warning CS8767: 鈥渙bject ProfitGreenRedColorConverter.ConvertBack(object value, Type targetType, object parameter, CultureInfo culture)鈥濈殑鍙傛暟鈥減arameter鈥濈被鍨嬩腑寮曠敤绫诲瀷鐨勪负 Null 鎬т笌闅愬紡瀹炵幇鐨勬垚鍛樷€渙bject? IValueConverter.ConvertBack(object? value, Type targetType, object? parameter, CultureInfo culture)鈥濅笉鍖归厤(鍙兘鏄敱浜庝负 Null 鎬х壒鎬?銆?[D:\work\1-xk\code\lbl\AgentManagement.Avalonia.csproj]
         D:\work\1-xk\code\lbl\Converters\BoolToColorConverters.cs(145,23): warning CS8767: 鈥渙bject ProfitLabelBackgroundConverter.Convert(object value, Type targetType, object parameter, CultureInfo culture)鈥濈殑鍙傛暟鈥渧alue鈥濈被鍨嬩腑寮曠敤绫诲瀷鐨勪负 Null 鎬т笌闅愬紡瀹炵幇鐨勬垚鍛樷€渙bject? IValueConverter.Convert(object? value, Type targetType, object? parameter, CultureInfo culture)鈥濅笉鍖归厤(鍙兘鏄敱浜庝负 Null 鎬х壒鎬?銆?[D:\work\1-xk\code\lbl\AgentManagement.Avalonia.csproj]
         D:\work\1-xk\code\lbl\Converters\BoolToColorConverters.cs(145,23): warning CS8767: 鈥渙bject ProfitLabelBackgroundConverter.Convert(object value, Type targetType, object parameter, CultureInfo culture)鈥濈殑鍙傛暟鈥減arameter鈥濈被鍨嬩腑寮曠敤绫诲瀷鐨勪负 Null 鎬т笌闅愬紡瀹炵幇鐨勬垚鍛樷€渙bject? IValueConverter.Convert(object? value, Type targetType, object? parameter, CultureInfo culture)鈥濅笉鍖归厤(鍙兘鏄敱浜庝负 Null 鎬х壒鎬?銆?[D:\work\1-xk\code\lbl\AgentManagement.Avalonia.csproj]
         D:\work\1-xk\code\lbl\Converters\BoolToColorConverters.cs(164,23): warning CS8767: 鈥渙bject ProfitLabelBackgroundConverter.ConvertBack(object value, Type targetType, object parameter, CultureInfo culture)鈥濈殑鍙傛暟鈥渧alue鈥濈被鍨嬩腑寮曠敤绫诲瀷鐨勪负 Null 鎬т笌闅愬紡瀹炵幇鐨勬垚鍛樷€渙bject? IValueConverter.ConvertBack(object? value, Type targetType, object? parameter, CultureInfo culture)鈥濅笉鍖归厤(鍙兘鏄敱浜庝负 Null 鎬х壒鎬?銆?[D:\work\1-xk\code\lbl\AgentManagement.Avalonia.csproj]
         D:\work\1-xk\code\lbl\Converters\BoolToColorConverters.cs(164,23): warning CS8767: 鈥渙bject ProfitLabelBackgroundConverter.ConvertBack(object value, Type targetType, object parameter, CultureInfo culture)鈥濈殑鍙傛暟鈥減arameter鈥濈被鍨嬩腑寮曠敤绫诲瀷鐨勪负 Null 鎬т笌闅愬紡瀹炵幇鐨勬垚鍛樷€渙bject? IValueConverter.ConvertBack(object? value, Type targetType, object? parameter, CultureInfo culture)鈥濅笉鍖归厤(鍙兘鏄敱浜庝负 Null 鎬х壒鎬?銆?[D:\work\1-xk\code\lbl\AgentManagement.Avalonia.csproj]
         D:\work\1-xk\code\lbl\Converters\BoolToColorConverters.cs(175,23): warning CS8767: 鈥渙bject ProfitLabelTextConverter.Convert(object value, Type targetType, object parameter, CultureInfo culture)鈥濈殑鍙傛暟鈥渧alue鈥濈被鍨嬩腑寮曠敤绫诲瀷鐨勪负 Null 鎬т笌闅愬紡瀹炵幇鐨勬垚鍛樷€渙bject? IValueConverter.Convert(object? value, Type targetType, object? parameter, CultureInfo culture)鈥濅笉鍖归厤(鍙兘鏄敱浜庝负 Null 鎬х壒鎬?銆?[D:\work\1-xk\code\lbl\AgentManagement.Avalonia.csproj]
         D:\work\1-xk\code\lbl\Converters\BoolToColorConverters.cs(175,23): warning CS8767: 鈥渙bject ProfitLabelTextConverter.Convert(object value, Type targetType, object parameter, CultureInfo culture)鈥濈殑鍙傛暟鈥減arameter鈥濈被鍨嬩腑寮曠敤绫诲瀷鐨勪负 Null 鎬т笌闅愬紡瀹炵幇鐨勬垚鍛樷€渙bject? IValueConverter.Convert(object? value, Type targetType, object? parameter, CultureInfo culture)鈥濅笉鍖归厤(鍙兘鏄敱浜庝负 Null 鎬х壒鎬?銆?[D:\work\1-xk\code\lbl\AgentManagement.Avalonia.csproj]
         D:\work\1-xk\code\lbl\Converters\BoolToColorConverters.cs(202,23): warning CS8767: 鈥渙bject ProfitLabelTextConverter.ConvertBack(object value, Type targetType, object parameter, CultureInfo culture)鈥濈殑鍙傛暟鈥渧alue鈥濈被鍨嬩腑寮曠敤绫诲瀷鐨勪负 Null 鎬т笌闅愬紡瀹炵幇鐨勬垚鍛樷€渙bject? IValueConverter.ConvertBack(object? value, Type targetType, object? parameter, CultureInfo culture)鈥濅笉鍖归厤(鍙兘鏄敱浜庝负 Null 鎬х壒鎬?銆?[D:\work\1-xk\code\lbl\AgentManagement.Avalonia.csproj]
         D:\work\1-xk\code\lbl\Converters\BoolToColorConverters.cs(202,23): warning CS8767: 鈥渙bject ProfitLabelTextConverter.ConvertBack(object value, Type targetType, object parameter, CultureInfo culture)鈥濈殑鍙傛暟鈥減arameter鈥濈被鍨嬩腑寮曠敤绫诲瀷鐨勪负 Null 鎬т笌闅愬紡瀹炵幇鐨勬垚鍛樷€渙bject? IValueConverter.ConvertBack(object? value, Type targetType, object? parameter, CultureInfo culture)鈥濅笉鍖归厤(鍙兘鏄敱浜庝负 Null 鎬х壒鎬?銆?[D:\work\1-xk\code\lbl\AgentManagement.Avalonia.csproj]
         D:\work\1-xk\code\lbl\Converters\BoolToColorConverters.cs(215,23): warning CS8767: 鈥渙bject GreaterThanZeroConverter.Convert(object value, Type targetType, object parameter, CultureInfo culture)鈥濈殑鍙傛暟鈥渧alue鈥濈被鍨嬩腑寮曠敤绫诲瀷鐨勪负 Null 鎬т笌闅愬紡瀹炵幇鐨勬垚鍛樷€渙bject? IValueConverter.Convert(object? value, Type targetType, object? parameter, CultureInfo culture)鈥濅笉鍖归厤(鍙兘鏄敱浜庝负 Null 鎬х壒鎬?銆?[D:\work\1-xk\code\lbl\AgentManagement.Avalonia.csproj]
         D:\work\1-xk\code\lbl\Converters\BoolToColorConverters.cs(215,23): warning CS8767: 鈥渙bject GreaterThanZeroConverter.Convert(object value, Type targetType, object parameter, CultureInfo culture)鈥濈殑鍙傛暟鈥減arameter鈥濈被鍨嬩腑寮曠敤绫诲瀷鐨勪负 Null 鎬т笌闅愬紡瀹炵幇鐨勬垚鍛樷€渙bject? IValueConverter.Convert(object? value, Type targetType, object? parameter, CultureInfo culture)鈥濅笉鍖归厤(鍙兘鏄敱浜庝负 Null 鎬х壒鎬?銆?[D:\work\1-xk\code\lbl\AgentManagement.Avalonia.csproj]
         D:\work\1-xk\code\lbl\Converters\BoolToColorConverters.cs(232,23): warning CS8767: 鈥渙bject GreaterThanZeroConverter.ConvertBack(object value, Type targetType, object parameter, CultureInfo culture)鈥濈殑鍙傛暟鈥渧alue鈥濈被鍨嬩腑寮曠敤绫诲瀷鐨勪负 Null 鎬т笌闅愬紡瀹炵幇鐨勬垚鍛樷€渙bject? IValueConverter.ConvertBack(object? value, Type targetType, object? parameter, CultureInfo culture)鈥濅笉鍖归厤(鍙兘鏄敱浜庝负 Null 鎬х壒鎬?銆?[D:\work\1-xk\code\lbl\AgentManagement.Avalonia.csproj]
         D:\work\1-xk\code\lbl\Converters\BoolToColorConverters.cs(232,23): warning CS8767: 鈥渙bject GreaterThanZeroConverter.ConvertBack(object value, Type targetType, object parameter, CultureInfo culture)鈥濈殑鍙傛暟鈥減arameter鈥濈被鍨嬩腑寮曠敤绫诲瀷鐨勪负 Null 鎬т笌闅愬紡瀹炵幇鐨勬垚鍛樷€渙bject? IValueConverter.ConvertBack(object? value, Type targetType, object? parameter, CultureInfo culture)鈥濅笉鍖归厤(鍙兘鏄敱浜庝负 Null 鎬х壒鎬?銆?[D:\work\1-xk\code\lbl\AgentManagement.Avalonia.csproj]
         D:\work\1-xk\code\lbl\Converters\BoolToColorConverters.cs(245,23): warning CS8767: 鈥渙bject EqualZeroConverter.Convert(object value, Type targetType, object parameter, CultureInfo culture)鈥濈殑鍙傛暟鈥渧alue鈥濈被鍨嬩腑寮曠敤绫诲瀷鐨勪负 Null 鎬т笌闅愬紡瀹炵幇鐨勬垚鍛樷€渙bject? IValueConverter.Convert(object? value, Type targetType, object? parameter, CultureInfo culture)鈥濅笉鍖归厤(鍙兘鏄敱浜庝负 Null 鎬х壒鎬?銆?[D:\work\1-xk\code\lbl\AgentManagement.Avalonia.csproj]
         D:\work\1-xk\code\lbl\Converters\BoolToColorConverters.cs(245,23): warning CS8767: 鈥渙bject EqualZeroConverter.Convert(object value, Type targetType, object parameter, CultureInfo culture)鈥濈殑鍙傛暟鈥減arameter鈥濈被鍨嬩腑寮曠敤绫诲瀷鐨勪负 Null 鎬т笌闅愬紡瀹炵幇鐨勬垚鍛樷€渙bject? IValueConverter.Convert(object? value, Type targetType, object? parameter, CultureInfo culture)鈥濅笉鍖归厤(鍙兘鏄敱浜庝负 Null 鎬х壒鎬?銆?[D:\work\1-xk\code\lbl\AgentManagement.Avalonia.csproj]
         D:\work\1-xk\code\lbl\Converters\BoolToColorConverters.cs(262,23): warning CS8767: 鈥渙bject EqualZeroConverter.ConvertBack(object value, Type targetType, object parameter, CultureInfo culture)鈥濈殑鍙傛暟鈥渧alue鈥濈被鍨嬩腑寮曠敤绫诲瀷鐨勪负 Null 鎬т笌闅愬紡瀹炵幇鐨勬垚鍛樷€渙bject? IValueConverter.ConvertBack(object? value, Type targetType, object? parameter, CultureInfo culture)鈥濅笉鍖归厤(鍙兘鏄敱浜庝负 Null 鎬х壒鎬?銆?[D:\work\1-xk\code\lbl\AgentManagement.Avalonia.csproj]
         D:\work\1-xk\code\lbl\Converters\BoolToColorConverters.cs(262,23): warning CS8767: 鈥渙bject EqualZeroConverter.ConvertBack(object value, Type targetType, object parameter, CultureInfo culture)鈥濈殑鍙傛暟鈥減arameter鈥濈被鍨嬩腑寮曠敤绫诲瀷鐨勪负 Null 鎬т笌闅愬紡瀹炵幇鐨勬垚鍛樷€渙bject? IValueConverter.ConvertBack(object? value, Type targetType, object? parameter, CultureInfo culture)鈥濅笉鍖归厤(鍙兘鏄敱浜庝负 Null 鎬х壒鎬?銆?[D:\work\1-xk\code\lbl\AgentManagement.Avalonia.csproj]
         D:\work\1-xk\code\lbl\ViewModels\CVPConfigViewModel.cs(16,24): warning CS8618: 鍦ㄩ€€鍑烘瀯閫犲嚱鏁版椂锛屼笉鍙负 null 鐨?瀛楁 "_id" 蹇呴』鍖呭惈闈?null 鍊笺€傝鑰冭檻娣诲姞 "required" 淇グ绗︽垨灏嗚 瀛楁 澹版槑涓哄彲涓?null銆?[D:\work\1-xk\code\lbl\AgentManagement.Avalonia.csproj]
         D:\work\1-xk\code\lbl\ViewModels\CVPConfigViewModel.cs(23,24): warning CS8618: 鍦ㄩ€€鍑烘瀯閫犲嚱鏁版椂锛屼笉鍙负 null 鐨?瀛楁 "_name" 蹇呴』鍖呭惈闈?null 鍊笺€傝鑰冭檻娣诲姞 "required" 淇グ绗︽垨灏嗚 瀛楁 澹版槑涓哄彲涓?null銆?[D:\work\1-xk\code\lbl\AgentManagement.Avalonia.csproj]
         D:\work\1-xk\code\lbl\Services\MessageService.cs(27,52): warning CS8602: 瑙ｅ紩鐢ㄥ彲鑳藉嚭鐜扮┖寮曠敤銆?[D:\work\1-xk\code\lbl\AgentManagement.Avalonia.csproj]
         D:\work\1-xk\code\lbl\ViewModels\Controls\DeptManagerAgentSelectorViewModel.cs(186,32): warning CS8602: 瑙ｅ紩鐢ㄥ彲鑳藉嚭鐜扮┖寮曠敤銆?[D:\work\1-xk\code\lbl\AgentManagement.Avalonia.csproj]
         D:\work\1-xk\code\lbl\ViewModels\CVPAnalysisViewModel.cs(468,25): warning CS4014: 鐢变簬姝よ皟鐢ㄤ笉浼氱瓑寰咃紝鍥犳鍦ㄦ璋冪敤瀹屾垚涔嬪墠灏嗕細缁х画鎵ц褰撳墠鏂规硶銆傝鑰冭檻灏?"await" 杩愮畻绗﹀簲鐢ㄤ簬璋冪敤缁撴灉銆?[D:\work\1-xk\code\lbl\AgentManagement.Avalonia.csproj]
         D:\work\1-xk\code\lbl\ViewModels\CVPAnalysisViewModel.cs(438,96): warning CS8602: 瑙ｅ紩鐢ㄥ彲鑳藉嚭鐜扮┖寮曠敤銆?[D:\work\1-xk\code\lbl\AgentManagement.Avalonia.csproj]
         D:\work\1-xk\code\lbl\ViewModels\CVPAnalysisViewModel.cs(438,55): warning CS8600: 灏?null 鏂囨湰鎴栧彲鑳界殑 null 鍊艰浆鎹负涓嶅彲涓?null 绫诲瀷銆?[D:\work\1-xk\code\lbl\AgentManagement.Avalonia.csproj]
         D:\work\1-xk\code\lbl\ViewModels\CVPAnalysisViewModel.cs(438,55): warning CS8602: 瑙ｅ紩鐢ㄥ彲鑳藉嚭鐜扮┖寮曠敤銆?[D:\work\1-xk\code\lbl\AgentManagement.Avalonia.csproj]
         D:\work\1-xk\code\lbl\ViewModels\rate\yuce\MonthDetailDrawerViewModel.cs(174,63): warning CS0618: 鈥淐hartPoint.PrimaryValue鈥濆凡杩囨椂:鈥淚nstead set the Coordinate of the point.鈥?[D:\work\1-xk\code\lbl\AgentManagement.Avalonia.csproj]
         D:\work\1-xk\code\lbl\ViewModels\LoginViewModel.cs(40,13): warning CS4014: 鐢变簬姝よ皟鐢ㄤ笉浼氱瓑寰咃紝鍥犳鍦ㄦ璋冪敤瀹屾垚涔嬪墠灏嗕細缁х画鎵ц褰撳墠鏂规硶銆傝鑰冭檻灏?"await" 杩愮畻绗﹀簲鐢ㄤ簬璋冪敤缁撴灉銆?[D:\work\1-xk\code\lbl\AgentManagement.Avalonia.csproj]
         D:\work\1-xk\code\lbl\ViewModels\MainWindowViewModel.cs(53,73): warning CS8622: 鈥渧oid MainWindowViewModel.NavigateToMenu(MenuItemViewModel menuItem)鈥濈殑鍙傛暟鈥渕enuItem鈥濈被鍨嬩腑寮曠敤绫诲瀷鐨勪负 Null 鎬т笌鐩爣濮旀墭鈥淎ction<MenuItemViewModel?>鈥濅笉鍖归厤(鍙兘鏄敱浜庝负 Null 鎬х壒鎬?銆?[D:\work\1-xk\code\lbl\AgentManagement.Avalonia.csproj]
         D:\work\1-xk\code\lbl\ViewModels\rate\detailyear\indexViewModel.cs(291,16): warning CS8618: 鍦ㄩ€€鍑烘瀯閫犲嚱鏁版椂锛屼笉鍙负 null 鐨?瀛楁 "_achievementRate" 蹇呴』鍖呭惈闈?null 鍊笺€傝鑰冭檻娣诲姞 "required" 淇グ绗︽垨灏嗚 瀛楁 澹版槑涓哄彲涓?null銆?[D:\work\1-xk\code\lbl\AgentManagement.Avalonia.csproj]
         D:\work\1-xk\code\lbl\ViewModels\rate\detailyear\indexViewModel.cs(291,16): warning CS8618: 鍦ㄩ€€鍑烘瀯閫犲嚱鏁版椂锛屼笉鍙负 null 鐨?瀛楁 "_configTargetSales" 蹇呴』鍖呭惈闈?null 鍊笺€傝鑰冭檻娣诲姞 "required" 淇グ绗︽垨灏嗚 瀛楁 澹版槑涓哄彲涓?null銆?[D:\work\1-xk\code\lbl\AgentManagement.Avalonia.csproj]
         D:\work\1-xk\code\lbl\ViewModels\rate\detailyear\indexViewModel.cs(25,24): warning CS8618: 鍦ㄩ€€鍑烘瀯閫犲嚱鏁版椂锛屼笉鍙负 null 鐨?瀛楁 "_agentName" 蹇呴』鍖呭惈闈?null 鍊笺€傝鑰冭檻娣诲姞 "required" 淇グ绗︽垨灏嗚 瀛楁 澹版槑涓哄彲涓?null銆?[D:\work\1-xk\code\lbl\AgentManagement.Avalonia.csproj]
         D:\work\1-xk\code\lbl\ViewModels\rate\detailyear\indexViewModel.cs(46,24): warning CS8618: 鍦ㄩ€€鍑烘瀯閫犲嚱鏁版椂锛屼笉鍙负 null 鐨?瀛楁 "_achievementRate" 蹇呴』鍖呭惈闈?null 鍊笺€傝鑰冭檻娣诲姞 "required" 淇グ绗︽垨灏嗚 瀛楁 澹版槑涓哄彲涓?null銆?[D:\work\1-xk\code\lbl\AgentManagement.Avalonia.csproj]
         D:\work\1-xk\code\lbl\ViewModels\rate\detailyear\indexViewModel.cs(115,24): warning CS8618: 鍦ㄩ€€鍑烘瀯閫犲嚱鏁版椂锛屼笉鍙负 null 鐨?瀛楁 "_totalExpenses" 蹇呴』鍖呭惈闈?null 鍊笺€傝鑰冭檻娣诲姞 "required" 淇グ绗︽垨灏嗚 瀛楁 澹版槑涓哄彲涓?null銆?[D:\work\1-xk\code\lbl\AgentManagement.Avalonia.csproj]
         D:\work\1-xk\code\lbl\ViewModels\rate\enddetail\indexViewModel.cs(1693,23): warning CS8618: 鍦ㄩ€€鍑烘瀯閫犲嚱鏁版椂锛屼笉鍙负 null 鐨?灞炴€?"ExpenseType" 蹇呴』鍖呭惈闈?null 鍊笺€傝鑰冭檻娣诲姞 "required" 淇グ绗︽垨灏嗚 灞炴€?澹版槑涓哄彲涓?null銆?[D:\work\1-xk\code\lbl\AgentManagement.Avalonia.csproj]
         D:\work\1-xk\code\lbl\ViewModels\rate\enddetail\indexViewModel.cs(1682,23): warning CS8618: 鍦ㄩ€€鍑烘瀯閫犲嚱鏁版椂锛屼笉鍙负 null 鐨?灞炴€?"Month" 蹇呴』鍖呭惈闈?null 鍊笺€傝鑰冭檻娣诲姞 "required" 淇グ绗︽垨灏嗚 灞炴€?澹版槑涓哄彲涓?null銆?[D:\work\1-xk\code\lbl\AgentManagement.Avalonia.csproj]
         D:\work\1-xk\code\lbl\ViewModels\rate\detailyear\indexViewModel.cs(503,113): warning CS8602: 瑙ｅ紩鐢ㄥ彲鑳藉嚭鐜扮┖寮曠敤銆?[D:\work\1-xk\code\lbl\AgentManagement.Avalonia.csproj]
         D:\work\1-xk\code\lbl\ViewModels\rate\marketfact\indexViewModel.cs(21,24): warning CS8618: 鍦ㄩ€€鍑烘瀯閫犲嚱鏁版椂锛屼笉鍙负 null 鐨?瀛楁 "_seriesName" 蹇呴』鍖呭惈闈?null 鍊笺€傝鑰冭檻娣诲姞 "required" 淇グ绗︽垨灏嗚 瀛楁 澹版槑涓哄彲涓?null銆?[D:\work\1-xk\code\lbl\AgentManagement.Avalonia.csproj]
         D:\work\1-xk\code\lbl\ViewModels\rate\enddetail\indexViewModel.cs(412,31): warning CS8602: 瑙ｅ紩鐢ㄥ彲鑳藉嚭鐜扮┖寮曠敤銆?[D:\work\1-xk\code\lbl\AgentManagement.Avalonia.csproj]
         D:\work\1-xk\code\lbl\ViewModels\rate\enddetail\indexViewModel.cs(416,31): warning CS8602: 瑙ｅ紩鐢ㄥ彲鑳藉嚭鐜扮┖寮曠敤銆?[D:\work\1-xk\code\lbl\AgentManagement.Avalonia.csproj]
         D:\work\1-xk\code\lbl\ViewModels\rate\enddetail\indexViewModel.cs(422,31): warning CS8602: 瑙ｅ紩鐢ㄥ彲鑳藉嚭鐜扮┖寮曠敤銆?[D:\work\1-xk\code\lbl\AgentManagement.Avalonia.csproj]
         D:\work\1-xk\code\lbl\ViewModels\rate\enddetail\indexViewModel.cs(424,35): warning CS8602: 瑙ｅ紩鐢ㄥ彲鑳藉嚭鐜扮┖寮曠敤銆?[D:\work\1-xk\code\lbl\AgentManagement.Avalonia.csproj]
         D:\work\1-xk\code\lbl\ViewModels\rate\enddetail\indexViewModel.cs(437,35): warning CS8602: 瑙ｅ紩鐢ㄥ彲鑳藉嚭鐜扮┖寮曠敤銆?[D:\work\1-xk\code\lbl\AgentManagement.Avalonia.csproj]
         D:\work\1-xk\code\lbl\ViewModels\rate\enddetail\indexViewModel.cs(439,35): warning CS8602: 瑙ｅ紩鐢ㄥ彲鑳藉嚭鐜扮┖寮曠敤銆?[D:\work\1-xk\code\lbl\AgentManagement.Avalonia.csproj]
         D:\work\1-xk\code\lbl\ViewModels\rate\enddetail\indexViewModel.cs(1654,23): warning CS8618: 鍦ㄩ€€鍑烘瀯閫犲嚱鏁版椂锛屼笉鍙负 null 鐨?灞炴€?"ItemModel" 蹇呴』鍖呭惈闈?null 鍊笺€傝鑰冭檻娣诲姞 "required" 淇グ绗︽垨灏嗚 灞炴€?澹版槑涓哄彲涓?null銆?[D:\work\1-xk\code\lbl\AgentManagement.Avalonia.csproj]
         D:\work\1-xk\code\lbl\ViewModels\rate\enddetail\indexViewModel.cs(1656,23): warning CS8618: 鍦ㄩ€€鍑烘瀯閫犲嚱鏁版椂锛屼笉鍙负 null 鐨?灞炴€?"AgentName" 蹇呴』鍖呭惈闈?null 鍊笺€傝鑰冭檻娣诲姞 "required" 淇グ绗︽垨灏嗚 灞炴€?澹版槑涓哄彲涓?null銆?[D:\work\1-xk\code\lbl\AgentManagement.Avalonia.csproj]
         D:\work\1-xk\code\lbl\ViewModels\rate\enddetail\indexViewModel.cs(1657,23): warning CS8618: 鍦ㄩ€€鍑烘瀯閫犲嚱鏁版椂锛屼笉鍙负 null 鐨?灞炴€?"YearMonth" 蹇呴』鍖呭惈闈?null 鍊笺€傝鑰冭檻娣诲姞 "required" 淇グ绗︽垨灏嗚 灞炴€?澹版槑涓哄彲涓?null銆?[D:\work\1-xk\code\lbl\AgentManagement.Avalonia.csproj]
         D:\work\1-xk\code\lbl\ViewModels\rate\yuce\indexViewModel.cs(2759,23): warning CS8618: 鍦ㄩ€€鍑烘瀯閫犲嚱鏁版椂锛屼笉鍙负 null 鐨?灞炴€?"ExpenseType" 蹇呴』鍖呭惈闈?null 鍊笺€傝鑰冭檻娣诲姞 "required" 淇グ绗︽垨灏嗚 灞炴€?澹版槑涓哄彲涓?null銆?[D:\work\1-xk\code\lbl\AgentManagement.Avalonia.csproj]
         D:\work\1-xk\code\lbl\ViewModels\rate\yuce\DetailHistoryDialogViewModel.cs(95,44): warning CS8604: 鈥渧oid DetailHistoryDialogViewModel.AddMonthlyDataItem(JObject data)鈥濅腑鐨勫舰鍙傗€渄ata鈥濆彲鑳戒紶鍏?null 寮曠敤瀹炲弬銆?[D:\work\1-xk\code\lbl\AgentManagement.Avalonia.csproj]
         D:\work\1-xk\code\lbl\ViewModels\rate\detailyear\indexViewModel.cs(595,117): warning CS8602: 瑙ｅ紩鐢ㄥ彲鑳藉嚭鐜扮┖寮曠敤銆?[D:\work\1-xk\code\lbl\AgentManagement.Avalonia.csproj]
         D:\work\1-xk\code\lbl\ViewModels\rate\detailyear\indexViewModel.cs(596,129): warning CS8602: 瑙ｅ紩鐢ㄥ彲鑳藉嚭鐜扮┖寮曠敤銆?[D:\work\1-xk\code\lbl\AgentManagement.Avalonia.csproj]
         D:\work\1-xk\code\lbl\ViewModels\rate\detailyear\indexViewModel.cs(597,109): warning CS8602: 瑙ｅ紩鐢ㄥ彲鑳藉嚭鐜扮┖寮曠敤銆?[D:\work\1-xk\code\lbl\AgentManagement.Avalonia.csproj]
         D:\work\1-xk\code\lbl\ViewModels\rate\detailyear\indexViewModel.cs(598,115): warning CS8602: 瑙ｅ紩鐢ㄥ彲鑳藉嚭鐜扮┖寮曠敤銆?[D:\work\1-xk\code\lbl\AgentManagement.Avalonia.csproj]
         D:\work\1-xk\code\lbl\ViewModels\rate\detailyear\indexViewModel.cs(599,117): warning CS8602: 瑙ｅ紩鐢ㄥ彲鑳藉嚭鐜扮┖寮曠敤銆?[D:\work\1-xk\code\lbl\AgentManagement.Avalonia.csproj]
         D:\work\1-xk\code\lbl\ViewModels\rate\detailyear\indexViewModel.cs(617,92): warning CS8602: 瑙ｅ紩鐢ㄥ彲鑳藉嚭鐜扮┖寮曠敤銆?[D:\work\1-xk\code\lbl\AgentManagement.Avalonia.csproj]
         D:\work\1-xk\code\lbl\ViewModels\rate\enddetail\indexViewModel.cs(579,104): warning CS8629: 鍙负 null 鐨勫€肩被鍨嬪彲涓?null銆?[D:\work\1-xk\code\lbl\AgentManagement.Avalonia.csproj]
         D:\work\1-xk\code\lbl\ViewModels\rate\enddetail\indexViewModel.cs(588,45): warning CS8602: 瑙ｅ紩鐢ㄥ彲鑳藉嚭鐜扮┖寮曠敤銆?[D:\work\1-xk\code\lbl\AgentManagement.Avalonia.csproj]
         D:\work\1-xk\code\lbl\ViewModels\rate\detailyear\indexViewModel.cs(718,107): warning CS8602: 瑙ｅ紩鐢ㄥ彲鑳藉嚭鐜扮┖寮曠敤銆?[D:\work\1-xk\code\lbl\AgentManagement.Avalonia.csproj]
         D:\work\1-xk\code\lbl\ViewModels\rate\detailyear\indexViewModel.cs(719,105): warning CS8602: 瑙ｅ紩鐢ㄥ彲鑳藉嚭鐜扮┖寮曠敤銆?[D:\work\1-xk\code\lbl\AgentManagement.Avalonia.csproj]
         D:\work\1-xk\code\lbl\ViewModels\rate\detailyear\indexViewModel.cs(720,117): warning CS8602: 瑙ｅ紩鐢ㄥ彲鑳藉嚭鐜扮┖寮曠敤銆?[D:\work\1-xk\code\lbl\AgentManagement.Avalonia.csproj]
         D:\work\1-xk\code\lbl\ViewModels\rate\detailyear\indexViewModel.cs(721,97): warning CS8602: 瑙ｅ紩鐢ㄥ彲鑳藉嚭鐜扮┖寮曠敤銆?[D:\work\1-xk\code\lbl\AgentManagement.Avalonia.csproj]
         D:\work\1-xk\code\lbl\ViewModels\rate\detailyear\indexViewModel.cs(722,103): warning CS8602: 瑙ｅ紩鐢ㄥ彲鑳藉嚭鐜扮┖寮曠敤銆?[D:\work\1-xk\code\lbl\AgentManagement.Avalonia.csproj]
         D:\work\1-xk\code\lbl\ViewModels\rate\detailyear\indexViewModel.cs(723,111): warning CS8602: 瑙ｅ紩鐢ㄥ彲鑳藉嚭鐜扮┖寮曠敤銆?[D:\work\1-xk\code\lbl\AgentManagement.Avalonia.csproj]
         D:\work\1-xk\code\lbl\ViewModels\rate\detailyear\indexViewModel.cs(724,95): warning CS8602: 瑙ｅ紩鐢ㄥ彲鑳藉嚭鐜扮┖寮曠敤銆?[D:\work\1-xk\code\lbl\AgentManagement.Avalonia.csproj]
         D:\work\1-xk\code\lbl\ViewModels\rate\enddetail\indexViewModel.cs(625,108): warning CS8629: 鍙负 null 鐨勫€肩被鍨嬪彲涓?null銆?[D:\work\1-xk\code\lbl\AgentManagement.Avalonia.csproj]
         D:\work\1-xk\code\lbl\ViewModels\rate\enddetail\indexViewModel.cs(653,39): warning CS8602: 瑙ｅ紩鐢ㄥ彲鑳藉嚭鐜扮┖寮曠敤銆?[D:\work\1-xk\code\lbl\AgentManagement.Avalonia.csproj]
         D:\work\1-xk\code\lbl\ViewModels\rate\enddetail\indexViewModel.cs(655,39): warning CS8602: 瑙ｅ紩鐢ㄥ彲鑳藉嚭鐜扮┖寮曠敤銆?[D:\work\1-xk\code\lbl\AgentManagement.Avalonia.csproj]
         D:\work\1-xk\code\lbl\ViewModels\rate\enddetail\indexViewModel.cs(657,39): warning CS8602: 瑙ｅ紩鐢ㄥ彲鑳藉嚭鐜扮┖寮曠敤銆?[D:\work\1-xk\code\lbl\AgentManagement.Avalonia.csproj]
         D:\work\1-xk\code\lbl\ViewModels\rate\enddetail\indexViewModel.cs(659,39): warning CS8602: 瑙ｅ紩鐢ㄥ彲鑳藉嚭鐜扮┖寮曠敤銆?[D:\work\1-xk\code\lbl\AgentManagement.Avalonia.csproj]
         D:\work\1-xk\code\lbl\ViewModels\rate\enddetail\indexViewModel.cs(661,39): warning CS8602: 瑙ｅ紩鐢ㄥ彲鑳藉嚭鐜扮┖寮曠敤銆?[D:\work\1-xk\code\lbl\AgentManagement.Avalonia.csproj]
         D:\work\1-xk\code\lbl\ViewModels\rate\enddetail\indexViewModel.cs(663,39): warning CS8602: 瑙ｅ紩鐢ㄥ彲鑳藉嚭鐜扮┖寮曠敤銆?[D:\work\1-xk\code\lbl\AgentManagement.Avalonia.csproj]
         D:\work\1-xk\code\lbl\ViewModels\rate\enddetail\indexViewModel.cs(665,39): warning CS8602: 瑙ｅ紩鐢ㄥ彲鑳藉嚭鐜扮┖寮曠敤銆?[D:\work\1-xk\code\lbl\AgentManagement.Avalonia.csproj]
         D:\work\1-xk\code\lbl\ViewModels\rate\enddetail\indexViewModel.cs(667,39): warning CS8602: 瑙ｅ紩鐢ㄥ彲鑳藉嚭鐜扮┖寮曠敤銆?[D:\work\1-xk\code\lbl\AgentManagement.Avalonia.csproj]
         D:\work\1-xk\code\lbl\ViewModels\rate\yuce\DetailHistoryDialogViewModel.cs(204,44): warning CS8604: 鈥渧oid DetailHistoryDialogViewModel.AddProductItem(JObject data)鈥濅腑鐨勫舰鍙傗€渄ata鈥濆彲鑳戒紶鍏?null 寮曠敤瀹炲弬銆?[D:\work\1-xk\code\lbl\AgentManagement.Avalonia.csproj]
         D:\work\1-xk\code\lbl\ViewModels\rate\yuce\DetailHistoryDialogViewModel.cs(214,46): warning CS8604: 鈥渧oid DetailHistoryDialogViewModel.AddStructureItem(JObject data)鈥濅腑鐨勫舰鍙傗€渄ata鈥濆彲鑳戒紶鍏?null 寮曠敤瀹炲弬銆?[D:\work\1-xk\code\lbl\AgentManagement.Avalonia.csproj]
         D:\work\1-xk\code\lbl\ViewModels\rate\yuce\DetailHistoryDialogViewModel.cs(272,24): warning CS8603: 鍙兘杩斿洖 null 寮曠敤銆?[D:\work\1-xk\code\lbl\AgentManagement.Avalonia.csproj]
         D:\work\1-xk\code\lbl\ViewModels\rate\enddetail\indexViewModel.cs(826,136): warning CS8629: 鍙负 null 鐨勫€肩被鍨嬪彲涓?null銆?[D:\work\1-xk\code\lbl\AgentManagement.Avalonia.csproj]
         D:\work\1-xk\code\lbl\ViewModels\rate\detailyear\indexViewModel.cs(1013,83): warning CS8602: 瑙ｅ紩鐢ㄥ彲鑳藉嚭鐜扮┖寮曠敤銆?[D:\work\1-xk\code\lbl\AgentManagement.Avalonia.csproj]
         D:\work\1-xk\code\lbl\ViewModels\rate\detailyear\indexViewModel.cs(1013,42): warning CS8600: 灏?null 鏂囨湰鎴栧彲鑳界殑 null 鍊艰浆鎹负涓嶅彲涓?null 绫诲瀷銆?[D:\work\1-xk\code\lbl\AgentManagement.Avalonia.csproj]
         D:\work\1-xk\code\lbl\ViewModels\rate\detailyear\indexViewModel.cs(1013,42): warning CS8602: 瑙ｅ紩鐢ㄥ彲鑳藉嚭鐜扮┖寮曠敤銆?[D:\work\1-xk\code\lbl\AgentManagement.Avalonia.csproj]
         D:\work\1-xk\code\lbl\ViewModels\rate\detailyear\indexViewModel.cs(1000,22): warning CS0219: 鍙橀噺鈥渋sConfirmed鈥濆凡琚祴鍊硷紝浣嗕粠鏈娇鐢ㄨ繃瀹冪殑鍊?[D:\work\1-xk\code\lbl\AgentManagement.Avalonia.csproj]
         D:\work\1-xk\code\lbl\ViewModels\rate\enddetail\indexViewModel.cs(1243,31): warning CS8602: 瑙ｅ紩鐢ㄥ彲鑳藉嚭鐜扮┖寮曠敤銆?[D:\work\1-xk\code\lbl\AgentManagement.Avalonia.csproj]
         D:\work\1-xk\code\lbl\ViewModels\rate\enddetail\indexViewModel.cs(1247,31): warning CS8602: 瑙ｅ紩鐢ㄥ彲鑳藉嚭鐜扮┖寮曠敤銆?[D:\work\1-xk\code\lbl\AgentManagement.Avalonia.csproj]
         D:\work\1-xk\code\lbl\ViewModels\rate\enddetail\indexViewModel.cs(1262,35): warning CS8602: 瑙ｅ紩鐢ㄥ彲鑳藉嚭鐜扮┖寮曠敤銆?[D:\work\1-xk\code\lbl\AgentManagement.Avalonia.csproj]
         D:\work\1-xk\code\lbl\ViewModels\rate\enddetail\indexViewModel.cs(1264,35): warning CS8602: 瑙ｅ紩鐢ㄥ彲鑳藉嚭鐜扮┖寮曠敤銆?[D:\work\1-xk\code\lbl\AgentManagement.Avalonia.csproj]
         D:\work\1-xk\code\lbl\ViewModels\rate\enddetail\indexViewModel.cs(1266,35): warning CS8602: 瑙ｅ紩鐢ㄥ彲鑳藉嚭鐜扮┖寮曠敤銆?[D:\work\1-xk\code\lbl\AgentManagement.Avalonia.csproj]
         D:\work\1-xk\code\lbl\ViewModels\rate\enddetail\indexViewModel.cs(1269,35): warning CS8602: 瑙ｅ紩鐢ㄥ彲鑳藉嚭鐜扮┖寮曠敤銆?[D:\work\1-xk\code\lbl\AgentManagement.Avalonia.csproj]
         D:\work\1-xk\code\lbl\ViewModels\rate\detailyear\indexViewModel.cs(1293,25): warning CS4014: 鐢变簬姝よ皟鐢ㄤ笉浼氱瓑寰咃紝鍥犳鍦ㄦ璋冪敤瀹屾垚涔嬪墠灏嗕細缁х画鎵ц褰撳墠鏂规硶銆傝鑰冭檻灏?"await" 杩愮畻绗﹀簲鐢ㄤ簬璋冪敤缁撴灉銆?[D:\work\1-xk\code\lbl\AgentManagement.Avalonia.csproj]
         D:\work\1-xk\code\lbl\ViewModels\rate\detailyear\indexViewModel.cs(1252,96): warning CS8602: 瑙ｅ紩鐢ㄥ彲鑳藉嚭鐜扮┖寮曠敤銆?[D:\work\1-xk\code\lbl\AgentManagement.Avalonia.csproj]
         D:\work\1-xk\code\lbl\ViewModels\rate\detailyear\indexViewModel.cs(1252,55): warning CS8600: 灏?null 鏂囨湰鎴栧彲鑳界殑 null 鍊艰浆鎹负涓嶅彲涓?null 绫诲瀷銆?[D:\work\1-xk\code\lbl\AgentManagement.Avalonia.csproj]
         D:\work\1-xk\code\lbl\ViewModels\rate\detailyear\indexViewModel.cs(1252,55): warning CS8602: 瑙ｅ紩鐢ㄥ彲鑳藉嚭鐜扮┖寮曠敤銆?[D:\work\1-xk\code\lbl\AgentManagement.Avalonia.csproj]
         D:\work\1-xk\code\lbl\ViewModels\rate\detailyear\indexViewModel.cs(1337,27): warning CS8618: 鍦ㄩ€€鍑烘瀯閫犲嚱鏁版椂锛屼笉鍙负 null 鐨?灞炴€?"ExpenseType" 蹇呴』鍖呭惈闈?null 鍊笺€傝鑰冭檻娣诲姞 "required" 淇グ绗︽垨灏嗚 灞炴€?澹版槑涓哄彲涓?null銆?[D:\work\1-xk\code\lbl\AgentManagement.Avalonia.csproj]
         D:\work\1-xk\code\lbl\ViewModels\rate\enddetail\indexViewModel.cs(1416,25): warning CS4014: 鐢变簬姝よ皟鐢ㄤ笉浼氱瓑寰咃紝鍥犳鍦ㄦ璋冪敤瀹屾垚涔嬪墠灏嗕細缁х画鎵ц褰撳墠鏂规硶銆傝鑰冭檻灏?"await" 杩愮畻绗﹀簲鐢ㄤ簬璋冪敤缁撴灉銆?[D:\work\1-xk\code\lbl\AgentManagement.Avalonia.csproj]
         D:\work\1-xk\code\lbl\ViewModels\rate\enddetail\indexViewModel.cs(1380,96): warning CS8602: 瑙ｅ紩鐢ㄥ彲鑳藉嚭鐜扮┖寮曠敤銆?[D:\work\1-xk\code\lbl\AgentManagement.Avalonia.csproj]
         D:\work\1-xk\code\lbl\ViewModels\rate\enddetail\indexViewModel.cs(1380,55): warning CS8600: 灏?null 鏂囨湰鎴栧彲鑳界殑 null 鍊艰浆鎹负涓嶅彲涓?null 绫诲瀷銆?[D:\work\1-xk\code\lbl\AgentManagement.Avalonia.csproj]
         D:\work\1-xk\code\lbl\ViewModels\rate\enddetail\indexViewModel.cs(1380,55): warning CS8602: 瑙ｅ紩鐢ㄥ彲鑳藉嚭鐜扮┖寮曠敤銆?[D:\work\1-xk\code\lbl\AgentManagement.Avalonia.csproj]
         D:\work\1-xk\code\lbl\ViewModels\rate\yuce\indexViewModel.cs(1038,63): warning CS8604: 鈥渟tring indexViewModel.GetSafeValue<string>(JObject data, string propertyName, string defaultValue)鈥濅腑鐨勫舰鍙傗€渄ata鈥濆彲鑳戒紶鍏?null 寮曠敤瀹炲弬銆?[D:\work\1-xk\code\lbl\AgentManagement.Avalonia.csproj]
         D:\work\1-xk\code\lbl\ViewModels\rate\yuce\indexViewModel.cs(1039,71): warning CS8604: 鈥渄ecimal indexViewModel.GetSafeValue<decimal>(JObject data, string propertyName, decimal defaultValue)鈥濅腑鐨勫舰鍙傗€渄ata鈥濆彲鑳戒紶鍏?null 寮曠敤瀹炲弬銆?[D:\work\1-xk\code\lbl\AgentManagement.Avalonia.csproj]
         D:\work\1-xk\code\lbl\ViewModels\rate\yuce\indexViewModel.cs(1040,71): warning CS8604: 鈥渄ecimal indexViewModel.GetSafeValue<decimal>(JObject data, string propertyName, decimal defaultValue)鈥濅腑鐨勫舰鍙傗€渄ata鈥濆彲鑳戒紶鍏?null 寮曠敤瀹炲弬銆?[D:\work\1-xk\code\lbl\AgentManagement.Avalonia.csproj]
         D:\work\1-xk\code\lbl\ViewModels\rate\yuce\indexViewModel.cs(1246,113): warning CS8602: 瑙ｅ紩鐢ㄥ彲鑳藉嚭鐜扮┖寮曠敤銆?[D:\work\1-xk\code\lbl\AgentManagement.Avalonia.csproj]
         D:\work\1-xk\code\lbl\ViewModels\rate\yuce\indexViewModel.cs(1957,25): warning CS4014: 鐢变簬姝よ皟鐢ㄤ笉浼氱瓑寰咃紝鍥犳鍦ㄦ璋冪敤瀹屾垚涔嬪墠灏嗕細缁х画鎵ц褰撳墠鏂规硶銆傝鑰冭檻灏?"await" 杩愮畻绗﹀簲鐢ㄤ簬璋冪敤缁撴灉銆?[D:\work\1-xk\code\lbl\AgentManagement.Avalonia.csproj]
         D:\work\1-xk\code\lbl\ViewModels\rate\yuce\indexViewModel.cs(2006,22): warning CS0219: 鍙橀噺鈥渋sConfirmed鈥濆凡琚祴鍊硷紝浣嗕粠鏈娇鐢ㄨ繃瀹冪殑鍊?[D:\work\1-xk\code\lbl\AgentManagement.Avalonia.csproj]
         D:\work\1-xk\code\lbl\ViewModels\rate\yuce\indexViewModel.cs(2287,65): warning CS8604: 鈥淭ask<bool?> ImportOptionsDialog.ShowDialogAsync(Window owner)鈥濅腑鐨勫舰鍙傗€渙wner鈥濆彲鑳戒紶鍏?null 寮曠敤瀹炲弬銆?[D:\work\1-xk\code\lbl\AgentManagement.Avalonia.csproj]
         D:\work\1-xk\code\lbl\ViewModels\rate\yuce\indexViewModel.cs(2404,56): warning CS8604: 鈥渧oid File.WriteAllBytes(string path, byte[] bytes)鈥濅腑鐨勫舰鍙傗€渂ytes鈥濆彲鑳戒紶鍏?null 寮曠敤瀹炲弬銆?[D:\work\1-xk\code\lbl\AgentManagement.Avalonia.csproj]
         D:\work\1-xk\code\lbl\ViewModels\rate\yuce\indexViewModel.cs(2564,24): warning CS8603: 鍙兘杩斿洖 null 寮曠敤銆?[D:\work\1-xk\code\lbl\AgentManagement.Avalonia.csproj]
         D:\work\1-xk\code\lbl\ViewModels\rate\marketfact\indexViewModel.cs(271,42): warning MVVMTK0034: The field AgentManagement.Avalonia.ViewModels.rate.marketfact.indexViewModel._cwEmployees is annotated with [ObservableProperty] and should not be directly referenced (use the generated property instead) (https://aka.ms/mvvmtoolkit/errors/mvvmtk0034) [D:\work\1-xk\code\lbl\AgentManagement.Avalonia.csproj]
         D:\work\1-xk\code\lbl\ViewModels\rate\marketfact\indexViewModel.cs(272,41): warning MVVMTK0034: The field AgentManagement.Avalonia.ViewModels.rate.marketfact.indexViewModel._cwVehicles is annotated with [ObservableProperty] and should not be directly referenced (use the generated property instead) (https://aka.ms/mvvmtoolkit/errors/mvvmtk0034) [D:\work\1-xk\code\lbl\AgentManagement.Avalonia.csproj]
         D:\work\1-xk\code\lbl\ViewModels\rate\marketfact\indexViewModel.cs(273,44): warning MVVMTK0034: The field AgentManagement.Avalonia.ViewModels.rate.marketfact.indexViewModel._cwSpecialFund is annotated with [ObservableProperty] and should not be directly referenced (use the generated property instead) (https://aka.ms/mvvmtoolkit/errors/mvvmtk0034) [D:\work\1-xk\code\lbl\AgentManagement.Avalonia.csproj]
         D:\work\1-xk\code\lbl\ViewModels\rate\marketfact\indexViewModel.cs(274,42): warning MVVMTK0034: The field AgentManagement.Avalonia.ViewModels.rate.marketfact.indexViewModel._tnEmployees is annotated with [ObservableProperty] and should not be directly referenced (use the generated property instead) (https://aka.ms/mvvmtoolkit/errors/mvvmtk0034) [D:\work\1-xk\code\lbl\AgentManagement.Avalonia.csproj]
         D:\work\1-xk\code\lbl\ViewModels\rate\marketfact\indexViewModel.cs(275,41): warning MVVMTK0034: The field AgentManagement.Avalonia.ViewModels.rate.marketfact.indexViewModel._tnVehicles is annotated with [ObservableProperty] and should not be directly referenced (use the generated property instead) (https://aka.ms/mvvmtoolkit/errors/mvvmtk0034) [D:\work\1-xk\code\lbl\AgentManagement.Avalonia.csproj]
         D:\work\1-xk\code\lbl\ViewModels\rate\marketfact\indexViewModel.cs(276,44): warning MVVMTK0034: The field AgentManagement.Avalonia.ViewModels.rate.marketfact.indexViewModel._tnSpecialFund is annotated with [ObservableProperty] and should not be directly referenced (use the generated property instead) (https://aka.ms/mvvmtoolkit/errors/mvvmtk0034) [D:\work\1-xk\code\lbl\AgentManagement.Avalonia.csproj]
         D:\work\1-xk\code\lbl\ViewModels\rate\marketfact\indexViewModel.cs(277,50): warning MVVMTK0034: The field AgentManagement.Avalonia.ViewModels.rate.marketfact.indexViewModel._totalMarketCapacity is annotated with [ObservableProperty] and should not be directly referenced (use the generated property instead) (https://aka.ms/mvvmtoolkit/errors/mvvmtk0034) [D:\work\1-xk\code\lbl\AgentManagement.Avalonia.csproj]
         D:\work\1-xk\code\lbl\ViewModels\AgentProductEditViewModel.cs(337,28): warning MVVMTK0039: The method AgentManagement.Avalonia.ViewModels.AgentProductEditViewModel.Save() annotated with [RelayCommand] is async void (make sure to return a Task type instead) (https://aka.ms/mvvmtoolkit/errors/mvvmtk0039) [D:\work\1-xk\code\lbl\AgentManagement.Avalonia.csproj]
         D:\work\1-xk\code\lbl\ViewModels\rate\detailyear\indexViewModel.cs(746,28): warning MVVMTK0039: The method AgentManagement.Avalonia.ViewModels.rate.detailyear.indexViewModel.ExportData() annotated with [RelayCommand] is async void (make sure to return a Task type instead) (https://aka.ms/mvvmtoolkit/errors/mvvmtk0039) [D:\work\1-xk\code\lbl\AgentManagement.Avalonia.csproj]
         D:\work\1-xk\code\lbl\ViewModels\rate\detailyear\indexViewModel.cs(826,28): warning MVVMTK0039: The method AgentManagement.Avalonia.ViewModels.rate.detailyear.indexViewModel.SaveSalesTargetYear() annotated with [RelayCommand] is async void (make sure to return a Task type instead) (https://aka.ms/mvvmtoolkit/errors/mvvmtk0039) [D:\work\1-xk\code\lbl\AgentManagement.Avalonia.csproj]


       鈥淒:\work\1-xk\code\lbl\AgentManagement.Avalonia.sln鈥?榛樿鐩爣) (1:2) ->
       鈥淒:\work\1-xk\code\lbl\AgentManagement.Avalonia.csproj鈥?榛樿鐩爣) (2:6) ->
       (CoreCompile 鐩爣) -> 
         D:\work\1-xk\code\lbl\ViewModels\rate\yuce\indexViewModel.cs(2538,28): error MVVMTK0023: The method AgentManagement.Avalonia.ViewModels.rate.yuce.indexViewModel.AgentManagement.Avalonia.ViewModels.rate.yuce.indexViewModel.ViewDetail(long) cannot be annotated with [RelayCommand], has it has multiple overloads (command methods must be unique within their containing type) (https://aka.ms/mvvmtoolkit/errors/mvvmtk0023) [D:\work\1-xk\code\lbl\AgentManagement.Avalonia.csproj]

    149 涓鍛?
    1 涓敊璇?

宸茬敤鏃堕棿 00:00:02.52
